###############################################################################
#
# IAR ELF Linker V8.22.1.15669/W32 for ARM                10/Aug/2018  10:28:35
# Copyright 2007-2018 IAR Systems AB.
#
#    Output file  =  
#        F:\KWSA\sensors\Pyrometer\_Firmware\EWARM\MainController_DIY\Exe\MainController_DIY.out
#    Map file     =  
#        F:\KWSA\sensors\Pyrometer\_Firmware\EWARM\MainController_DIY\List\MainController_DIY.map
#    Command line =  
#        -f C:\Users\MKHASA~1\AppData\Local\Temp\EWB5C8.tmp
#        (F:\KWSA\sensors\Pyrometer\_Firmware\EWARM\MainController_DIY\Obj\main.o
#        F:\KWSA\sensors\Pyrometer\_Firmware\EWARM\MainController_DIY\Obj\startup_stm32f103xe.o
#        F:\KWSA\sensors\Pyrometer\_Firmware\EWARM\MainController_DIY\Obj\stm32f1xx_hal.o
#        F:\KWSA\sensors\Pyrometer\_Firmware\EWARM\MainController_DIY\Obj\stm32f1xx_hal_adc.o
#        F:\KWSA\sensors\Pyrometer\_Firmware\EWARM\MainController_DIY\Obj\stm32f1xx_hal_adc_ex.o
#        F:\KWSA\sensors\Pyrometer\_Firmware\EWARM\MainController_DIY\Obj\stm32f1xx_hal_cortex.o
#        F:\KWSA\sensors\Pyrometer\_Firmware\EWARM\MainController_DIY\Obj\stm32f1xx_hal_dma.o
#        F:\KWSA\sensors\Pyrometer\_Firmware\EWARM\MainController_DIY\Obj\stm32f1xx_hal_flash.o
#        F:\KWSA\sensors\Pyrometer\_Firmware\EWARM\MainController_DIY\Obj\stm32f1xx_hal_flash_ex.o
#        F:\KWSA\sensors\Pyrometer\_Firmware\EWARM\MainController_DIY\Obj\stm32f1xx_hal_gpio.o
#        F:\KWSA\sensors\Pyrometer\_Firmware\EWARM\MainController_DIY\Obj\stm32f1xx_hal_gpio_ex.o
#        F:\KWSA\sensors\Pyrometer\_Firmware\EWARM\MainController_DIY\Obj\stm32f1xx_hal_i2c.o
#        F:\KWSA\sensors\Pyrometer\_Firmware\EWARM\MainController_DIY\Obj\stm32f1xx_hal_msp.o
#        F:\KWSA\sensors\Pyrometer\_Firmware\EWARM\MainController_DIY\Obj\stm32f1xx_hal_pwr.o
#        F:\KWSA\sensors\Pyrometer\_Firmware\EWARM\MainController_DIY\Obj\stm32f1xx_hal_rcc.o
#        F:\KWSA\sensors\Pyrometer\_Firmware\EWARM\MainController_DIY\Obj\stm32f1xx_hal_rcc_ex.o
#        F:\KWSA\sensors\Pyrometer\_Firmware\EWARM\MainController_DIY\Obj\stm32f1xx_hal_tim.o
#        F:\KWSA\sensors\Pyrometer\_Firmware\EWARM\MainController_DIY\Obj\stm32f1xx_hal_tim_ex.o
#        F:\KWSA\sensors\Pyrometer\_Firmware\EWARM\MainController_DIY\Obj\stm32f1xx_hal_uart.o
#        F:\KWSA\sensors\Pyrometer\_Firmware\EWARM\MainController_DIY\Obj\stm32f1xx_it.o
#        F:\KWSA\sensors\Pyrometer\_Firmware\EWARM\MainController_DIY\Obj\system_stm32f1xx.o
#        --redirect _Printf=_PrintfFull --redirect _Scanf=_ScanfFull -o
#        F:\KWSA\sensors\Pyrometer\_Firmware\EWARM\MainController_DIY\Exe\MainController_DIY.out
#        --map
#        F:\KWSA\sensors\Pyrometer\_Firmware\EWARM\MainController_DIY\List\MainController_DIY.map
#        --config
#        F:\KWSA\sensors\Pyrometer\_Firmware\EWARM/stm32f103xe_flash.icf
#        --semihosting --entry __iar_program_start --vfe --text_out locale)
#
###############################################################################

*******************************************************************************
*** RUNTIME MODEL ATTRIBUTES
***

CppFlavor       = *
__SystemLibrary = DLib
__dlib_version  = 6


*******************************************************************************
*** HEAP SELECTION
***

The basic heap was selected because some modules are built with
size limitations (and not runtime checking), and --advanced_heap
was not specified.


*******************************************************************************
*** PLACEMENT SUMMARY
***

"A0":  place at 0x08000000 { ro section .intvec };
"P1":  place in [from 0x08000000 to 0x0807ffff] { ro };
define block CSTACK with size = 1K, alignment = 8 { };
define block HEAP with size = 512, alignment = 8 { };
"P2":  place in [from 0x20000000 to 0x2000ffff] {
          rw, block CSTACK, block HEAP };
initialize by copy { rw };

  Section            Kind        Address    Size  Object
  -------            ----        -------    ----  ------
"A0":                                      0x130
  .intvec            ro code  0x08000000   0x130  startup_stm32f103xe.o [1]
                            - 0x08000130   0x130

"P1":                                     0x29a8
  .text              ro code  0x08000130   0x9bc  main.o [1]
  .text              ro code  0x08000aec   0x2c4  stm32f1xx_hal_gpio.o [1]
  .text              ro code  0x08000db0    0x28  stm32f1xx_hal.o [1]
  .text              ro code  0x08000dd8    0x1e  stm32f1xx_hal.o [1]
  .rodata            const    0x08000df6     0x2  stm32f1xx_hal_rcc.o [1]
  .text              ro code  0x08000df8   0x41e  stm32f1xx_hal_tim.o [1]
  .text              ro code  0x08001218   0x6bc  stm32f1xx_hal_rcc.o [1]
  .text              ro code  0x080018d4   0x124  stm32f1xx_hal_rcc_ex.o [1]
  .text              ro code  0x080019f8   0x176  stm32f1xx_hal_cortex.o [1]
  .text              ro code  0x08001b70    0x5c  stm32f1xx_hal_tim_ex.o [1]
  .text              ro code  0x08001bcc    0x1a  U32ToDbl.o [4]
  .text              ro code  0x08001be8   0x1a2  DblMul.o [4]
  .text              ro code  0x08001d8c   0x178  DblAdd.o [4]
  .text              ro code  0x08001f04    0x68  DblToFlt.o [4]
  .text              ro code  0x08001f6c    0x28  stm32f1xx_hal.o [1]
  .text              ro code  0x08001f94   0x224  stm32f1xx_hal_msp.o [1]
  .text              ro code  0x080021b8     0xc  stm32f1xx_hal.o [1]
  .text              ro code  0x080021c4     0x2  stm32f1xx_hal_tim.o [1]
  .text              ro code  0x080021c6     0x2  stm32f1xx_hal_tim.o [1]
  .text              ro code  0x080021c8     0x2  stm32f1xx_hal_tim.o [1]
  .text              ro code  0x080021ca     0x2  stm32f1xx_hal_tim_ex.o [1]
  .text              ro code  0x080021cc     0x2  stm32f1xx_hal_tim.o [1]
  .text              ro code  0x080021ce     0x2  stm32f1xx_hal_tim_ex.o [1]
  .text              ro code  0x080021d0    0x86  ABImemcpy.o [5]
  .text              ro code  0x08002258    0xd2  DblSub.o [4]
  .text              ro code  0x0800232c   0x390  stm32f1xx_hal_dma.o [1]
  .text              ro code  0x080026bc   0x106  stm32f1xx_hal_adc.o [1]
  .text              ro code  0x080027c4     0x2  stm32f1xx_hal_adc_ex.o [1]
  .text              ro code  0x080027c6     0x2  stm32f1xx_hal_adc.o [1]
  .text              ro code  0x080027c8    0x68  system_stm32f1xx.o [1]
  .text              ro code  0x08002830    0x56  stm32f1xx_it.o [1]
  .text              ro code  0x08002888    0x10  stm32f1xx_hal.o [1]
  .text              ro code  0x08002898    0x40  zero_init3.o [5]
  .rodata            const    0x080028d8    0x30  main.o [1]
  .text              ro code  0x08002908    0x2c  copy_init3.o [5]
  .text              ro code  0x08002934    0x28  data_init.o [5]
  .iar.init_table    const    0x0800295c    0x24  - Linker created -
  .text              ro code  0x08002980    0x1e  cmain.o [5]
  .text              ro code  0x0800299e     0x4  low_level_init.o [3]
  .text              ro code  0x080029a2     0x4  exit.o [3]
  .text              ro code  0x080029a8     0xa  cexit.o [5]
  .text              ro code  0x080029b4    0x14  exit.o [6]
  .rodata            const    0x080029c8    0x10  stm32f1xx_hal_rcc.o [1]
  .rodata            const    0x080029d8    0x10  system_stm32f1xx.o [1]
  .text              ro code  0x080029e8    0x10  startup_stm32f103xe.o [1]
  .text              ro code  0x080029f8     0xc  cstartup_M.o [5]
  Initializer bytes  const    0x08002a04     0xc  <for P2-1>
  .text              ro code  0x08002a10     0x4  startup_stm32f103xe.o [1]
  .text              ro code  0x08002a14     0x4  startup_stm32f103xe.o [1]
  .text              ro code  0x08002a18     0x4  startup_stm32f103xe.o [1]
  .text              ro code  0x08002a1c     0x4  startup_stm32f103xe.o [1]
  .text              ro code  0x08002a20     0x4  startup_stm32f103xe.o [1]
  .text              ro code  0x08002a24     0x4  startup_stm32f103xe.o [1]
  .text              ro code  0x08002a28     0x4  startup_stm32f103xe.o [1]
  .text              ro code  0x08002a2c     0x4  startup_stm32f103xe.o [1]
  .text              ro code  0x08002a30     0x4  startup_stm32f103xe.o [1]
  .text              ro code  0x08002a34     0x4  startup_stm32f103xe.o [1]
  .text              ro code  0x08002a38     0x4  startup_stm32f103xe.o [1]
  .text              ro code  0x08002a3c     0x4  startup_stm32f103xe.o [1]
  .text              ro code  0x08002a40     0x4  startup_stm32f103xe.o [1]
  .text              ro code  0x08002a44     0x4  startup_stm32f103xe.o [1]
  .text              ro code  0x08002a48     0x4  startup_stm32f103xe.o [1]
  .text              ro code  0x08002a4c     0x4  startup_stm32f103xe.o [1]
  .text              ro code  0x08002a50     0x4  startup_stm32f103xe.o [1]
  .text              ro code  0x08002a54     0x4  startup_stm32f103xe.o [1]
  .text              ro code  0x08002a58     0x4  startup_stm32f103xe.o [1]
  .text              ro code  0x08002a5c     0x4  startup_stm32f103xe.o [1]
  .text              ro code  0x08002a60     0x4  startup_stm32f103xe.o [1]
  .text              ro code  0x08002a64     0x4  startup_stm32f103xe.o [1]
  .text              ro code  0x08002a68     0x4  startup_stm32f103xe.o [1]
  .text              ro code  0x08002a6c     0x4  startup_stm32f103xe.o [1]
  .text              ro code  0x08002a70     0x4  startup_stm32f103xe.o [1]
  .text              ro code  0x08002a74     0x4  startup_stm32f103xe.o [1]
  .text              ro code  0x08002a78     0x4  startup_stm32f103xe.o [1]
  .text              ro code  0x08002a7c     0x4  startup_stm32f103xe.o [1]
  .text              ro code  0x08002a80     0x4  startup_stm32f103xe.o [1]
  .text              ro code  0x08002a84     0x4  startup_stm32f103xe.o [1]
  .text              ro code  0x08002a88     0x4  startup_stm32f103xe.o [1]
  .text              ro code  0x08002a8c     0x4  startup_stm32f103xe.o [1]
  .text              ro code  0x08002a90     0x4  startup_stm32f103xe.o [1]
  .text              ro code  0x08002a94     0x4  startup_stm32f103xe.o [1]
  .text              ro code  0x08002a98     0x4  startup_stm32f103xe.o [1]
  .text              ro code  0x08002a9c     0x4  startup_stm32f103xe.o [1]
  .text              ro code  0x08002aa0     0x4  startup_stm32f103xe.o [1]
  .text              ro code  0x08002aa4     0x4  startup_stm32f103xe.o [1]
  .text              ro code  0x08002aa8     0x4  startup_stm32f103xe.o [1]
  .text              ro code  0x08002aac     0x4  startup_stm32f103xe.o [1]
  .text              ro code  0x08002ab0     0x4  startup_stm32f103xe.o [1]
  .text              ro code  0x08002ab4     0x4  startup_stm32f103xe.o [1]
  .text              ro code  0x08002ab8     0x4  startup_stm32f103xe.o [1]
  .text              ro code  0x08002abc     0x4  startup_stm32f103xe.o [1]
  .text              ro code  0x08002ac0     0x4  startup_stm32f103xe.o [1]
  .text              ro code  0x08002ac4     0x4  startup_stm32f103xe.o [1]
  .text              ro code  0x08002ac8     0x4  startup_stm32f103xe.o [1]
  .text              ro code  0x08002acc     0x4  startup_stm32f103xe.o [1]
  .text              ro code  0x08002ad0     0x4  startup_stm32f103xe.o [1]
  .text              ro code  0x08002ad4     0x4  startup_stm32f103xe.o [1]
  .rodata            const    0x08002ad8     0x0  zero_init3.o [5]
  .rodata            const    0x08002ad8     0x0  copy_init3.o [5]
                            - 0x08002ad8  0x29a8

"P2", part 1 of 3:                           0xc
  P2-1                        0x20000000     0x9  <Init block>
    .data            inited   0x20000000     0x4  main.o [1]
    .data            inited   0x20000004     0x4  system_stm32f1xx.o [1]
    .data            inited   0x20000008     0x1  main.o [1]
                            - 0x20000009     0x9

"P2", part 2 of 3:                         0x4dc
  .bss               zero     0x2000000c   0x400  main.o [1]
  .bss               zero     0x2000040c    0x44  main.o [1]
  .bss               zero     0x20000450    0x40  main.o [1]
  .bss               zero     0x20000490    0x30  main.o [1]
  .bss               zero     0x200004c0     0x4  main.o [1]
  .bss               zero     0x200004c4     0x4  main.o [1]
  .bss               zero     0x200004c8     0x4  main.o [1]
  .bss               zero     0x200004cc     0x4  main.o [1]
  .bss               zero     0x200004d0     0x4  main.o [1]
  .bss               zero     0x200004d4     0x4  main.o [1]
  .bss               zero     0x200004d8     0x4  main.o [1]
  .bss               zero     0x200004dc     0x4  main.o [1]
  .bss               zero     0x200004e0     0x4  stm32f1xx_hal.o [1]
  .bss               zero     0x200004e4     0x1  main.o [1]
                            - 0x200004e5   0x4d9

"P2", part 3 of 3:                         0x400
  CSTACK                      0x200004e8   0x400  <Block>
    CSTACK           uninit   0x200004e8   0x400  <Block tail>
                            - 0x200008e8   0x400


*******************************************************************************
*** INIT TABLE
***

          Address     Size
          -------     ----
Zero (__iar_zero_init3)
    1 destination range, total size 0x4d9:
          0x2000000c  0x4d9

Copy (__iar_copy_init3)
    1 source range, total size 0xc (133% of destination):
          0x08002a04    0xc
    1 destination range, total size 0x9:
          0x20000000    0x9



*******************************************************************************
*** MODULE SUMMARY
***

    Module                  ro code  ro data  rw data
    ------                  -------  -------  -------
F:\KWSA\sensors\Pyrometer\_Firmware\EWARM\MainController_DIY\Obj: [1]
    main.o                    2 492       53    1 242
    startup_stm32f103xe.o       520
    stm32f1xx_hal.o             138                 4
    stm32f1xx_hal_adc.o         264
    stm32f1xx_hal_adc_ex.o        2
    stm32f1xx_hal_cortex.o      374
    stm32f1xx_hal_dma.o         912
    stm32f1xx_hal_gpio.o        708
    stm32f1xx_hal_msp.o         548
    stm32f1xx_hal_rcc.o       1 724       18
    stm32f1xx_hal_rcc_ex.o      292
    stm32f1xx_hal_tim.o       1 062
    stm32f1xx_hal_tim_ex.o       96
    stm32f1xx_it.o               86
    system_stm32f1xx.o          104       20        4
    -------------------------------------------------
    Total:                    9 322       91    1 250

command line: [2]
    -------------------------------------------------
    Total:

dl7M_tlf.a: [3]
    exit.o                        4
    low_level_init.o              4
    -------------------------------------------------
    Total:                        8

m7M_tl.a: [4]
    DblAdd.o                    376
    DblMul.o                    418
    DblSub.o                    210
    DblToFlt.o                  104
    U32ToDbl.o                   26
    -------------------------------------------------
    Total:                    1 134

rt7M_tl.a: [5]
    ABImemcpy.o                 134
    cexit.o                      10
    cmain.o                      30
    copy_init3.o                 44
    cstartup_M.o                 12
    data_init.o                  40
    zero_init3.o                 64
    -------------------------------------------------
    Total:                      334

shb_l.a: [6]
    exit.o                       20
    -------------------------------------------------
    Total:                       20

    Gaps                         20
    Linker created                        39    1 024
-----------------------------------------------------
    Grand Total:             10 838      130    2 274


*******************************************************************************
*** ENTRY LIST
***

Entry                      Address   Size  Type      Object
-----                      -------   ----  ----      ------
.iar.init_table$$Base   0x0800295c          --   Gb  - Linker created -
.iar.init_table$$Limit  0x08002980          --   Gb  - Linker created -
?main                   0x08002981         Code  Gb  cmain.o [5]
ADC1_2_IRQHandler       0x08002857    0xa  Code  Gb  stm32f1xx_it.o [1]
AHBPrescTable           0x080029d8   0x10  Data  Gb  system_stm32f1xx.o [1]
BusFault_Handler        0x08002837    0x2  Code  Gb  stm32f1xx_it.o [1]
CSTACK$$Base            0x200004e8          --   Gb  - Linker created -
CSTACK$$Limit           0x200008e8          --   Gb  - Linker created -
CalcTemp                0x08000963   0x22  Code  Gb  main.o [1]
DMA1_Channel1_IRQHandler
                        0x0800284d    0xa  Code  Gb  stm32f1xx_it.o [1]
DebugMon_Handler        0x0800283d    0x2  Code  Gb  stm32f1xx_it.o [1]
Delay10TCYx             0x08000151   0x16  Code  Gb  main.o [1]
Display                 0x080004e3  0x1ce  Code  Gb  main.o [1]
HAL_ADCEx_InjectedConvCpltCallback
                        0x080027c5    0x2  Code  Wk  stm32f1xx_hal_adc_ex.o [1]
HAL_ADC_ConvCpltCallback
                        0x080006b1   0x28  Code  Gb  main.o [1]
HAL_ADC_IRQHandler      0x080026bd  0x106  Code  Gb  stm32f1xx_hal_adc.o [1]
HAL_DMA_IRQHandler      0x0800232d  0x358  Code  Gb  stm32f1xx_hal_dma.o [1]
HAL_Delay               0x08000dd9   0x1e  Code  Wk  stm32f1xx_hal.o [1]
HAL_GPIO_Init           0x08000aed  0x24c  Code  Gb  stm32f1xx_hal_gpio.o [1]
HAL_GPIO_ReadPin        0x08000d39   0x16  Code  Gb  stm32f1xx_hal_gpio.o [1]
HAL_GPIO_WritePin       0x08000d4f   0x1a  Code  Gb  stm32f1xx_hal_gpio.o [1]
HAL_GetTick             0x080021b9    0xc  Code  Wk  stm32f1xx_hal.o [1]
HAL_IncTick             0x08002889   0x10  Code  Wk  stm32f1xx_hal.o [1]
HAL_Init                0x08000db1   0x22  Code  Gb  stm32f1xx_hal.o [1]
HAL_InitTick            0x08001f6d   0x28  Code  Wk  stm32f1xx_hal.o [1]
HAL_MspInit             0x08001f95   0x98  Code  Gb  stm32f1xx_hal_msp.o [1]
HAL_NVIC_EnableIRQ      0x08001b09    0xe  Code  Gb  stm32f1xx_hal_cortex.o [1]
HAL_NVIC_SetPriority    0x08001adf   0x2a  Code  Gb  stm32f1xx_hal_cortex.o [1]
HAL_NVIC_SetPriorityGrouping
                        0x08001ad3    0xc  Code  Gb  stm32f1xx_hal_cortex.o [1]
HAL_RCCEx_PeriphCLKConfig
                        0x080018d5  0x10e  Code  Gb  stm32f1xx_hal_rcc_ex.o [1]
HAL_RCC_ClockConfig     0x0800166f  0x188  Code  Gb  stm32f1xx_hal_rcc.o [1]
HAL_RCC_GetHCLKFreq     0x08001867    0x6  Code  Gb  stm32f1xx_hal_rcc.o [1]
HAL_RCC_GetSysClockFreq
                        0x080017f7   0x70  Code  Gb  stm32f1xx_hal_rcc.o [1]
HAL_RCC_OscConfig       0x08001219  0x456  Code  Gb  stm32f1xx_hal_rcc.o [1]
HAL_SYSTICK_CLKSourceConfig
                        0x08001b23   0x20  Code  Gb  stm32f1xx_hal_cortex.o [1]
HAL_SYSTICK_Config      0x08001b17    0xc  Code  Gb  stm32f1xx_hal_cortex.o [1]
HAL_SYSTICK_IRQHandler  0x08001b65    0x8  Code  Gb  stm32f1xx_hal_cortex.o [1]
HAL_TIMEx_BreakCallback
                        0x080021cb    0x2  Code  Wk  stm32f1xx_hal_tim_ex.o [1]
HAL_TIMEx_CommutationCallback
                        0x080021cf    0x2  Code  Wk  stm32f1xx_hal_tim_ex.o [1]
HAL_TIMEx_MasterConfigSynchronization
                        0x08001b71   0x5a  Code  Gb  stm32f1xx_hal_tim_ex.o [1]
HAL_TIM_Base_Init       0x08000df9   0x38  Code  Gb  stm32f1xx_hal_tim.o [1]
HAL_TIM_Base_MspInit    0x0800202d  0x168  Code  Gb  stm32f1xx_hal_msp.o [1]
HAL_TIM_Base_Start_IT   0x08000e31   0x1e  Code  Gb  stm32f1xx_hal_tim.o [1]
HAL_TIM_ConfigClockSource
                        0x08000fc5  0x11c  Code  Gb  stm32f1xx_hal_tim.o [1]
HAL_TIM_IRQHandler      0x08000e4f  0x176  Code  Gb  stm32f1xx_hal_tim.o [1]
HAL_TIM_PeriodElapsedCallback
                        0x080004b9   0x2a  Code  Gb  main.o [1]
HardFault_Handler       0x08002833    0x2  Code  Gb  stm32f1xx_it.o [1]
MCUinit                 0x08000131   0x20  Code  Gb  main.o [1]
MX_GPIO_Init            0x0800034b   0xd8  Code  Gb  main.o [1]
MX_TIM2_Init            0x08000423   0x96  Code  Lc  main.o [1]
MemManage_Handler       0x08002835    0x2  Code  Gb  stm32f1xx_it.o [1]
MemRead                 0x080008a9   0xba  Code  Gb  main.o [1]
NMI_Handler             0x08002831    0x2  Code  Gb  stm32f1xx_it.o [1]
NVIC_EnableIRQ          0x08001a1f   0x16  Code  Lc  stm32f1xx_hal_cortex.o [1]
NVIC_EncodePriority     0x08001a61   0x42  Code  Lc  stm32f1xx_hal_cortex.o [1]
NVIC_GetPriorityGrouping
                        0x08001a15    0xa  Code  Lc  stm32f1xx_hal_cortex.o [1]
NVIC_SetPriority        0x08001a35   0x2c  Code  Lc  stm32f1xx_hal_cortex.o [1]
NVIC_SetPriorityGrouping
                        0x080019f9   0x1c  Code  Lc  stm32f1xx_hal_cortex.o [1]
Nop                     0x08000169    0x4  Code  Gb  main.o [1]
PEC_calculation         0x08000985  0x114  Code  Gb  main.o [1]
PendSV_Handler          0x0800283f    0x2  Code  Gb  stm32f1xx_it.o [1]
RCC_Delay               0x0800186d   0x26  Code  Lc  stm32f1xx_hal_rcc.o [1]
RX_byte                 0x08000873   0x36  Code  Gb  main.o [1]
ReadSDA                 0x080006d9   0x1a  Code  Gb  main.o [1]
Receive_bit             0x08000827   0x4c  Code  Gb  main.o [1]
Region$$Table$$Base     0x0800295c          --   Gb  - Linker created -
Region$$Table$$Limit    0x08002980          --   Gb  - Linker created -
START_bit               0x080006f3   0x54  Code  Gb  main.o [1]
STOP_bit                0x08000747   0x4e  Code  Gb  main.o [1]
SVC_Handler             0x0800283b    0x2  Code  Gb  stm32f1xx_it.o [1]
SysTick_Config          0x08001aa3   0x30  Code  Lc  stm32f1xx_hal_cortex.o [1]
SysTick_Handler         0x08002841    0xc  Code  Gb  stm32f1xx_it.o [1]
SystemClock_Config      0x08000291   0xb8  Code  Gb  main.o [1]
SystemCoreClock         0x20000004    0x4  Data  Gb  system_stm32f1xx.o [1]
SystemInit              0x080027c9   0x4e  Code  Gb  system_stm32f1xx.o [1]
TIM2_IRQHandler         0x08002861    0xa  Code  Gb  stm32f1xx_it.o [1]
TIM3_IRQHandler         0x08002879    0x2  Code  Gb  stm32f1xx_it.o [1]
TIM5_IRQHandler         0x08002881    0x2  Code  Gb  stm32f1xx_it.o [1]
TIM6_IRQHandler         0x08002883    0x2  Code  Gb  stm32f1xx_it.o [1]
TIM7_IRQHandler         0x08002885    0x2  Code  Gb  stm32f1xx_it.o [1]
TIM8_UP_IRQHandler      0x0800287f    0x2  Code  Gb  stm32f1xx_it.o [1]
TIM_Base_SetConfig      0x080010e1   0x9a  Code  Gb  stm32f1xx_hal_tim.o [1]
TIM_ETR_SetConfig       0x080011fd   0x1a  Code  Lc  stm32f1xx_hal_tim.o [1]
TIM_ITRx_SetConfig      0x080011e3   0x1a  Code  Lc  stm32f1xx_hal_tim.o [1]
TIM_TI1_ConfigInputStage
                        0x08001191   0x28  Code  Lc  stm32f1xx_hal_tim.o [1]
TIM_TI2_ConfigInputStage
                        0x080011b9   0x2a  Code  Lc  stm32f1xx_hal_tim.o [1]
TX_byte                 0x08000795   0x32  Code  Gb  main.o [1]
USART1_IRQHandler       0x0800287b    0x2  Code  Gb  stm32f1xx_it.o [1]
USART2_IRQHandler       0x0800287d    0x2  Code  Gb  stm32f1xx_it.o [1]
UsageFault_Handler      0x08002839    0x2  Code  Gb  stm32f1xx_it.o [1]
_Error_Handler          0x08000349    0x2  Code  Gb  main.o [1]
__aeabi_d2f             0x08001f05         Code  Gb  DblToFlt.o [4]
__aeabi_dadd            0x08001d8d         Code  Gb  DblAdd.o [4]
__aeabi_dmul            0x08001be9         Code  Gb  DblMul.o [4]
__aeabi_memcpy4         0x080021d1         Code  Gb  ABImemcpy.o [5]
__aeabi_memcpy8         0x080021d1         Code  Gb  ABImemcpy.o [5]
__aeabi_ui2d            0x08001bcd         Code  Gb  U32ToDbl.o [4]
__cmain                 0x08002981         Code  Gb  cmain.o [5]
__exit                  0x080029b5   0x14  Code  Gb  exit.o [6]
__iar_copy_init3        0x08002909   0x2c  Code  Gb  copy_init3.o [5]
__iar_dadd              0x08002259         Code  Gb  DblSub.o [4]
__iar_data_init3        0x08002935   0x28  Code  Gb  data_init.o [5]
__iar_dsub              0x08001d9d         Code  Gb  DblAdd.o [4]
__iar_dsubStart         0x08001daf         Code  Gb  DblAdd.o [4]
__iar_program_start     0x080029f9         Code  Gb  cstartup_M.o [5]
__iar_systems$$module {Abs}
                        0x00000001         Data  Gb  command line/config [2]
__iar_zero_init3        0x08002899   0x40  Code  Gb  zero_init3.o [5]
__low_level_init        0x0800299f    0x4  Code  Gb  low_level_init.o [3]
__vector_table          0x08000000         Data  Gb  startup_stm32f103xe.o [1]
_call_main              0x0800298d         Code  Gb  cmain.o [5]
_exit                   0x080029a9         Code  Gb  cexit.o [5]
_main                   0x0800299b         Code  Gb  cmain.o [5]
bitPosition             0x20000008    0x1  Data  Gb  main.o [1]
data                    0x200004d4    0x4  Data  Gb  main.o [1]
exit                    0x080029a3    0x4  Code  Gb  exit.o [3]
g_ADCBuffer             0x2000000c  0x400  Data  Gb  main.o [1]
g_ADCValueDMA           0x200004cc    0x4  Data  Gb  main.o [1]
g_AdcHandle             0x20000490   0x30  Data  Gb  main.o [1]
g_DmaHandle             0x2000040c   0x44  Data  Gb  main.o [1]
htim2                   0x20000450   0x40  Data  Gb  main.o [1]
main                    0x0800016d  0x124  Code  Gb  main.o [1]
ret                     0x200004c0    0x4  Data  Lc  main.o [1]
send_bit                0x080007c7   0x60  Code  Gb  main.o [1]
shift                   0x200004c8    0x4  Data  Lc  main.o [1]
success                 0x200004e4    0x1  Data  Gb  main.o [1]
tempCelcius             0x200004d8    0x4  Data  Gb  main.o [1]
timer2Tick              0x200004c4    0x4  Data  Lc  main.o [1]
turn                    0x200004d0    0x4  Data  Gb  main.o [1]
uwTick                  0x200004e0    0x4  Data  Gb  stm32f1xx_hal.o [1]
val                     0x20000000    0x4  Data  Gb  main.o [1]
value                   0x200004dc    0x4  Data  Gb  main.o [1]


[1] = F:\KWSA\sensors\Pyrometer\_Firmware\EWARM\MainController_DIY\Obj
[2] = command line
[3] = dl7M_tlf.a
[4] = m7M_tl.a
[5] = rt7M_tl.a
[6] = shb_l.a

  10 838 bytes of readonly  code memory
     130 bytes of readonly  data memory
   2 274 bytes of readwrite data memory

Errors: none
Warnings: none
