###############################################################################
#
# IAR ELF Linker V8.22.1.15669/W32 for ARM                10/Aug/2018  10:55:58
# Copyright 2007-2018 IAR Systems AB.
#
#    Output file  =  
#        F:\KWSA\sensors\Pyrometer\_Firmware\EWARM\MainController_DIY\Exe\MainController_DIY.out
#    Map file     =  
#        F:\KWSA\sensors\Pyrometer\_Firmware\EWARM\MainController_DIY\List\MainController_DIY.map
#    Command line =  
#        -f C:\Users\MKHASA~1\AppData\Local\Temp\EWC9E3.tmp
#        (F:\KWSA\sensors\Pyrometer\_Firmware\EWARM\MainController_DIY\Obj\main.o
#        F:\KWSA\sensors\Pyrometer\_Firmware\EWARM\MainController_DIY\Obj\startup_stm32f103xe.o
#        F:\KWSA\sensors\Pyrometer\_Firmware\EWARM\MainController_DIY\Obj\stm32f1xx_hal.o
#        F:\KWSA\sensors\Pyrometer\_Firmware\EWARM\MainController_DIY\Obj\stm32f1xx_hal_adc.o
#        F:\KWSA\sensors\Pyrometer\_Firmware\EWARM\MainController_DIY\Obj\stm32f1xx_hal_adc_ex.o
#        F:\KWSA\sensors\Pyrometer\_Firmware\EWARM\MainController_DIY\Obj\stm32f1xx_hal_cortex.o
#        F:\KWSA\sensors\Pyrometer\_Firmware\EWARM\MainController_DIY\Obj\stm32f1xx_hal_dma.o
#        F:\KWSA\sensors\Pyrometer\_Firmware\EWARM\MainController_DIY\Obj\stm32f1xx_hal_flash.o
#        F:\KWSA\sensors\Pyrometer\_Firmware\EWARM\MainController_DIY\Obj\stm32f1xx_hal_flash_ex.o
#        F:\KWSA\sensors\Pyrometer\_Firmware\EWARM\MainController_DIY\Obj\stm32f1xx_hal_gpio.o
#        F:\KWSA\sensors\Pyrometer\_Firmware\EWARM\MainController_DIY\Obj\stm32f1xx_hal_gpio_ex.o
#        F:\KWSA\sensors\Pyrometer\_Firmware\EWARM\MainController_DIY\Obj\stm32f1xx_hal_i2c.o
#        F:\KWSA\sensors\Pyrometer\_Firmware\EWARM\MainController_DIY\Obj\stm32f1xx_hal_msp.o
#        F:\KWSA\sensors\Pyrometer\_Firmware\EWARM\MainController_DIY\Obj\stm32f1xx_hal_pwr.o
#        F:\KWSA\sensors\Pyrometer\_Firmware\EWARM\MainController_DIY\Obj\stm32f1xx_hal_rcc.o
#        F:\KWSA\sensors\Pyrometer\_Firmware\EWARM\MainController_DIY\Obj\stm32f1xx_hal_rcc_ex.o
#        F:\KWSA\sensors\Pyrometer\_Firmware\EWARM\MainController_DIY\Obj\stm32f1xx_hal_tim.o
#        F:\KWSA\sensors\Pyrometer\_Firmware\EWARM\MainController_DIY\Obj\stm32f1xx_hal_tim_ex.o
#        F:\KWSA\sensors\Pyrometer\_Firmware\EWARM\MainController_DIY\Obj\stm32f1xx_hal_uart.o
#        F:\KWSA\sensors\Pyrometer\_Firmware\EWARM\MainController_DIY\Obj\stm32f1xx_it.o
#        F:\KWSA\sensors\Pyrometer\_Firmware\EWARM\MainController_DIY\Obj\system_stm32f1xx.o
#        --redirect _Printf=_PrintfFull --redirect _Scanf=_ScanfFull -o
#        F:\KWSA\sensors\Pyrometer\_Firmware\EWARM\MainController_DIY\Exe\MainController_DIY.out
#        --map
#        F:\KWSA\sensors\Pyrometer\_Firmware\EWARM\MainController_DIY\List\MainController_DIY.map
#        --config
#        F:\KWSA\sensors\Pyrometer\_Firmware\EWARM/stm32f103xe_flash.icf
#        --semihosting --entry __iar_program_start --vfe --text_out locale)
#
###############################################################################

*******************************************************************************
*** RUNTIME MODEL ATTRIBUTES
***

CppFlavor       = *
__SystemLibrary = DLib
__dlib_version  = 6


*******************************************************************************
*** HEAP SELECTION
***

The basic heap was selected because some modules are built with
size limitations (and not runtime checking), and --advanced_heap
was not specified.


*******************************************************************************
*** PLACEMENT SUMMARY
***

"A0":  place at 0x08000000 { ro section .intvec };
"P1":  place in [from 0x08000000 to 0x0807ffff] { ro };
define block CSTACK with size = 1K, alignment = 8 { };
define block HEAP with size = 512, alignment = 8 { };
"P2":  place in [from 0x20000000 to 0x2000ffff] {
          rw, block CSTACK, block HEAP };
initialize by copy { rw };

  Section            Kind        Address    Size  Object
  -------            ----        -------    ----  ------
"A0":                                      0x130
  .intvec            ro code  0x08000000   0x130  startup_stm32f103xe.o [1]
                            - 0x08000130   0x130

"P1":                                     0x2b90
  .text              ro code  0x08000130   0xa66  main.o [1]
  .rodata            const    0x08000b96     0x2  stm32f1xx_hal_rcc.o [1]
  .text              ro code  0x08000b98   0x2c4  stm32f1xx_hal_gpio.o [1]
  .text              ro code  0x08000e5c    0x28  stm32f1xx_hal.o [1]
  .text              ro code  0x08000e84    0x1e  stm32f1xx_hal.o [1]
  .text              ro code  0x08000ea4   0x41e  stm32f1xx_hal_tim.o [1]
  .text              ro code  0x080012c4   0x6bc  stm32f1xx_hal_rcc.o [1]
  .text              ro code  0x08001980   0x124  stm32f1xx_hal_rcc_ex.o [1]
  .text              ro code  0x08001aa4   0x176  stm32f1xx_hal_cortex.o [1]
  .text              ro code  0x08001c1c    0x5c  stm32f1xx_hal_tim_ex.o [1]
  .text              ro code  0x08001c78    0x1a  U32ToDbl.o [4]
  .text              ro code  0x08001c94   0x1a2  DblMul.o [4]
  .text              ro code  0x08001e38   0x178  DblAdd.o [4]
  .text              ro code  0x08001fb0    0x68  DblToFlt.o [4]
  .text              ro code  0x08002018    0x24  FltCmpLe.o [4]
  .text              ro code  0x0800203c    0x1c  U32ToFlt.o [4]
  .text              ro code  0x08002058    0xd8  FltMul.o [4]
  .text              ro code  0x08002130    0x22  FltToU32.o [4]
  .text              ro code  0x08002154    0x28  stm32f1xx_hal.o [1]
  .text              ro code  0x0800217c   0x224  stm32f1xx_hal_msp.o [1]
  .text              ro code  0x080023a0     0xc  stm32f1xx_hal.o [1]
  .text              ro code  0x080023ac     0x2  stm32f1xx_hal_tim.o [1]
  .text              ro code  0x080023ae     0x2  stm32f1xx_hal_tim.o [1]
  .text              ro code  0x080023b0     0x2  stm32f1xx_hal_tim.o [1]
  .text              ro code  0x080023b2     0x2  stm32f1xx_hal_tim_ex.o [1]
  .text              ro code  0x080023b4     0x2  stm32f1xx_hal_tim.o [1]
  .text              ro code  0x080023b6     0x2  stm32f1xx_hal_tim_ex.o [1]
  .text              ro code  0x080023b8    0x86  ABImemcpy.o [5]
  .text              ro code  0x08002440    0xd2  DblSub.o [4]
  .text              ro code  0x08002514   0x390  stm32f1xx_hal_dma.o [1]
  .text              ro code  0x080028a4   0x106  stm32f1xx_hal_adc.o [1]
  .text              ro code  0x080029ac     0x2  stm32f1xx_hal_adc_ex.o [1]
  .text              ro code  0x080029ae     0x2  stm32f1xx_hal_adc.o [1]
  .text              ro code  0x080029b0    0x68  system_stm32f1xx.o [1]
  .text              ro code  0x08002a18    0x56  stm32f1xx_it.o [1]
  .text              ro code  0x08002a70    0x10  stm32f1xx_hal.o [1]
  .text              ro code  0x08002a80    0x40  zero_init3.o [5]
  .rodata            const    0x08002ac0    0x30  main.o [1]
  .text              ro code  0x08002af0    0x2c  copy_init3.o [5]
  .text              ro code  0x08002b1c    0x28  data_init.o [5]
  .iar.init_table    const    0x08002b44    0x24  - Linker created -
  .text              ro code  0x08002b68    0x1e  cmain.o [5]
  .text              ro code  0x08002b86     0x4  low_level_init.o [3]
  .text              ro code  0x08002b8a     0x4  exit.o [3]
  .text              ro code  0x08002b90     0xa  cexit.o [5]
  .text              ro code  0x08002b9c    0x14  exit.o [6]
  .rodata            const    0x08002bb0    0x10  stm32f1xx_hal_rcc.o [1]
  .rodata            const    0x08002bc0    0x10  system_stm32f1xx.o [1]
  .text              ro code  0x08002bd0    0x10  startup_stm32f103xe.o [1]
  .text              ro code  0x08002be0     0xc  cstartup_M.o [5]
  Initializer bytes  const    0x08002bec     0xc  <for P2-1>
  .text              ro code  0x08002bf8     0x4  startup_stm32f103xe.o [1]
  .text              ro code  0x08002bfc     0x4  startup_stm32f103xe.o [1]
  .text              ro code  0x08002c00     0x4  startup_stm32f103xe.o [1]
  .text              ro code  0x08002c04     0x4  startup_stm32f103xe.o [1]
  .text              ro code  0x08002c08     0x4  startup_stm32f103xe.o [1]
  .text              ro code  0x08002c0c     0x4  startup_stm32f103xe.o [1]
  .text              ro code  0x08002c10     0x4  startup_stm32f103xe.o [1]
  .text              ro code  0x08002c14     0x4  startup_stm32f103xe.o [1]
  .text              ro code  0x08002c18     0x4  startup_stm32f103xe.o [1]
  .text              ro code  0x08002c1c     0x4  startup_stm32f103xe.o [1]
  .text              ro code  0x08002c20     0x4  startup_stm32f103xe.o [1]
  .text              ro code  0x08002c24     0x4  startup_stm32f103xe.o [1]
  .text              ro code  0x08002c28     0x4  startup_stm32f103xe.o [1]
  .text              ro code  0x08002c2c     0x4  startup_stm32f103xe.o [1]
  .text              ro code  0x08002c30     0x4  startup_stm32f103xe.o [1]
  .text              ro code  0x08002c34     0x4  startup_stm32f103xe.o [1]
  .text              ro code  0x08002c38     0x4  startup_stm32f103xe.o [1]
  .text              ro code  0x08002c3c     0x4  startup_stm32f103xe.o [1]
  .text              ro code  0x08002c40     0x4  startup_stm32f103xe.o [1]
  .text              ro code  0x08002c44     0x4  startup_stm32f103xe.o [1]
  .text              ro code  0x08002c48     0x4  startup_stm32f103xe.o [1]
  .text              ro code  0x08002c4c     0x4  startup_stm32f103xe.o [1]
  .text              ro code  0x08002c50     0x4  startup_stm32f103xe.o [1]
  .text              ro code  0x08002c54     0x4  startup_stm32f103xe.o [1]
  .text              ro code  0x08002c58     0x4  startup_stm32f103xe.o [1]
  .text              ro code  0x08002c5c     0x4  startup_stm32f103xe.o [1]
  .text              ro code  0x08002c60     0x4  startup_stm32f103xe.o [1]
  .text              ro code  0x08002c64     0x4  startup_stm32f103xe.o [1]
  .text              ro code  0x08002c68     0x4  startup_stm32f103xe.o [1]
  .text              ro code  0x08002c6c     0x4  startup_stm32f103xe.o [1]
  .text              ro code  0x08002c70     0x4  startup_stm32f103xe.o [1]
  .text              ro code  0x08002c74     0x4  startup_stm32f103xe.o [1]
  .text              ro code  0x08002c78     0x4  startup_stm32f103xe.o [1]
  .text              ro code  0x08002c7c     0x4  startup_stm32f103xe.o [1]
  .text              ro code  0x08002c80     0x4  startup_stm32f103xe.o [1]
  .text              ro code  0x08002c84     0x4  startup_stm32f103xe.o [1]
  .text              ro code  0x08002c88     0x4  startup_stm32f103xe.o [1]
  .text              ro code  0x08002c8c     0x4  startup_stm32f103xe.o [1]
  .text              ro code  0x08002c90     0x4  startup_stm32f103xe.o [1]
  .text              ro code  0x08002c94     0x4  startup_stm32f103xe.o [1]
  .text              ro code  0x08002c98     0x4  startup_stm32f103xe.o [1]
  .text              ro code  0x08002c9c     0x4  startup_stm32f103xe.o [1]
  .text              ro code  0x08002ca0     0x4  startup_stm32f103xe.o [1]
  .text              ro code  0x08002ca4     0x4  startup_stm32f103xe.o [1]
  .text              ro code  0x08002ca8     0x4  startup_stm32f103xe.o [1]
  .text              ro code  0x08002cac     0x4  startup_stm32f103xe.o [1]
  .text              ro code  0x08002cb0     0x4  startup_stm32f103xe.o [1]
  .text              ro code  0x08002cb4     0x4  startup_stm32f103xe.o [1]
  .text              ro code  0x08002cb8     0x4  startup_stm32f103xe.o [1]
  .text              ro code  0x08002cbc     0x4  startup_stm32f103xe.o [1]
  .rodata            const    0x08002cc0     0x0  zero_init3.o [5]
  .rodata            const    0x08002cc0     0x0  copy_init3.o [5]
                            - 0x08002cc0  0x2b90

"P2", part 1 of 3:                           0xc
  P2-1                        0x20000000     0x9  <Init block>
    .data            inited   0x20000000     0x4  main.o [1]
    .data            inited   0x20000004     0x4  system_stm32f1xx.o [1]
    .data            inited   0x20000008     0x1  main.o [1]
                            - 0x20000009     0x9

"P2", part 2 of 3:                         0x4dc
  .bss               zero     0x2000000c   0x400  main.o [1]
  .bss               zero     0x2000040c    0x44  main.o [1]
  .bss               zero     0x20000450    0x40  main.o [1]
  .bss               zero     0x20000490    0x30  main.o [1]
  .bss               zero     0x200004c0     0x4  main.o [1]
  .bss               zero     0x200004c4     0x4  main.o [1]
  .bss               zero     0x200004c8     0x4  main.o [1]
  .bss               zero     0x200004cc     0x4  main.o [1]
  .bss               zero     0x200004d0     0x4  main.o [1]
  .bss               zero     0x200004d4     0x4  main.o [1]
  .bss               zero     0x200004d8     0x4  main.o [1]
  .bss               zero     0x200004dc     0x4  main.o [1]
  .bss               zero     0x200004e0     0x4  stm32f1xx_hal.o [1]
  .bss               zero     0x200004e4     0x1  main.o [1]
                            - 0x200004e5   0x4d9

"P2", part 3 of 3:                         0x400
  CSTACK                      0x200004e8   0x400  <Block>
    CSTACK           uninit   0x200004e8   0x400  <Block tail>
                            - 0x200008e8   0x400


*******************************************************************************
*** INIT TABLE
***

          Address     Size
          -------     ----
Zero (__iar_zero_init3)
    1 destination range, total size 0x4d9:
          0x2000000c  0x4d9

Copy (__iar_copy_init3)
    1 source range, total size 0xc (133% of destination):
          0x08002bec    0xc
    1 destination range, total size 0x9:
          0x20000000    0x9



*******************************************************************************
*** MODULE SUMMARY
***

    Module                  ro code  ro data  rw data
    ------                  -------  -------  -------
F:\KWSA\sensors\Pyrometer\_Firmware\EWARM\MainController_DIY\Obj: [1]
    main.o                    2 662       53    1 242
    startup_stm32f103xe.o       520
    stm32f1xx_hal.o             138                 4
    stm32f1xx_hal_adc.o         264
    stm32f1xx_hal_adc_ex.o        2
    stm32f1xx_hal_cortex.o      374
    stm32f1xx_hal_dma.o         912
    stm32f1xx_hal_gpio.o        708
    stm32f1xx_hal_msp.o         548
    stm32f1xx_hal_rcc.o       1 724       18
    stm32f1xx_hal_rcc_ex.o      292
    stm32f1xx_hal_tim.o       1 062
    stm32f1xx_hal_tim_ex.o       96
    stm32f1xx_it.o               86
    system_stm32f1xx.o          104       20        4
    -------------------------------------------------
    Total:                    9 492       91    1 250

command line: [2]
    -------------------------------------------------
    Total:

dl7M_tlf.a: [3]
    exit.o                        4
    low_level_init.o              4
    -------------------------------------------------
    Total:                        8

m7M_tl.a: [4]
    DblAdd.o                    376
    DblMul.o                    418
    DblSub.o                    210
    DblToFlt.o                  104
    FltCmpLe.o                   36
    FltMul.o                    216
    FltToU32.o                   34
    U32ToDbl.o                   26
    U32ToFlt.o                   28
    -------------------------------------------------
    Total:                    1 448

rt7M_tl.a: [5]
    ABImemcpy.o                 134
    cexit.o                      10
    cmain.o                      30
    copy_init3.o                 44
    cstartup_M.o                 12
    data_init.o                  40
    zero_init3.o                 64
    -------------------------------------------------
    Total:                      334

shb_l.a: [6]
    exit.o                       20
    -------------------------------------------------
    Total:                       20

    Gaps                         24
    Linker created                        39    1 024
-----------------------------------------------------
    Grand Total:             11 326      130    2 274


*******************************************************************************
*** ENTRY LIST
***

Entry                      Address   Size  Type      Object
-----                      -------   ----  ----      ------
.iar.init_table$$Base   0x08002b44          --   Gb  - Linker created -
.iar.init_table$$Limit  0x08002b68          --   Gb  - Linker created -
?main                   0x08002b69         Code  Gb  cmain.o [5]
ADC1_2_IRQHandler       0x08002a3f    0xa  Code  Gb  stm32f1xx_it.o [1]
AHBPrescTable           0x08002bc0   0x10  Data  Gb  system_stm32f1xx.o [1]
BusFault_Handler        0x08002a1f    0x2  Code  Gb  stm32f1xx_it.o [1]
CSTACK$$Base            0x200004e8          --   Gb  - Linker created -
CSTACK$$Limit           0x200008e8          --   Gb  - Linker created -
CalcTemp                0x08000983   0x22  Code  Gb  main.o [1]
DMA1_Channel1_IRQHandler
                        0x08002a35    0xa  Code  Gb  stm32f1xx_it.o [1]
DebugMon_Handler        0x08002a25    0x2  Code  Gb  stm32f1xx_it.o [1]
Delay10TCYx             0x08000151   0x16  Code  Gb  main.o [1]
Display                 0x080004f1  0x1e0  Code  Gb  main.o [1]
GetDigits               0x08000b0d   0x8a  Code  Gb  main.o [1]
HAL_ADCEx_InjectedConvCpltCallback
                        0x080029ad    0x2  Code  Wk  stm32f1xx_hal_adc_ex.o [1]
HAL_ADC_ConvCpltCallback
                        0x080006d1   0x28  Code  Gb  main.o [1]
HAL_ADC_IRQHandler      0x080028a5  0x106  Code  Gb  stm32f1xx_hal_adc.o [1]
HAL_DMA_IRQHandler      0x08002515  0x358  Code  Gb  stm32f1xx_hal_dma.o [1]
HAL_Delay               0x08000e85   0x1e  Code  Wk  stm32f1xx_hal.o [1]
HAL_GPIO_Init           0x08000b99  0x24c  Code  Gb  stm32f1xx_hal_gpio.o [1]
HAL_GPIO_ReadPin        0x08000de5   0x16  Code  Gb  stm32f1xx_hal_gpio.o [1]
HAL_GPIO_WritePin       0x08000dfb   0x1a  Code  Gb  stm32f1xx_hal_gpio.o [1]
HAL_GetTick             0x080023a1    0xc  Code  Wk  stm32f1xx_hal.o [1]
HAL_IncTick             0x08002a71   0x10  Code  Wk  stm32f1xx_hal.o [1]
HAL_Init                0x08000e5d   0x22  Code  Gb  stm32f1xx_hal.o [1]
HAL_InitTick            0x08002155   0x28  Code  Wk  stm32f1xx_hal.o [1]
HAL_MspInit             0x0800217d   0x98  Code  Gb  stm32f1xx_hal_msp.o [1]
HAL_NVIC_EnableIRQ      0x08001bb5    0xe  Code  Gb  stm32f1xx_hal_cortex.o [1]
HAL_NVIC_SetPriority    0x08001b8b   0x2a  Code  Gb  stm32f1xx_hal_cortex.o [1]
HAL_NVIC_SetPriorityGrouping
                        0x08001b7f    0xc  Code  Gb  stm32f1xx_hal_cortex.o [1]
HAL_RCCEx_PeriphCLKConfig
                        0x08001981  0x10e  Code  Gb  stm32f1xx_hal_rcc_ex.o [1]
HAL_RCC_ClockConfig     0x0800171b  0x188  Code  Gb  stm32f1xx_hal_rcc.o [1]
HAL_RCC_GetHCLKFreq     0x08001913    0x6  Code  Gb  stm32f1xx_hal_rcc.o [1]
HAL_RCC_GetSysClockFreq
                        0x080018a3   0x70  Code  Gb  stm32f1xx_hal_rcc.o [1]
HAL_RCC_OscConfig       0x080012c5  0x456  Code  Gb  stm32f1xx_hal_rcc.o [1]
HAL_SYSTICK_CLKSourceConfig
                        0x08001bcf   0x20  Code  Gb  stm32f1xx_hal_cortex.o [1]
HAL_SYSTICK_Config      0x08001bc3    0xc  Code  Gb  stm32f1xx_hal_cortex.o [1]
HAL_SYSTICK_IRQHandler  0x08001c11    0x8  Code  Gb  stm32f1xx_hal_cortex.o [1]
HAL_TIMEx_BreakCallback
                        0x080023b3    0x2  Code  Wk  stm32f1xx_hal_tim_ex.o [1]
HAL_TIMEx_CommutationCallback
                        0x080023b7    0x2  Code  Wk  stm32f1xx_hal_tim_ex.o [1]
HAL_TIMEx_MasterConfigSynchronization
                        0x08001c1d   0x5a  Code  Gb  stm32f1xx_hal_tim_ex.o [1]
HAL_TIM_Base_Init       0x08000ea5   0x38  Code  Gb  stm32f1xx_hal_tim.o [1]
HAL_TIM_Base_MspInit    0x08002215  0x168  Code  Gb  stm32f1xx_hal_msp.o [1]
HAL_TIM_Base_Start_IT   0x08000edd   0x1e  Code  Gb  stm32f1xx_hal_tim.o [1]
HAL_TIM_ConfigClockSource
                        0x08001071  0x11c  Code  Gb  stm32f1xx_hal_tim.o [1]
HAL_TIM_IRQHandler      0x08000efb  0x176  Code  Gb  stm32f1xx_hal_tim.o [1]
HAL_TIM_PeriodElapsedCallback
                        0x080004c7   0x2a  Code  Gb  main.o [1]
HardFault_Handler       0x08002a1b    0x2  Code  Gb  stm32f1xx_it.o [1]
MCUinit                 0x08000131   0x20  Code  Gb  main.o [1]
MX_GPIO_Init            0x08000359   0xd8  Code  Gb  main.o [1]
MX_TIM2_Init            0x08000431   0x96  Code  Lc  main.o [1]
MemManage_Handler       0x08002a1d    0x2  Code  Gb  stm32f1xx_it.o [1]
MemRead                 0x080008c9   0xba  Code  Gb  main.o [1]
NMI_Handler             0x08002a19    0x2  Code  Gb  stm32f1xx_it.o [1]
NVIC_EnableIRQ          0x08001acb   0x16  Code  Lc  stm32f1xx_hal_cortex.o [1]
NVIC_EncodePriority     0x08001b0d   0x42  Code  Lc  stm32f1xx_hal_cortex.o [1]
NVIC_GetPriorityGrouping
                        0x08001ac1    0xa  Code  Lc  stm32f1xx_hal_cortex.o [1]
NVIC_SetPriority        0x08001ae1   0x2c  Code  Lc  stm32f1xx_hal_cortex.o [1]
NVIC_SetPriorityGrouping
                        0x08001aa5   0x1c  Code  Lc  stm32f1xx_hal_cortex.o [1]
Nop                     0x08000169    0x4  Code  Gb  main.o [1]
PEC_calculation         0x080009a5  0x114  Code  Gb  main.o [1]
PendSV_Handler          0x08002a27    0x2  Code  Gb  stm32f1xx_it.o [1]
RCC_Delay               0x08001919   0x26  Code  Lc  stm32f1xx_hal_rcc.o [1]
RX_byte                 0x08000893   0x36  Code  Gb  main.o [1]
ReadSDA                 0x080006f9   0x1a  Code  Gb  main.o [1]
Receive_bit             0x08000847   0x4c  Code  Gb  main.o [1]
Region$$Table$$Base     0x08002b44          --   Gb  - Linker created -
Region$$Table$$Limit    0x08002b68          --   Gb  - Linker created -
START_bit               0x08000713   0x54  Code  Gb  main.o [1]
STOP_bit                0x08000767   0x4e  Code  Gb  main.o [1]
SVC_Handler             0x08002a23    0x2  Code  Gb  stm32f1xx_it.o [1]
SysTick_Config          0x08001b4f   0x30  Code  Lc  stm32f1xx_hal_cortex.o [1]
SysTick_Handler         0x08002a29    0xc  Code  Gb  stm32f1xx_it.o [1]
SystemClock_Config      0x0800029f   0xb8  Code  Gb  main.o [1]
SystemCoreClock         0x20000004    0x4  Data  Gb  system_stm32f1xx.o [1]
SystemInit              0x080029b1   0x4e  Code  Gb  system_stm32f1xx.o [1]
TIM2_IRQHandler         0x08002a49    0xa  Code  Gb  stm32f1xx_it.o [1]
TIM3_IRQHandler         0x08002a61    0x2  Code  Gb  stm32f1xx_it.o [1]
TIM5_IRQHandler         0x08002a69    0x2  Code  Gb  stm32f1xx_it.o [1]
TIM6_IRQHandler         0x08002a6b    0x2  Code  Gb  stm32f1xx_it.o [1]
TIM7_IRQHandler         0x08002a6d    0x2  Code  Gb  stm32f1xx_it.o [1]
TIM8_UP_IRQHandler      0x08002a67    0x2  Code  Gb  stm32f1xx_it.o [1]
TIM_Base_SetConfig      0x0800118d   0x9a  Code  Gb  stm32f1xx_hal_tim.o [1]
TIM_ETR_SetConfig       0x080012a9   0x1a  Code  Lc  stm32f1xx_hal_tim.o [1]
TIM_ITRx_SetConfig      0x0800128f   0x1a  Code  Lc  stm32f1xx_hal_tim.o [1]
TIM_TI1_ConfigInputStage
                        0x0800123d   0x28  Code  Lc  stm32f1xx_hal_tim.o [1]
TIM_TI2_ConfigInputStage
                        0x08001265   0x2a  Code  Lc  stm32f1xx_hal_tim.o [1]
TX_byte                 0x080007b5   0x32  Code  Gb  main.o [1]
USART1_IRQHandler       0x08002a63    0x2  Code  Gb  stm32f1xx_it.o [1]
USART2_IRQHandler       0x08002a65    0x2  Code  Gb  stm32f1xx_it.o [1]
UsageFault_Handler      0x08002a21    0x2  Code  Gb  stm32f1xx_it.o [1]
_Error_Handler          0x08000357    0x2  Code  Gb  main.o [1]
__aeabi_cfcmple         0x08002019         Code  Gb  FltCmpLe.o [4]
__aeabi_d2f             0x08001fb1         Code  Gb  DblToFlt.o [4]
__aeabi_dadd            0x08001e39         Code  Gb  DblAdd.o [4]
__aeabi_dmul            0x08001c95         Code  Gb  DblMul.o [4]
__aeabi_f2uiz           0x08002131         Code  Gb  FltToU32.o [4]
__aeabi_fmul            0x08002059         Code  Gb  FltMul.o [4]
__aeabi_memcpy4         0x080023b9         Code  Gb  ABImemcpy.o [5]
__aeabi_memcpy8         0x080023b9         Code  Gb  ABImemcpy.o [5]
__aeabi_ui2d            0x08001c79         Code  Gb  U32ToDbl.o [4]
__aeabi_ui2f            0x0800203d         Code  Gb  U32ToFlt.o [4]
__cmain                 0x08002b69         Code  Gb  cmain.o [5]
__exit                  0x08002b9d   0x14  Code  Gb  exit.o [6]
__iar_copy_init3        0x08002af1   0x2c  Code  Gb  copy_init3.o [5]
__iar_dadd              0x08002441         Code  Gb  DblSub.o [4]
__iar_data_init3        0x08002b1d   0x28  Code  Gb  data_init.o [5]
__iar_dsub              0x08001e49         Code  Gb  DblAdd.o [4]
__iar_dsubStart         0x08001e5b         Code  Gb  DblAdd.o [4]
__iar_program_start     0x08002be1         Code  Gb  cstartup_M.o [5]
__iar_systems$$module {Abs}
                        0x00000001         Data  Gb  command line/config [2]
__iar_zero_init3        0x08002a81   0x40  Code  Gb  zero_init3.o [5]
__low_level_init        0x08002b87    0x4  Code  Gb  low_level_init.o [3]
__vector_table          0x08000000         Data  Gb  startup_stm32f103xe.o [1]
_call_main              0x08002b75         Code  Gb  cmain.o [5]
_exit                   0x08002b91         Code  Gb  cexit.o [5]
_main                   0x08002b83         Code  Gb  cmain.o [5]
bitPosition             0x20000008    0x1  Data  Gb  main.o [1]
data                    0x200004d4    0x4  Data  Gb  main.o [1]
exit                    0x08002b8b    0x4  Code  Gb  exit.o [3]
g_ADCBuffer             0x2000000c  0x400  Data  Gb  main.o [1]
g_ADCValueDMA           0x200004cc    0x4  Data  Gb  main.o [1]
g_AdcHandle             0x20000490   0x30  Data  Gb  main.o [1]
g_DmaHandle             0x2000040c   0x44  Data  Gb  main.o [1]
htim2                   0x20000450   0x40  Data  Gb  main.o [1]
main                    0x0800016d  0x132  Code  Gb  main.o [1]
ret                     0x200004c0    0x4  Data  Lc  main.o [1]
send_bit                0x080007e7   0x60  Code  Gb  main.o [1]
shift                   0x200004c8    0x4  Data  Lc  main.o [1]
success                 0x200004e4    0x1  Data  Gb  main.o [1]
tempCelcius             0x200004d8    0x4  Data  Gb  main.o [1]
timer2Tick              0x200004c4    0x4  Data  Lc  main.o [1]
turn                    0x200004d0    0x4  Data  Gb  main.o [1]
uwTick                  0x200004e0    0x4  Data  Gb  stm32f1xx_hal.o [1]
val                     0x20000000    0x4  Data  Gb  main.o [1]
value                   0x200004dc    0x4  Data  Gb  main.o [1]


[1] = F:\KWSA\sensors\Pyrometer\_Firmware\EWARM\MainController_DIY\Obj
[2] = command line
[3] = dl7M_tlf.a
[4] = m7M_tl.a
[5] = rt7M_tl.a
[6] = shb_l.a

  11 326 bytes of readonly  code memory
     130 bytes of readonly  data memory
   2 274 bytes of readwrite data memory

Errors: none
Warnings: none
