###############################################################################
#
# IAR ELF Linker V8.22.1.15669/W32 for ARM                21/Aug/2018  17:58:49
# Copyright 2007-2018 IAR Systems AB.
#
#    Output file  =  
#        F:\KWSA\sensors\Pyrometer\_Firmware\EWARM\MainController_DIY\Exe\MainController_DIY.out
#    Map file     =  
#        F:\KWSA\sensors\Pyrometer\_Firmware\EWARM\MainController_DIY\List\MainController_DIY.map
#    Command line =  
#        -f C:\Users\MKHASA~1\AppData\Local\Temp\EW7D99.tmp
#        (F:\KWSA\sensors\Pyrometer\_Firmware\EWARM\MainController_DIY\Obj\main.o
#        F:\KWSA\sensors\Pyrometer\_Firmware\EWARM\MainController_DIY\Obj\startup_stm32f103xe.o
#        F:\KWSA\sensors\Pyrometer\_Firmware\EWARM\MainController_DIY\Obj\stm32f1xx_hal.o
#        F:\KWSA\sensors\Pyrometer\_Firmware\EWARM\MainController_DIY\Obj\stm32f1xx_hal_adc.o
#        F:\KWSA\sensors\Pyrometer\_Firmware\EWARM\MainController_DIY\Obj\stm32f1xx_hal_adc_ex.o
#        F:\KWSA\sensors\Pyrometer\_Firmware\EWARM\MainController_DIY\Obj\stm32f1xx_hal_cortex.o
#        F:\KWSA\sensors\Pyrometer\_Firmware\EWARM\MainController_DIY\Obj\stm32f1xx_hal_dma.o
#        F:\KWSA\sensors\Pyrometer\_Firmware\EWARM\MainController_DIY\Obj\stm32f1xx_hal_flash.o
#        F:\KWSA\sensors\Pyrometer\_Firmware\EWARM\MainController_DIY\Obj\stm32f1xx_hal_flash_ex.o
#        F:\KWSA\sensors\Pyrometer\_Firmware\EWARM\MainController_DIY\Obj\stm32f1xx_hal_gpio.o
#        F:\KWSA\sensors\Pyrometer\_Firmware\EWARM\MainController_DIY\Obj\stm32f1xx_hal_gpio_ex.o
#        F:\KWSA\sensors\Pyrometer\_Firmware\EWARM\MainController_DIY\Obj\stm32f1xx_hal_i2c.o
#        F:\KWSA\sensors\Pyrometer\_Firmware\EWARM\MainController_DIY\Obj\stm32f1xx_hal_msp.o
#        F:\KWSA\sensors\Pyrometer\_Firmware\EWARM\MainController_DIY\Obj\stm32f1xx_hal_pwr.o
#        F:\KWSA\sensors\Pyrometer\_Firmware\EWARM\MainController_DIY\Obj\stm32f1xx_hal_rcc.o
#        F:\KWSA\sensors\Pyrometer\_Firmware\EWARM\MainController_DIY\Obj\stm32f1xx_hal_rcc_ex.o
#        F:\KWSA\sensors\Pyrometer\_Firmware\EWARM\MainController_DIY\Obj\stm32f1xx_hal_tim.o
#        F:\KWSA\sensors\Pyrometer\_Firmware\EWARM\MainController_DIY\Obj\stm32f1xx_hal_tim_ex.o
#        F:\KWSA\sensors\Pyrometer\_Firmware\EWARM\MainController_DIY\Obj\stm32f1xx_hal_uart.o
#        F:\KWSA\sensors\Pyrometer\_Firmware\EWARM\MainController_DIY\Obj\stm32f1xx_it.o
#        F:\KWSA\sensors\Pyrometer\_Firmware\EWARM\MainController_DIY\Obj\system_stm32f1xx.o
#        --redirect _Printf=_PrintfFull --redirect _Scanf=_ScanfFull -o
#        F:\KWSA\sensors\Pyrometer\_Firmware\EWARM\MainController_DIY\Exe\MainController_DIY.out
#        --map
#        F:\KWSA\sensors\Pyrometer\_Firmware\EWARM\MainController_DIY\List\MainController_DIY.map
#        --config
#        F:\KWSA\sensors\Pyrometer\_Firmware\EWARM/stm32f103xe_flash.icf
#        --semihosting --entry __iar_program_start --vfe --text_out locale)
#
###############################################################################

*******************************************************************************
*** RUNTIME MODEL ATTRIBUTES
***

CppFlavor       = *
__SystemLibrary = DLib
__dlib_version  = 6


*******************************************************************************
*** HEAP SELECTION
***

The basic heap was selected because some modules are built with
size limitations (and not runtime checking), and --advanced_heap
was not specified.


*******************************************************************************
*** PLACEMENT SUMMARY
***

"A0":  place at 0x08000000 { ro section .intvec };
"P1":  place in [from 0x08000000 to 0x0807ffff] { ro };
define block CSTACK with size = 1K, alignment = 8 { };
define block HEAP with size = 512, alignment = 8 { };
"P2":  place in [from 0x20000000 to 0x2000ffff] {
          rw, block CSTACK, block HEAP };
initialize by copy { rw };

  Section            Kind        Address    Size  Object
  -------            ----        -------    ----  ------
"A0":                                      0x130
  .intvec            ro code  0x08000000   0x130  startup_stm32f103xe.o [1]
                            - 0x08000130   0x130

"P1":                                     0x2c7c
  .text              ro code  0x08000130   0xb0a  main.o [1]
  .rodata            const    0x08000c3a     0x2  stm32f1xx_hal_rcc.o [1]
  .text              ro code  0x08000c3c   0x2c4  stm32f1xx_hal_gpio.o [1]
  .text              ro code  0x08000f00    0x28  stm32f1xx_hal.o [1]
  .text              ro code  0x08000f28    0x1e  stm32f1xx_hal.o [1]
  .text              ro code  0x08000f48   0x41e  stm32f1xx_hal_tim.o [1]
  .text              ro code  0x08001368    0x48  FltToDbl.o [4]
  .text              ro code  0x080013b0   0x1a2  DblMul.o [4]
  .text              ro code  0x08001554   0x178  DblAdd.o [4]
  .text              ro code  0x080016cc    0x68  DblToFlt.o [4]
  .text              ro code  0x08001734    0x24  FltCmpLe.o [4]
  .text              ro code  0x08001758   0x6bc  stm32f1xx_hal_rcc.o [1]
  .text              ro code  0x08001e14   0x124  stm32f1xx_hal_rcc_ex.o [1]
  .text              ro code  0x08001f38   0x176  stm32f1xx_hal_cortex.o [1]
  .text              ro code  0x080020b0    0x5c  stm32f1xx_hal_tim_ex.o [1]
  .text              ro code  0x0800210c    0x1a  U32ToDbl.o [4]
  .text              ro code  0x08002128    0x1c  U32ToFlt.o [4]
  .text              ro code  0x08002144    0xd8  FltMul.o [4]
  .text              ro code  0x0800221c    0x22  FltToU32.o [4]
  .text              ro code  0x08002240    0x28  stm32f1xx_hal.o [1]
  .text              ro code  0x08002268   0x224  stm32f1xx_hal_msp.o [1]
  .text              ro code  0x0800248c     0xc  stm32f1xx_hal.o [1]
  .text              ro code  0x08002498     0x2  stm32f1xx_hal_tim.o [1]
  .text              ro code  0x0800249a     0x2  stm32f1xx_hal_tim.o [1]
  .text              ro code  0x0800249c     0x2  stm32f1xx_hal_tim.o [1]
  .text              ro code  0x0800249e     0x2  stm32f1xx_hal_tim_ex.o [1]
  .text              ro code  0x080024a0     0x2  stm32f1xx_hal_tim.o [1]
  .text              ro code  0x080024a2     0x2  stm32f1xx_hal_tim_ex.o [1]
  .text              ro code  0x080024a4    0xd2  DblSub.o [4]
  .text              ro code  0x08002578    0x86  ABImemcpy.o [5]
  .text              ro code  0x08002600   0x390  stm32f1xx_hal_dma.o [1]
  .text              ro code  0x08002990   0x106  stm32f1xx_hal_adc.o [1]
  .text              ro code  0x08002a98     0x2  stm32f1xx_hal_adc_ex.o [1]
  .text              ro code  0x08002a9a     0x2  stm32f1xx_hal_adc.o [1]
  .text              ro code  0x08002a9c    0x68  system_stm32f1xx.o [1]
  .text              ro code  0x08002b04    0x56  stm32f1xx_it.o [1]
  .text              ro code  0x08002b5c    0x10  stm32f1xx_hal.o [1]
  .text              ro code  0x08002b6c    0x40  zero_init3.o [5]
  .rodata            const    0x08002bac    0x30  main.o [1]
  .text              ro code  0x08002bdc    0x2c  copy_init3.o [5]
  .text              ro code  0x08002c08    0x28  data_init.o [5]
  .iar.init_table    const    0x08002c30    0x24  - Linker created -
  .text              ro code  0x08002c54    0x1e  cmain.o [5]
  .text              ro code  0x08002c72     0x4  low_level_init.o [3]
  .text              ro code  0x08002c76     0x4  exit.o [3]
  .text              ro code  0x08002c7c     0xa  cexit.o [5]
  .text              ro code  0x08002c88    0x14  exit.o [6]
  .rodata            const    0x08002c9c    0x10  stm32f1xx_hal_rcc.o [1]
  .rodata            const    0x08002cac    0x10  system_stm32f1xx.o [1]
  .text              ro code  0x08002cbc    0x10  startup_stm32f103xe.o [1]
  .text              ro code  0x08002ccc     0xc  cstartup_M.o [5]
  Initializer bytes  const    0x08002cd8     0xc  <for P2-1>
  .text              ro code  0x08002ce4     0x4  startup_stm32f103xe.o [1]
  .text              ro code  0x08002ce8     0x4  startup_stm32f103xe.o [1]
  .text              ro code  0x08002cec     0x4  startup_stm32f103xe.o [1]
  .text              ro code  0x08002cf0     0x4  startup_stm32f103xe.o [1]
  .text              ro code  0x08002cf4     0x4  startup_stm32f103xe.o [1]
  .text              ro code  0x08002cf8     0x4  startup_stm32f103xe.o [1]
  .text              ro code  0x08002cfc     0x4  startup_stm32f103xe.o [1]
  .text              ro code  0x08002d00     0x4  startup_stm32f103xe.o [1]
  .text              ro code  0x08002d04     0x4  startup_stm32f103xe.o [1]
  .text              ro code  0x08002d08     0x4  startup_stm32f103xe.o [1]
  .text              ro code  0x08002d0c     0x4  startup_stm32f103xe.o [1]
  .text              ro code  0x08002d10     0x4  startup_stm32f103xe.o [1]
  .text              ro code  0x08002d14     0x4  startup_stm32f103xe.o [1]
  .text              ro code  0x08002d18     0x4  startup_stm32f103xe.o [1]
  .text              ro code  0x08002d1c     0x4  startup_stm32f103xe.o [1]
  .text              ro code  0x08002d20     0x4  startup_stm32f103xe.o [1]
  .text              ro code  0x08002d24     0x4  startup_stm32f103xe.o [1]
  .text              ro code  0x08002d28     0x4  startup_stm32f103xe.o [1]
  .text              ro code  0x08002d2c     0x4  startup_stm32f103xe.o [1]
  .text              ro code  0x08002d30     0x4  startup_stm32f103xe.o [1]
  .text              ro code  0x08002d34     0x4  startup_stm32f103xe.o [1]
  .text              ro code  0x08002d38     0x4  startup_stm32f103xe.o [1]
  .text              ro code  0x08002d3c     0x4  startup_stm32f103xe.o [1]
  .text              ro code  0x08002d40     0x4  startup_stm32f103xe.o [1]
  .text              ro code  0x08002d44     0x4  startup_stm32f103xe.o [1]
  .text              ro code  0x08002d48     0x4  startup_stm32f103xe.o [1]
  .text              ro code  0x08002d4c     0x4  startup_stm32f103xe.o [1]
  .text              ro code  0x08002d50     0x4  startup_stm32f103xe.o [1]
  .text              ro code  0x08002d54     0x4  startup_stm32f103xe.o [1]
  .text              ro code  0x08002d58     0x4  startup_stm32f103xe.o [1]
  .text              ro code  0x08002d5c     0x4  startup_stm32f103xe.o [1]
  .text              ro code  0x08002d60     0x4  startup_stm32f103xe.o [1]
  .text              ro code  0x08002d64     0x4  startup_stm32f103xe.o [1]
  .text              ro code  0x08002d68     0x4  startup_stm32f103xe.o [1]
  .text              ro code  0x08002d6c     0x4  startup_stm32f103xe.o [1]
  .text              ro code  0x08002d70     0x4  startup_stm32f103xe.o [1]
  .text              ro code  0x08002d74     0x4  startup_stm32f103xe.o [1]
  .text              ro code  0x08002d78     0x4  startup_stm32f103xe.o [1]
  .text              ro code  0x08002d7c     0x4  startup_stm32f103xe.o [1]
  .text              ro code  0x08002d80     0x4  startup_stm32f103xe.o [1]
  .text              ro code  0x08002d84     0x4  startup_stm32f103xe.o [1]
  .text              ro code  0x08002d88     0x4  startup_stm32f103xe.o [1]
  .text              ro code  0x08002d8c     0x4  startup_stm32f103xe.o [1]
  .text              ro code  0x08002d90     0x4  startup_stm32f103xe.o [1]
  .text              ro code  0x08002d94     0x4  startup_stm32f103xe.o [1]
  .text              ro code  0x08002d98     0x4  startup_stm32f103xe.o [1]
  .text              ro code  0x08002d9c     0x4  startup_stm32f103xe.o [1]
  .text              ro code  0x08002da0     0x4  startup_stm32f103xe.o [1]
  .text              ro code  0x08002da4     0x4  startup_stm32f103xe.o [1]
  .text              ro code  0x08002da8     0x4  startup_stm32f103xe.o [1]
  .rodata            const    0x08002dac     0x0  zero_init3.o [5]
  .rodata            const    0x08002dac     0x0  copy_init3.o [5]
                            - 0x08002dac  0x2c7c

"P2", part 1 of 3:                           0xc
  P2-1                        0x20000000     0x9  <Init block>
    .data            inited   0x20000000     0x4  main.o [1]
    .data            inited   0x20000004     0x4  system_stm32f1xx.o [1]
    .data            inited   0x20000008     0x1  main.o [1]
                            - 0x20000009     0x9

"P2", part 2 of 3:                         0x4dc
  .bss               zero     0x2000000c   0x400  main.o [1]
  .bss               zero     0x2000040c    0x44  main.o [1]
  .bss               zero     0x20000450    0x40  main.o [1]
  .bss               zero     0x20000490    0x30  main.o [1]
  .bss               zero     0x200004c0     0x4  main.o [1]
  .bss               zero     0x200004c4     0x4  main.o [1]
  .bss               zero     0x200004c8     0x4  main.o [1]
  .bss               zero     0x200004cc     0x4  main.o [1]
  .bss               zero     0x200004d0     0x4  main.o [1]
  .bss               zero     0x200004d4     0x4  main.o [1]
  .bss               zero     0x200004d8     0x4  main.o [1]
  .bss               zero     0x200004dc     0x4  main.o [1]
  .bss               zero     0x200004e0     0x4  stm32f1xx_hal.o [1]
  .bss               zero     0x200004e4     0x1  main.o [1]
                            - 0x200004e5   0x4d9

"P2", part 3 of 3:                         0x400
  CSTACK                      0x200004e8   0x400  <Block>
    CSTACK           uninit   0x200004e8   0x400  <Block tail>
                            - 0x200008e8   0x400


*******************************************************************************
*** INIT TABLE
***

          Address     Size
          -------     ----
Zero (__iar_zero_init3)
    1 destination range, total size 0x4d9:
          0x2000000c  0x4d9

Copy (__iar_copy_init3)
    1 source range, total size 0xc (133% of destination):
          0x08002cd8    0xc
    1 destination range, total size 0x9:
          0x20000000    0x9



*******************************************************************************
*** MODULE SUMMARY
***

    Module                  ro code  ro data  rw data
    ------                  -------  -------  -------
F:\KWSA\sensors\Pyrometer\_Firmware\EWARM\MainController_DIY\Obj: [1]
    main.o                    2 826       53    1 242
    startup_stm32f103xe.o       520
    stm32f1xx_hal.o             138                 4
    stm32f1xx_hal_adc.o         264
    stm32f1xx_hal_adc_ex.o        2
    stm32f1xx_hal_cortex.o      374
    stm32f1xx_hal_dma.o         912
    stm32f1xx_hal_gpio.o        708
    stm32f1xx_hal_msp.o         548
    stm32f1xx_hal_rcc.o       1 724       18
    stm32f1xx_hal_rcc_ex.o      292
    stm32f1xx_hal_tim.o       1 062
    stm32f1xx_hal_tim_ex.o       96
    stm32f1xx_it.o               86
    system_stm32f1xx.o          104       20        4
    -------------------------------------------------
    Total:                    9 656       91    1 250

command line: [2]
    -------------------------------------------------
    Total:

dl7M_tlf.a: [3]
    exit.o                        4
    low_level_init.o              4
    -------------------------------------------------
    Total:                        8

m7M_tl.a: [4]
    DblAdd.o                    376
    DblMul.o                    418
    DblSub.o                    210
    DblToFlt.o                  104
    FltCmpLe.o                   36
    FltMul.o                    216
    FltToDbl.o                   72
    FltToU32.o                   34
    U32ToDbl.o                   26
    U32ToFlt.o                   28
    -------------------------------------------------
    Total:                    1 520

rt7M_tl.a: [5]
    ABImemcpy.o                 134
    cexit.o                      10
    cmain.o                      30
    copy_init3.o                 44
    cstartup_M.o                 12
    data_init.o                  40
    zero_init3.o                 64
    -------------------------------------------------
    Total:                      334

shb_l.a: [6]
    exit.o                       20
    -------------------------------------------------
    Total:                       20

    Gaps                         24
    Linker created                        39    1 024
-----------------------------------------------------
    Grand Total:             11 562      130    2 274


*******************************************************************************
*** ENTRY LIST
***

Entry                      Address   Size  Type      Object
-----                      -------   ----  ----      ------
.iar.init_table$$Base   0x08002c30          --   Gb  - Linker created -
.iar.init_table$$Limit  0x08002c54          --   Gb  - Linker created -
?main                   0x08002c55         Code  Gb  cmain.o [5]
ADC1_2_IRQHandler       0x08002b2b    0xa  Code  Gb  stm32f1xx_it.o [1]
AHBPrescTable           0x08002cac   0x10  Data  Gb  system_stm32f1xx.o [1]
BusFault_Handler        0x08002b0b    0x2  Code  Gb  stm32f1xx_it.o [1]
CSTACK$$Base            0x200004e8          --   Gb  - Linker created -
CSTACK$$Limit           0x200008e8          --   Gb  - Linker created -
CalcTemp                0x08000a09   0x22  Code  Gb  main.o [1]
DMA1_Channel1_IRQHandler
                        0x08002b21    0xa  Code  Gb  stm32f1xx_it.o [1]
DebugMon_Handler        0x08002b11    0x2  Code  Gb  stm32f1xx_it.o [1]
Delay10TCYx             0x08000151   0x16  Code  Gb  main.o [1]
Display                 0x08000577  0x1e0  Code  Gb  main.o [1]
GetDigits               0x08000bb1   0x8a  Code  Gb  main.o [1]
HAL_ADCEx_InjectedConvCpltCallback
                        0x08002a99    0x2  Code  Wk  stm32f1xx_hal_adc_ex.o [1]
HAL_ADC_ConvCpltCallback
                        0x08000757   0x28  Code  Gb  main.o [1]
HAL_ADC_IRQHandler      0x08002991  0x106  Code  Gb  stm32f1xx_hal_adc.o [1]
HAL_DMA_IRQHandler      0x08002601  0x358  Code  Gb  stm32f1xx_hal_dma.o [1]
HAL_Delay               0x08000f29   0x1e  Code  Wk  stm32f1xx_hal.o [1]
HAL_GPIO_Init           0x08000c3d  0x24c  Code  Gb  stm32f1xx_hal_gpio.o [1]
HAL_GPIO_ReadPin        0x08000e89   0x16  Code  Gb  stm32f1xx_hal_gpio.o [1]
HAL_GPIO_WritePin       0x08000e9f   0x1a  Code  Gb  stm32f1xx_hal_gpio.o [1]
HAL_GetTick             0x0800248d    0xc  Code  Wk  stm32f1xx_hal.o [1]
HAL_IncTick             0x08002b5d   0x10  Code  Wk  stm32f1xx_hal.o [1]
HAL_Init                0x08000f01   0x22  Code  Gb  stm32f1xx_hal.o [1]
HAL_InitTick            0x08002241   0x28  Code  Wk  stm32f1xx_hal.o [1]
HAL_MspInit             0x08002269   0x98  Code  Gb  stm32f1xx_hal_msp.o [1]
HAL_NVIC_EnableIRQ      0x08002049    0xe  Code  Gb  stm32f1xx_hal_cortex.o [1]
HAL_NVIC_SetPriority    0x0800201f   0x2a  Code  Gb  stm32f1xx_hal_cortex.o [1]
HAL_NVIC_SetPriorityGrouping
                        0x08002013    0xc  Code  Gb  stm32f1xx_hal_cortex.o [1]
HAL_RCCEx_PeriphCLKConfig
                        0x08001e15  0x10e  Code  Gb  stm32f1xx_hal_rcc_ex.o [1]
HAL_RCC_ClockConfig     0x08001baf  0x188  Code  Gb  stm32f1xx_hal_rcc.o [1]
HAL_RCC_GetHCLKFreq     0x08001da7    0x6  Code  Gb  stm32f1xx_hal_rcc.o [1]
HAL_RCC_GetSysClockFreq
                        0x08001d37   0x70  Code  Gb  stm32f1xx_hal_rcc.o [1]
HAL_RCC_OscConfig       0x08001759  0x456  Code  Gb  stm32f1xx_hal_rcc.o [1]
HAL_SYSTICK_CLKSourceConfig
                        0x08002063   0x20  Code  Gb  stm32f1xx_hal_cortex.o [1]
HAL_SYSTICK_Config      0x08002057    0xc  Code  Gb  stm32f1xx_hal_cortex.o [1]
HAL_SYSTICK_IRQHandler  0x080020a5    0x8  Code  Gb  stm32f1xx_hal_cortex.o [1]
HAL_TIMEx_BreakCallback
                        0x0800249f    0x2  Code  Wk  stm32f1xx_hal_tim_ex.o [1]
HAL_TIMEx_CommutationCallback
                        0x080024a3    0x2  Code  Wk  stm32f1xx_hal_tim_ex.o [1]
HAL_TIMEx_MasterConfigSynchronization
                        0x080020b1   0x5a  Code  Gb  stm32f1xx_hal_tim_ex.o [1]
HAL_TIM_Base_Init       0x08000f49   0x38  Code  Gb  stm32f1xx_hal_tim.o [1]
HAL_TIM_Base_MspInit    0x08002301  0x168  Code  Gb  stm32f1xx_hal_msp.o [1]
HAL_TIM_Base_Start_IT   0x08000f81   0x1e  Code  Gb  stm32f1xx_hal_tim.o [1]
HAL_TIM_ConfigClockSource
                        0x08001115  0x11c  Code  Gb  stm32f1xx_hal_tim.o [1]
HAL_TIM_IRQHandler      0x08000f9f  0x176  Code  Gb  stm32f1xx_hal_tim.o [1]
HAL_TIM_PeriodElapsedCallback
                        0x0800054d   0x2a  Code  Gb  main.o [1]
HardFault_Handler       0x08002b07    0x2  Code  Gb  stm32f1xx_it.o [1]
MCUinit                 0x08000131   0x20  Code  Gb  main.o [1]
MX_GPIO_Init            0x080003df   0xd8  Code  Gb  main.o [1]
MX_TIM2_Init            0x080004b7   0x96  Code  Lc  main.o [1]
MemManage_Handler       0x08002b09    0x2  Code  Gb  stm32f1xx_it.o [1]
MemRead                 0x0800094f   0xba  Code  Gb  main.o [1]
NMI_Handler             0x08002b05    0x2  Code  Gb  stm32f1xx_it.o [1]
NVIC_EnableIRQ          0x08001f5f   0x16  Code  Lc  stm32f1xx_hal_cortex.o [1]
NVIC_EncodePriority     0x08001fa1   0x42  Code  Lc  stm32f1xx_hal_cortex.o [1]
NVIC_GetPriorityGrouping
                        0x08001f55    0xa  Code  Lc  stm32f1xx_hal_cortex.o [1]
NVIC_SetPriority        0x08001f75   0x2c  Code  Lc  stm32f1xx_hal_cortex.o [1]
NVIC_SetPriorityGrouping
                        0x08001f39   0x1c  Code  Lc  stm32f1xx_hal_cortex.o [1]
Nop                     0x08000169    0x4  Code  Gb  main.o [1]
PEC_calculation         0x08000a45  0x114  Code  Gb  main.o [1]
PendSV_Handler          0x08002b13    0x2  Code  Gb  stm32f1xx_it.o [1]
RCC_Delay               0x08001dad   0x26  Code  Lc  stm32f1xx_hal_rcc.o [1]
RX_byte                 0x08000919   0x36  Code  Gb  main.o [1]
ReadSDA                 0x0800077f   0x1a  Code  Gb  main.o [1]
Receive_bit             0x080008cd   0x4c  Code  Gb  main.o [1]
Region$$Table$$Base     0x08002c30          --   Gb  - Linker created -
Region$$Table$$Limit    0x08002c54          --   Gb  - Linker created -
START_bit               0x08000799   0x54  Code  Gb  main.o [1]
STOP_bit                0x080007ed   0x4e  Code  Gb  main.o [1]
SVC_Handler             0x08002b0f    0x2  Code  Gb  stm32f1xx_it.o [1]
SysTick_Config          0x08001fe3   0x30  Code  Lc  stm32f1xx_hal_cortex.o [1]
SysTick_Handler         0x08002b15    0xc  Code  Gb  stm32f1xx_it.o [1]
SystemClock_Config      0x08000325   0xb8  Code  Gb  main.o [1]
SystemCoreClock         0x20000004    0x4  Data  Gb  system_stm32f1xx.o [1]
SystemInit              0x08002a9d   0x4e  Code  Gb  system_stm32f1xx.o [1]
TIM2_IRQHandler         0x08002b35    0xa  Code  Gb  stm32f1xx_it.o [1]
TIM3_IRQHandler         0x08002b4d    0x2  Code  Gb  stm32f1xx_it.o [1]
TIM5_IRQHandler         0x08002b55    0x2  Code  Gb  stm32f1xx_it.o [1]
TIM6_IRQHandler         0x08002b57    0x2  Code  Gb  stm32f1xx_it.o [1]
TIM7_IRQHandler         0x08002b59    0x2  Code  Gb  stm32f1xx_it.o [1]
TIM8_UP_IRQHandler      0x08002b53    0x2  Code  Gb  stm32f1xx_it.o [1]
TIM_Base_SetConfig      0x08001231   0x9a  Code  Gb  stm32f1xx_hal_tim.o [1]
TIM_ETR_SetConfig       0x0800134d   0x1a  Code  Lc  stm32f1xx_hal_tim.o [1]
TIM_ITRx_SetConfig      0x08001333   0x1a  Code  Lc  stm32f1xx_hal_tim.o [1]
TIM_TI1_ConfigInputStage
                        0x080012e1   0x28  Code  Lc  stm32f1xx_hal_tim.o [1]
TIM_TI2_ConfigInputStage
                        0x08001309   0x2a  Code  Lc  stm32f1xx_hal_tim.o [1]
TX_byte                 0x0800083b   0x32  Code  Gb  main.o [1]
USART1_IRQHandler       0x08002b4f    0x2  Code  Gb  stm32f1xx_it.o [1]
USART2_IRQHandler       0x08002b51    0x2  Code  Gb  stm32f1xx_it.o [1]
UsageFault_Handler      0x08002b0d    0x2  Code  Gb  stm32f1xx_it.o [1]
_Error_Handler          0x080003dd    0x2  Code  Gb  main.o [1]
__aeabi_cfcmple         0x08001735         Code  Gb  FltCmpLe.o [4]
__aeabi_d2f             0x080016cd         Code  Gb  DblToFlt.o [4]
__aeabi_dadd            0x08001555         Code  Gb  DblAdd.o [4]
__aeabi_dmul            0x080013b1         Code  Gb  DblMul.o [4]
__aeabi_f2d             0x08001369         Code  Gb  FltToDbl.o [4]
__aeabi_f2uiz           0x0800221d         Code  Gb  FltToU32.o [4]
__aeabi_fmul            0x08002145         Code  Gb  FltMul.o [4]
__aeabi_memcpy4         0x08002579         Code  Gb  ABImemcpy.o [5]
__aeabi_memcpy8         0x08002579         Code  Gb  ABImemcpy.o [5]
__aeabi_ui2d            0x0800210d         Code  Gb  U32ToDbl.o [4]
__aeabi_ui2f            0x08002129         Code  Gb  U32ToFlt.o [4]
__cmain                 0x08002c55         Code  Gb  cmain.o [5]
__exit                  0x08002c89   0x14  Code  Gb  exit.o [6]
__iar_copy_init3        0x08002bdd   0x2c  Code  Gb  copy_init3.o [5]
__iar_dadd              0x080024a5         Code  Gb  DblSub.o [4]
__iar_data_init3        0x08002c09   0x28  Code  Gb  data_init.o [5]
__iar_dsub              0x08001565         Code  Gb  DblAdd.o [4]
__iar_dsubStart         0x08001577         Code  Gb  DblAdd.o [4]
__iar_program_start     0x08002ccd         Code  Gb  cstartup_M.o [5]
__iar_systems$$module {Abs}
                        0x00000001         Data  Gb  command line/config [2]
__iar_zero_init3        0x08002b6d   0x40  Code  Gb  zero_init3.o [5]
__low_level_init        0x08002c73    0x4  Code  Gb  low_level_init.o [3]
__vector_table          0x08000000         Data  Gb  startup_stm32f103xe.o [1]
_call_main              0x08002c61         Code  Gb  cmain.o [5]
_exit                   0x08002c7d         Code  Gb  cexit.o [5]
_main                   0x08002c6f         Code  Gb  cmain.o [5]
bitPosition             0x20000008    0x1  Data  Gb  main.o [1]
data                    0x200004d4    0x4  Data  Gb  main.o [1]
exit                    0x08002c77    0x4  Code  Gb  exit.o [3]
g_ADCBuffer             0x2000000c  0x400  Data  Gb  main.o [1]
g_ADCValueDMA           0x200004cc    0x4  Data  Gb  main.o [1]
g_AdcHandle             0x20000490   0x30  Data  Gb  main.o [1]
g_DmaHandle             0x2000040c   0x44  Data  Gb  main.o [1]
htim2                   0x20000450   0x40  Data  Gb  main.o [1]
main                    0x0800016d  0x1b8  Code  Gb  main.o [1]
ret                     0x200004c0    0x4  Data  Lc  main.o [1]
send_bit                0x0800086d   0x60  Code  Gb  main.o [1]
shift                   0x200004c8    0x4  Data  Lc  main.o [1]
success                 0x200004e4    0x1  Data  Gb  main.o [1]
tempCelcius             0x200004d8    0x4  Data  Gb  main.o [1]
timer2Tick              0x200004c4    0x4  Data  Lc  main.o [1]
turn                    0x200004d0    0x4  Data  Gb  main.o [1]
uwTick                  0x200004e0    0x4  Data  Gb  stm32f1xx_hal.o [1]
val                     0x20000000    0x4  Data  Gb  main.o [1]
value                   0x200004dc    0x4  Data  Gb  main.o [1]


[1] = F:\KWSA\sensors\Pyrometer\_Firmware\EWARM\MainController_DIY\Obj
[2] = command line
[3] = dl7M_tlf.a
[4] = m7M_tl.a
[5] = rt7M_tl.a
[6] = shb_l.a

  11 562 bytes of readonly  code memory
     130 bytes of readonly  data memory
   2 274 bytes of readwrite data memory

Errors: none
Warnings: none
