###############################################################################
#
# IAR ELF Linker V8.22.1.15669/W32 for ARM                27/Aug/2018  15:17:53
# Copyright 2007-2018 IAR Systems AB.
#
#    Output file  =  
#        F:\KWSA\sensors\Pyrometer\_Firmware\EWARM\MainController_DIY\Exe\MainController_DIY.out
#    Map file     =  
#        F:\KWSA\sensors\Pyrometer\_Firmware\EWARM\MainController_DIY\List\MainController_DIY.map
#    Command line =  
#        -f
#        F:\TensorFlow\TensorFlow-Examples-master\notebooks\AppData\Local\Temp\EW836D.tmp
#        (F:\KWSA\sensors\Pyrometer\_Firmware\EWARM\MainController_DIY\Obj\crc.o
#        F:\KWSA\sensors\Pyrometer\_Firmware\EWARM\MainController_DIY\Obj\main.o
#        F:\KWSA\sensors\Pyrometer\_Firmware\EWARM\MainController_DIY\Obj\rs485.o
#        F:\KWSA\sensors\Pyrometer\_Firmware\EWARM\MainController_DIY\Obj\startup_stm32f103xe.o
#        F:\KWSA\sensors\Pyrometer\_Firmware\EWARM\MainController_DIY\Obj\stm32f1xx_hal.o
#        F:\KWSA\sensors\Pyrometer\_Firmware\EWARM\MainController_DIY\Obj\stm32f1xx_hal_adc.o
#        F:\KWSA\sensors\Pyrometer\_Firmware\EWARM\MainController_DIY\Obj\stm32f1xx_hal_adc_ex.o
#        F:\KWSA\sensors\Pyrometer\_Firmware\EWARM\MainController_DIY\Obj\stm32f1xx_hal_cortex.o
#        F:\KWSA\sensors\Pyrometer\_Firmware\EWARM\MainController_DIY\Obj\stm32f1xx_hal_dma.o
#        F:\KWSA\sensors\Pyrometer\_Firmware\EWARM\MainController_DIY\Obj\stm32f1xx_hal_flash.o
#        F:\KWSA\sensors\Pyrometer\_Firmware\EWARM\MainController_DIY\Obj\stm32f1xx_hal_flash_ex.o
#        F:\KWSA\sensors\Pyrometer\_Firmware\EWARM\MainController_DIY\Obj\stm32f1xx_hal_gpio.o
#        F:\KWSA\sensors\Pyrometer\_Firmware\EWARM\MainController_DIY\Obj\stm32f1xx_hal_gpio_ex.o
#        F:\KWSA\sensors\Pyrometer\_Firmware\EWARM\MainController_DIY\Obj\stm32f1xx_hal_i2c.o
#        F:\KWSA\sensors\Pyrometer\_Firmware\EWARM\MainController_DIY\Obj\stm32f1xx_hal_msp.o
#        F:\KWSA\sensors\Pyrometer\_Firmware\EWARM\MainController_DIY\Obj\stm32f1xx_hal_pwr.o
#        F:\KWSA\sensors\Pyrometer\_Firmware\EWARM\MainController_DIY\Obj\stm32f1xx_hal_rcc.o
#        F:\KWSA\sensors\Pyrometer\_Firmware\EWARM\MainController_DIY\Obj\stm32f1xx_hal_rcc_ex.o
#        F:\KWSA\sensors\Pyrometer\_Firmware\EWARM\MainController_DIY\Obj\stm32f1xx_hal_tim.o
#        F:\KWSA\sensors\Pyrometer\_Firmware\EWARM\MainController_DIY\Obj\stm32f1xx_hal_tim_ex.o
#        F:\KWSA\sensors\Pyrometer\_Firmware\EWARM\MainController_DIY\Obj\stm32f1xx_hal_uart.o
#        F:\KWSA\sensors\Pyrometer\_Firmware\EWARM\MainController_DIY\Obj\stm32f1xx_it.o
#        F:\KWSA\sensors\Pyrometer\_Firmware\EWARM\MainController_DIY\Obj\system_stm32f1xx.o
#        --redirect _Printf=_PrintfFull --redirect _Scanf=_ScanfFull -o
#        F:\KWSA\sensors\Pyrometer\_Firmware\EWARM\MainController_DIY\Exe\MainController_DIY.out
#        --map
#        F:\KWSA\sensors\Pyrometer\_Firmware\EWARM\MainController_DIY\List\MainController_DIY.map
#        --config
#        F:\KWSA\sensors\Pyrometer\_Firmware\EWARM/stm32f103xe_flash.icf
#        --semihosting --entry __iar_program_start --vfe --text_out locale)
#
###############################################################################

*******************************************************************************
*** RUNTIME MODEL ATTRIBUTES
***

CppFlavor       = *
__SystemLibrary = DLib
__dlib_version  = 6


*******************************************************************************
*** HEAP SELECTION
***

The basic heap was selected because some modules are built with
size limitations (and not runtime checking), and --advanced_heap
was not specified.


*******************************************************************************
*** PLACEMENT SUMMARY
***

"A0":  place at 0x08000000 { ro section .intvec };
"P1":  place in [from 0x08000000 to 0x0807ffff] { ro };
define block CSTACK with size = 1K, alignment = 8 { };
define block HEAP with size = 512, alignment = 8 { };
"P2":  place in [from 0x20000000 to 0x2000ffff] {
          rw, block CSTACK, block HEAP };
initialize by copy { rw };

  Section            Kind        Address    Size  Object
  -------            ----        -------    ----  ------
"A0":                                      0x130
  .intvec            ro code  0x08000000   0x130  startup_stm32f103xe.o [1]
                            - 0x08000130   0x130

"P1":                                     0x4058
  .text              ro code  0x08000130   0xdac  main.o [1]
  .text              ro code  0x08000edc   0x2c4  stm32f1xx_hal_gpio.o [1]
  .text              ro code  0x080011a0    0x28  stm32f1xx_hal.o [1]
  .text              ro code  0x080011c8    0xe6  crc.o [1]
  .text              ro code  0x080012ae    0x1e  stm32f1xx_hal.o [1]
  .text              ro code  0x080012cc   0x41e  stm32f1xx_hal_tim.o [1]
  .rodata            const    0x080016ea     0x2  stm32f1xx_hal_rcc.o [1]
  .text              ro code  0x080016ec   0x5c0  rs485.o [1]
  .text              ro code  0x08001cac    0x48  FltToDbl.o [4]
  .text              ro code  0x08001cf4   0x1a2  DblMul.o [4]
  .text              ro code  0x08001e98   0x178  DblAdd.o [4]
  .text              ro code  0x08002010    0x68  DblToFlt.o [4]
  .text              ro code  0x08002078    0x24  FltCmpLe.o [4]
  .text              ro code  0x0800209c   0x6ec  stm32f1xx_hal_rcc.o [1]
  .text              ro code  0x08002788   0x124  stm32f1xx_hal_rcc_ex.o [1]
  .text              ro code  0x080028ac   0x176  stm32f1xx_hal_cortex.o [1]
  .text              ro code  0x08002a24    0x5c  stm32f1xx_hal_tim_ex.o [1]
  .text              ro code  0x08002a80    0x1a  U32ToDbl.o [4]
  .text              ro code  0x08002a9c    0x1c  U32ToFlt.o [4]
  .text              ro code  0x08002ab8    0xd8  FltMul.o [4]
  .text              ro code  0x08002b90    0x22  FltToU32.o [4]
  .text              ro code  0x08002bb4   0x680  stm32f1xx_hal_uart.o [1]
  .text              ro code  0x08003234    0x28  stm32f1xx_hal.o [1]
  .text              ro code  0x0800325c   0x2bc  stm32f1xx_hal_msp.o [1]
  .text              ro code  0x08003518    0x24  ABIassert.o [6]
  .text              ro code  0x0800353c     0xc  stm32f1xx_hal.o [1]
  .text              ro code  0x08003548     0x2  stm32f1xx_hal_tim.o [1]
  .text              ro code  0x0800354a     0x2  stm32f1xx_hal_tim.o [1]
  .text              ro code  0x0800354c     0x2  stm32f1xx_hal_tim.o [1]
  .text              ro code  0x0800354e     0x2  stm32f1xx_hal_tim_ex.o [1]
  .text              ro code  0x08003550     0x2  stm32f1xx_hal_tim.o [1]
  .text              ro code  0x08003552     0x2  stm32f1xx_hal_tim_ex.o [1]
  .text              ro code  0x08003554    0x4c  strcpy.o [5]
  .text              ro code  0x080035a0    0x20  strcat.o [3]
  .text              ro code  0x080035c0    0x36  strlen.o [5]
  .text              ro code  0x080035f6     0xc  memcpy.o [5]
  .text              ro code  0x08003604    0xd2  DblSub.o [4]
  .text              ro code  0x080036d8    0xa6  ABImemcpy.o [5]
  .text              ro code  0x08003780   0x584  stm32f1xx_hal_dma.o [1]
  .text              ro code  0x08003d04     0x2  stm32f1xx_hal_uart.o [1]
  .text              ro code  0x08003d06     0x6  abort.o [3]
  .text              ro code  0x08003d0c    0x14  exit.o [6]
  .text              ro code  0x08003d20   0x106  stm32f1xx_hal_adc.o [1]
  .text              ro code  0x08003e28     0x2  stm32f1xx_hal_adc_ex.o [1]
  .text              ro code  0x08003e2a     0x2  stm32f1xx_hal_adc.o [1]
  .text              ro code  0x08003e2c    0x68  system_stm32f1xx.o [1]
  .text              ro code  0x08003e94    0x60  stm32f1xx_it.o [1]
  .text              ro code  0x08003ef4    0x10  stm32f1xx_hal.o [1]
  .text              ro code  0x08003f04    0x40  zero_init3.o [5]
  .text              ro code  0x08003f44    0x38  packbits_init_single.o [5]
  .rodata            const    0x08003f7c    0x30  crc.o [1]
  .rodata            const    0x08003fac    0x30  main.o [1]
  .text              ro code  0x08003fdc    0x28  data_init.o [5]
  .iar.init_table    const    0x08004004    0x20  - Linker created -
  .text              ro code  0x08004024    0x1e  cmain.o [5]
  .text              ro code  0x08004042     0x4  low_level_init.o [3]
  .text              ro code  0x08004046     0x4  exit.o [3]
  .text              ro code  0x0800404c     0xa  cexit.o [5]
  .rodata            const    0x08004058    0x10  stm32f1xx_hal_rcc.o [1]
  .rodata            const    0x08004068    0x10  system_stm32f1xx.o [1]
  .text              ro code  0x08004078    0x10  startup_stm32f103xe.o [1]
  .text              ro code  0x08004088     0xc  cstartup_M.o [5]
  .rodata            const    0x08004094     0x8  crc.o [1]
  .rodata            const    0x0800409c     0x8  system_stm32f1xx.o [1]
  .text              ro code  0x080040a4     0x4  startup_stm32f103xe.o [1]
  .text              ro code  0x080040a8     0x4  startup_stm32f103xe.o [1]
  .text              ro code  0x080040ac     0x4  startup_stm32f103xe.o [1]
  .text              ro code  0x080040b0     0x4  startup_stm32f103xe.o [1]
  .text              ro code  0x080040b4     0x4  startup_stm32f103xe.o [1]
  .text              ro code  0x080040b8     0x4  startup_stm32f103xe.o [1]
  .text              ro code  0x080040bc     0x4  startup_stm32f103xe.o [1]
  .text              ro code  0x080040c0     0x4  startup_stm32f103xe.o [1]
  .text              ro code  0x080040c4     0x4  startup_stm32f103xe.o [1]
  .text              ro code  0x080040c8     0x4  startup_stm32f103xe.o [1]
  .text              ro code  0x080040cc     0x4  startup_stm32f103xe.o [1]
  .text              ro code  0x080040d0     0x4  startup_stm32f103xe.o [1]
  .text              ro code  0x080040d4     0x4  startup_stm32f103xe.o [1]
  .text              ro code  0x080040d8     0x4  startup_stm32f103xe.o [1]
  .text              ro code  0x080040dc     0x4  startup_stm32f103xe.o [1]
  .text              ro code  0x080040e0     0x4  startup_stm32f103xe.o [1]
  .text              ro code  0x080040e4     0x4  startup_stm32f103xe.o [1]
  .text              ro code  0x080040e8     0x4  startup_stm32f103xe.o [1]
  .text              ro code  0x080040ec     0x4  startup_stm32f103xe.o [1]
  .text              ro code  0x080040f0     0x4  startup_stm32f103xe.o [1]
  .text              ro code  0x080040f4     0x4  startup_stm32f103xe.o [1]
  .text              ro code  0x080040f8     0x4  startup_stm32f103xe.o [1]
  .text              ro code  0x080040fc     0x4  startup_stm32f103xe.o [1]
  .text              ro code  0x08004100     0x4  startup_stm32f103xe.o [1]
  .text              ro code  0x08004104     0x4  startup_stm32f103xe.o [1]
  .text              ro code  0x08004108     0x4  startup_stm32f103xe.o [1]
  .text              ro code  0x0800410c     0x4  startup_stm32f103xe.o [1]
  .text              ro code  0x08004110     0x4  startup_stm32f103xe.o [1]
  .text              ro code  0x08004114     0x4  startup_stm32f103xe.o [1]
  .text              ro code  0x08004118     0x4  startup_stm32f103xe.o [1]
  .text              ro code  0x0800411c     0x4  startup_stm32f103xe.o [1]
  .text              ro code  0x08004120     0x4  startup_stm32f103xe.o [1]
  .text              ro code  0x08004124     0x4  startup_stm32f103xe.o [1]
  .text              ro code  0x08004128     0x4  startup_stm32f103xe.o [1]
  .text              ro code  0x0800412c     0x4  startup_stm32f103xe.o [1]
  .text              ro code  0x08004130     0x4  startup_stm32f103xe.o [1]
  .text              ro code  0x08004134     0x4  startup_stm32f103xe.o [1]
  .text              ro code  0x08004138     0x4  startup_stm32f103xe.o [1]
  .text              ro code  0x0800413c     0x4  startup_stm32f103xe.o [1]
  .text              ro code  0x08004140     0x4  startup_stm32f103xe.o [1]
  .text              ro code  0x08004144     0x4  startup_stm32f103xe.o [1]
  .text              ro code  0x08004148     0x4  startup_stm32f103xe.o [1]
  .text              ro code  0x0800414c     0x4  startup_stm32f103xe.o [1]
  .text              ro code  0x08004150     0x4  startup_stm32f103xe.o [1]
  .text              ro code  0x08004154     0x4  startup_stm32f103xe.o [1]
  .text              ro code  0x08004158     0x4  startup_stm32f103xe.o [1]
  .text              ro code  0x0800415c     0x4  startup_stm32f103xe.o [1]
  .text              ro code  0x08004160     0x4  startup_stm32f103xe.o [1]
  .text              ro code  0x08004164     0x4  startup_stm32f103xe.o [1]
  .text              ro code  0x08004168     0x4  startup_stm32f103xe.o [1]
  .rodata            const    0x0800416c     0x0  zero_init3.o [5]
  .rodata            const    0x0800416c     0x0  packbits_init_single.o [5]
  Initializer bytes  const    0x0800416c    0x1c  <for P2-1>
                            - 0x08004188  0x4058

"P2", part 1 of 3:                         0x10f
  P2-1                        0x20000000   0x10f  <Init block>
    .data            inited   0x20000000     0x4  main.o [1]
    .data            inited   0x20000004     0x4  main.o [1]
    .data            inited   0x20000008   0x100  rs485.o [1]
    .data            inited   0x20000108     0x4  system_stm32f1xx.o [1]
    .data            inited   0x2000010c     0x1  main.o [1]
    .data            inited   0x2000010d     0x1  main.o [1]
    .data            inited   0x2000010e     0x1  rs485.o [1]
                            - 0x2000010f   0x10f

"P2", part 2 of 3:                        0x12ac
  .bss               zero     0x20000110   0x820  rs485.o [1]
  .bss               zero     0x20000930   0x400  main.o [1]
  .bss               zero     0x20000d30   0x400  main.o [1]
  .bss               zero     0x20001130   0x10c  rs485.o [1]
  .bss               zero     0x2000123c    0x44  main.o [1]
  .bss               zero     0x20001280    0x40  main.o [1]
  .bss               zero     0x200012c0    0x40  main.o [1]
  .bss               zero     0x20001300    0x30  main.o [1]
  .bss               zero     0x20001330    0x10  rs485.o [1]
  .bss               zero     0x20001340    0x10  rs485.o [1]
  .bss               zero     0x20001350     0x4  crc.o [1]
  .bss               zero     0x20001354     0x4  crc.o [1]
  .bss               zero     0x20001358     0x4  crc.o [1]
  .bss               zero     0x2000135c     0x4  crc.o [1]
  .bss               zero     0x20001360     0x4  main.o [1]
  .bss               zero     0x20001364     0x4  main.o [1]
  .bss               zero     0x20001368     0x4  main.o [1]
  .bss               zero     0x2000136c     0x4  main.o [1]
  .bss               zero     0x20001370     0x4  main.o [1]
  .bss               zero     0x20001374     0x4  main.o [1]
  .bss               zero     0x20001378     0x4  main.o [1]
  .bss               zero     0x2000137c     0x4  main.o [1]
  .bss               zero     0x20001380     0x4  main.o [1]
  .bss               zero     0x20001384     0x4  main.o [1]
  .bss               zero     0x20001388     0x4  main.o [1]
  .bss               zero     0x2000138c     0x4  main.o [1]
  .bss               zero     0x20001390     0x4  main.o [1]
  .bss               zero     0x20001394     0x4  main.o [1]
  .bss               zero     0x20001398     0x4  main.o [1]
  .bss               zero     0x2000139c     0x4  main.o [1]
  .bss               zero     0x200013a0     0x4  main.o [1]
  .bss               zero     0x200013a4     0x4  rs485.o [1]
  .bss               zero     0x200013a8     0x4  rs485.o [1]
  .bss               zero     0x200013ac     0x4  rs485.o [1]
  .bss               zero     0x200013b0     0x4  rs485.o [1]
  .bss               zero     0x200013b4     0x4  stm32f1xx_hal.o [1]
  .bss               zero     0x200013b8     0x1  main.o [1]
  .bss               zero     0x200013b9     0x1  rs485.o [1]
  .bss               zero     0x200013ba     0x1  rs485.o [1]
  .bss               zero     0x200013bb     0x1  rs485.o [1]
                            - 0x200013bc  0x12ac

"P2", part 3 of 3:                         0x400
  CSTACK                      0x200013c0   0x400  <Block>
    CSTACK           uninit   0x200013c0   0x400  <Block tail>
                            - 0x200017c0   0x400


*******************************************************************************
*** INIT TABLE
***

          Address     Size
          -------     ----
Zero (__iar_zero_init3)
    1 destination range, total size 0x12ac:
          0x20000110  0x12ac

Copy/packbits (__iar_packbits_init_single3)
    1 source range, total size 0x1c (10% of destination):
          0x0800416c    0x1c
    1 destination range, total size 0x10f:
          0x20000000   0x10f



*******************************************************************************
*** MODULE SUMMARY
***

    Module                  ro code  ro data  rw data
    ------                  -------  -------  -------
F:\KWSA\sensors\Pyrometer\_Firmware\EWARM\MainController_DIY\Obj: [1]
    crc.o                       230       56       16
    main.o                    3 500       48    2 371
    rs485.o                   1 472       28    2 656
    startup_stm32f103xe.o       520
    stm32f1xx_hal.o             138                 4
    stm32f1xx_hal_adc.o         264
    stm32f1xx_hal_adc_ex.o        2
    stm32f1xx_hal_cortex.o      374
    stm32f1xx_hal_dma.o       1 412
    stm32f1xx_hal_gpio.o        708
    stm32f1xx_hal_msp.o         700
    stm32f1xx_hal_rcc.o       1 772       18
    stm32f1xx_hal_rcc_ex.o      292
    stm32f1xx_hal_tim.o       1 062
    stm32f1xx_hal_tim_ex.o       96
    stm32f1xx_hal_uart.o      1 666
    stm32f1xx_it.o               96
    system_stm32f1xx.o          104       24        4
    -------------------------------------------------
    Total:                   14 408      174    5 051

command line: [2]
    -------------------------------------------------
    Total:

dl7M_tlf.a: [3]
    abort.o                       6
    exit.o                        4
    low_level_init.o              4
    strcat.o                     32
    -------------------------------------------------
    Total:                       46

m7M_tl.a: [4]
    DblAdd.o                    376
    DblMul.o                    418
    DblSub.o                    210
    DblToFlt.o                  104
    FltCmpLe.o                   36
    FltMul.o                    216
    FltToDbl.o                   72
    FltToU32.o                   34
    U32ToDbl.o                   26
    U32ToFlt.o                   28
    -------------------------------------------------
    Total:                    1 520

rt7M_tl.a: [5]
    ABImemcpy.o                 166
    cexit.o                      10
    cmain.o                      30
    cstartup_M.o                 12
    data_init.o                  40
    memcpy.o                     12
    packbits_init_single.o       56
    strcpy.o                     76
    strlen.o                     54
    zero_init3.o                 64
    -------------------------------------------------
    Total:                      520

shb_l.a: [6]
    ABIassert.o                  36
    exit.o                       20
    -------------------------------------------------
    Total:                       56

    Gaps                         18        2
    Linker created                        32    1 024
-----------------------------------------------------
    Grand Total:             16 568      208    6 075


*******************************************************************************
*** ENTRY LIST
***

Entry                      Address   Size  Type      Object
-----                      -------   ----  ----      ------
.iar.init_table$$Base   0x08004004          --   Gb  - Linker created -
.iar.init_table$$Limit  0x08004024          --   Gb  - Linker created -
?main                   0x08004025         Code  Gb  cmain.o [5]
ADC1_2_IRQHandler       0x08003ebb    0xa  Code  Gb  stm32f1xx_it.o [1]
AHBPrescTable           0x08004068   0x10  Data  Gb  system_stm32f1xx.o [1]
APBPrescTable           0x0800409c    0x8  Data  Gb  system_stm32f1xx.o [1]
BusFault_Handler        0x08003e9b    0x2  Code  Gb  stm32f1xx_it.o [1]
CSTACK$$Base            0x200013c0          --   Gb  - Linker created -
CSTACK$$Limit           0x200017c0          --   Gb  - Linker created -
CalcTemp                0x08000bb5   0x28  Code  Gb  main.o [1]
CheckCmd                0x08001a45   0x38  Code  Lc  rs485.o [1]
CheckID                 0x0800198d   0x48  Code  Lc  rs485.o [1]
DMA1_Channel1_IRQHandler
                        0x08003eb1    0xa  Code  Gb  stm32f1xx_it.o [1]
DebugMon_Handler        0x08003ea1    0x2  Code  Gb  stm32f1xx_it.o [1]
Delay10TCYx             0x08000151   0x16  Code  Gb  main.o [1]
Display                 0x080006ff  0x1e0  Code  Gb  main.o [1]
GetAddr                 0x08001bbd   0x7c  Code  Gb  rs485.o [1]
GetDegree               0x0800129d   0x12  Code  Lc  crc.o [1]
GetDigits               0x08000d2d   0x8a  Code  Gb  main.o [1]
HAL_ADCEx_InjectedConvCpltCallback
                        0x08003e29    0x2  Code  Wk  stm32f1xx_hal_adc_ex.o [1]
HAL_ADC_ConvCpltCallback
                        0x080008df   0x28  Code  Gb  main.o [1]
HAL_ADC_IRQHandler      0x08003d21  0x106  Code  Gb  stm32f1xx_hal_adc.o [1]
HAL_DMA_Abort_IT        0x08003781  0x1be  Code  Gb  stm32f1xx_hal_dma.o [1]
HAL_DMA_IRQHandler      0x08003975  0x358  Code  Gb  stm32f1xx_hal_dma.o [1]
HAL_Delay               0x080012af   0x1e  Code  Wk  stm32f1xx_hal.o [1]
HAL_GPIO_Init           0x08000edd  0x24c  Code  Gb  stm32f1xx_hal_gpio.o [1]
HAL_GPIO_ReadPin        0x08001129   0x16  Code  Gb  stm32f1xx_hal_gpio.o [1]
HAL_GPIO_WritePin       0x0800113f   0x1a  Code  Gb  stm32f1xx_hal_gpio.o [1]
HAL_GetTick             0x0800353d    0xc  Code  Wk  stm32f1xx_hal.o [1]
HAL_IncTick             0x08003ef5   0x10  Code  Wk  stm32f1xx_hal.o [1]
HAL_Init                0x080011a1   0x22  Code  Gb  stm32f1xx_hal.o [1]
HAL_InitTick            0x08003235   0x28  Code  Wk  stm32f1xx_hal.o [1]
HAL_MspInit             0x0800325d   0x98  Code  Gb  stm32f1xx_hal_msp.o [1]
HAL_NVIC_EnableIRQ      0x080029bd    0xe  Code  Gb  stm32f1xx_hal_cortex.o [1]
HAL_NVIC_SetPriority    0x08002993   0x2a  Code  Gb  stm32f1xx_hal_cortex.o [1]
HAL_NVIC_SetPriorityGrouping
                        0x08002987    0xc  Code  Gb  stm32f1xx_hal_cortex.o [1]
HAL_RCCEx_PeriphCLKConfig
                        0x08002789  0x10e  Code  Gb  stm32f1xx_hal_rcc_ex.o [1]
HAL_RCC_ClockConfig     0x080024f3  0x188  Code  Gb  stm32f1xx_hal_rcc.o [1]
HAL_RCC_GetHCLKFreq     0x080026eb    0x6  Code  Gb  stm32f1xx_hal_rcc.o [1]
HAL_RCC_GetPCLK1Freq    0x080026f1   0x16  Code  Gb  stm32f1xx_hal_rcc.o [1]
HAL_RCC_GetPCLK2Freq    0x08002707   0x16  Code  Gb  stm32f1xx_hal_rcc.o [1]
HAL_RCC_GetSysClockFreq
                        0x0800267b   0x70  Code  Gb  stm32f1xx_hal_rcc.o [1]
HAL_RCC_OscConfig       0x0800209d  0x456  Code  Gb  stm32f1xx_hal_rcc.o [1]
HAL_SYSTICK_CLKSourceConfig
                        0x080029d7   0x20  Code  Gb  stm32f1xx_hal_cortex.o [1]
HAL_SYSTICK_Config      0x080029cb    0xc  Code  Gb  stm32f1xx_hal_cortex.o [1]
HAL_SYSTICK_IRQHandler  0x08002a19    0x8  Code  Gb  stm32f1xx_hal_cortex.o [1]
HAL_TIMEx_BreakCallback
                        0x0800354f    0x2  Code  Wk  stm32f1xx_hal_tim_ex.o [1]
HAL_TIMEx_CommutationCallback
                        0x08003553    0x2  Code  Wk  stm32f1xx_hal_tim_ex.o [1]
HAL_TIMEx_MasterConfigSynchronization
                        0x08002a25   0x5a  Code  Gb  stm32f1xx_hal_tim_ex.o [1]
HAL_TIM_Base_Init       0x080012cd   0x38  Code  Gb  stm32f1xx_hal_tim.o [1]
HAL_TIM_Base_MspInit    0x080032f5  0x170  Code  Gb  stm32f1xx_hal_msp.o [1]
HAL_TIM_Base_Start_IT   0x08001305   0x1e  Code  Gb  stm32f1xx_hal_tim.o [1]
HAL_TIM_ConfigClockSource
                        0x08001499  0x11c  Code  Gb  stm32f1xx_hal_tim.o [1]
HAL_TIM_IRQHandler      0x08001323  0x176  Code  Gb  stm32f1xx_hal_tim.o [1]
HAL_TIM_PeriodElapsedCallback
                        0x0800068f   0x70  Code  Gb  main.o [1]
HAL_UART_ErrorCallback  0x08000e25   0x4c  Code  Gb  main.o [1]
HAL_UART_IRQHandler     0x08002d6f  0x14a  Code  Gb  stm32f1xx_hal_uart.o [1]
HAL_UART_Init           0x08002bb5   0x76  Code  Gb  stm32f1xx_hal_uart.o [1]
HAL_UART_MspInit        0x08003465   0x84  Code  Gb  stm32f1xx_hal_msp.o [1]
HAL_UART_Receive        0x08002c2b   0xea  Code  Gb  stm32f1xx_hal_uart.o [1]
HAL_UART_Transmit_IT    0x08002d15   0x5a  Code  Gb  stm32f1xx_hal_uart.o [1]
HAL_UART_TxCpltCallback
                        0x08000e09   0x18  Code  Gb  main.o [1]
HardFault_Handler       0x08003e97    0x2  Code  Gb  stm32f1xx_it.o [1]
IsValid                 0x080019d9   0x6c  Code  Lc  rs485.o [1]
MCUinit                 0x08000131   0x20  Code  Gb  main.o [1]
MX_GPIO_Init            0x080004bd  0x13c  Code  Gb  main.o [1]
MX_TIM3_Init            0x080005f9   0x96  Code  Lc  main.o [1]
MX_USART2_UART_Init     0x08000db7   0x52  Code  Gb  main.o [1]
MemManage_Handler       0x08003e99    0x2  Code  Gb  stm32f1xx_it.o [1]
MemRead                 0x08000ad7   0xba  Code  Gb  main.o [1]
NMI_Handler             0x08003e95    0x2  Code  Gb  stm32f1xx_it.o [1]
NVIC_EnableIRQ          0x080028d3   0x16  Code  Lc  stm32f1xx_hal_cortex.o [1]
NVIC_EncodePriority     0x08002915   0x42  Code  Lc  stm32f1xx_hal_cortex.o [1]
NVIC_GetPriorityGrouping
                        0x080028c9    0xa  Code  Lc  stm32f1xx_hal_cortex.o [1]
NVIC_SetPriority        0x080028e9   0x2c  Code  Lc  stm32f1xx_hal_cortex.o [1]
NVIC_SetPriorityGrouping
                        0x080028ad   0x1c  Code  Lc  stm32f1xx_hal_cortex.o [1]
Nop                     0x08000169    0x4  Code  Gb  main.o [1]
PEC_calculation         0x08000c09  0x114  Code  Gb  main.o [1]
PendSV_Handler          0x08003ea3    0x2  Code  Gb  stm32f1xx_it.o [1]
ProcessInput            0x08001833  0x15a  Code  Gb  rs485.o [1]
RCC_Delay               0x0800271d   0x26  Code  Lc  stm32f1xx_hal_rcc.o [1]
RX_byte                 0x08000aa1   0x36  Code  Gb  main.o [1]
ReadSDA                 0x08000907   0x1a  Code  Gb  main.o [1]
Receive_bit             0x08000a55   0x4c  Code  Gb  main.o [1]
Region$$Table$$Base     0x08004004          --   Gb  - Linker created -
Region$$Table$$Limit    0x08004024          --   Gb  - Linker created -
RequestRecv             0x0800178f   0xa4  Code  Gb  rs485.o [1]
START_bit               0x08000921   0x54  Code  Gb  main.o [1]
STOP_bit                0x08000975   0x4e  Code  Gb  main.o [1]
SVC_Handler             0x08003e9f    0x2  Code  Gb  stm32f1xx_it.o [1]
SendData                0x08001a7d  0x140  Code  Gb  rs485.o [1]
SysTick_Config          0x08002957   0x30  Code  Lc  stm32f1xx_hal_cortex.o [1]
SysTick_Handler         0x08003ea5    0xc  Code  Gb  stm32f1xx_it.o [1]
SystemClock_Config      0x08000403   0xb8  Code  Gb  main.o [1]
SystemCoreClock         0x20000108    0x4  Data  Gb  system_stm32f1xx.o [1]
SystemInit              0x08003e2d   0x4e  Code  Gb  system_stm32f1xx.o [1]
TIM2_IRQHandler         0x08003ec5    0x2  Code  Gb  stm32f1xx_it.o [1]
TIM3_IRQHandler         0x08003ec7    0xa  Code  Gb  stm32f1xx_it.o [1]
TIM5_IRQHandler         0x08003eef    0x2  Code  Gb  stm32f1xx_it.o [1]
TIM6_IRQHandler         0x08003ef1    0x2  Code  Gb  stm32f1xx_it.o [1]
TIM7_IRQHandler         0x08003ef3    0x2  Code  Gb  stm32f1xx_it.o [1]
TIM8_UP_IRQHandler      0x08003eed    0x2  Code  Gb  stm32f1xx_it.o [1]
TIM_Base_SetConfig      0x080015b5   0x9a  Code  Gb  stm32f1xx_hal_tim.o [1]
TIM_ETR_SetConfig       0x080016d1   0x1a  Code  Lc  stm32f1xx_hal_tim.o [1]
TIM_ITRx_SetConfig      0x080016b7   0x1a  Code  Lc  stm32f1xx_hal_tim.o [1]
TIM_TI1_ConfigInputStage
                        0x08001665   0x28  Code  Lc  stm32f1xx_hal_tim.o [1]
TIM_TI2_ConfigInputStage
                        0x0800168d   0x2a  Code  Lc  stm32f1xx_hal_tim.o [1]
TX_byte                 0x080009c3   0x32  Code  Gb  main.o [1]
UART_DMAAbortOnError    0x08002f49   0x16  Code  Lc  stm32f1xx_hal_uart.o [1]
UART_EndRxTransfer      0x08002f27   0x20  Code  Lc  stm32f1xx_hal_uart.o [1]
UART_EndTransmit_IT     0x08002fcf   0x20  Code  Lc  stm32f1xx_hal_uart.o [1]
UART_Receive_IT         0x08002fef   0xae  Code  Lc  stm32f1xx_hal_uart.o [1]
UART_SetConfig          0x0800309d  0x190  Code  Lc  stm32f1xx_hal_uart.o [1]
UART_Transmit_IT        0x08002f61   0x6e  Code  Lc  stm32f1xx_hal_uart.o [1]
UART_WaitOnFlagUntilTimeout
                        0x08002eb9   0x6e  Code  Lc  stm32f1xx_hal_uart.o [1]
USART1_IRQHandler       0x08003ed1    0x2  Code  Gb  stm32f1xx_it.o [1]
USART2_IRQHandler       0x08003ed3    0xa  Code  Gb  stm32f1xx_it.o [1]
USART_ClearITPendingBit
                        0x08000ec1   0x1c  Code  Lc  main.o [1]
UsageFault_Handler      0x08003e9d    0x2  Code  Gb  stm32f1xx_it.o [1]
_Error_Handler          0x080004bb    0x2  Code  Gb  main.o [1]
__aeabi_assert          0x08003519   0x24  Code  Gb  ABIassert.o [6]
__aeabi_cfcmple         0x08002079         Code  Gb  FltCmpLe.o [4]
__aeabi_d2f             0x08002011         Code  Gb  DblToFlt.o [4]
__aeabi_dadd            0x08001e99         Code  Gb  DblAdd.o [4]
__aeabi_dmul            0x08001cf5         Code  Gb  DblMul.o [4]
__aeabi_f2d             0x08001cad         Code  Gb  FltToDbl.o [4]
__aeabi_f2uiz           0x08002b91         Code  Gb  FltToU32.o [4]
__aeabi_fmul            0x08002ab9         Code  Gb  FltMul.o [4]
__aeabi_memcpy          0x080036d9         Code  Gb  ABImemcpy.o [5]
__aeabi_memcpy4         0x080036f9         Code  Gb  ABImemcpy.o [5]
__aeabi_memcpy8         0x080036f9         Code  Gb  ABImemcpy.o [5]
__aeabi_ui2d            0x08002a81         Code  Gb  U32ToDbl.o [4]
__aeabi_ui2f            0x08002a9d         Code  Gb  U32ToFlt.o [4]
__cmain                 0x08004025         Code  Gb  cmain.o [5]
__exit                  0x08003d0d   0x14  Code  Gb  exit.o [6]
__iar_dadd              0x08003605         Code  Gb  DblSub.o [4]
__iar_data_init3        0x08003fdd   0x28  Code  Gb  data_init.o [5]
__iar_dsub              0x08001ea9         Code  Gb  DblAdd.o [4]
__iar_dsubStart         0x08001ebb         Code  Gb  DblAdd.o [4]
__iar_packbits_init_single3
                        0x08003f45   0x38  Code  Gb  packbits_init_single.o [5]
__iar_program_start     0x08004089         Code  Gb  cstartup_M.o [5]
__iar_systems$$module {Abs}
                        0x00000001         Data  Gb  command line/config [2]
__iar_zero_init3        0x08003f05   0x40  Code  Gb  zero_init3.o [5]
__low_level_init        0x08004043    0x4  Code  Gb  low_level_init.o [3]
__vector_table          0x08000000         Data  Gb  startup_stm32f103xe.o [1]
_call_main              0x08004031         Code  Gb  cmain.o [5]
_exit                   0x0800404d         Code  Gb  cexit.o [5]
_main                   0x0800403f         Code  Gb  cmain.o [5]
abort                   0x08003d07    0x6  Code  Gb  abort.o [3]
addr                    0x20001340   0x10  Data  Gb  rs485.o [1]
addrCrc                 0x200013b9    0x1  Data  Gb  rs485.o [1]
addrData                0x200013a4    0x4  Data  Gb  rs485.o [1]
bitPosition             0x2000010d    0x1  Data  Gb  main.o [1]
cmdLen                  0x2000010e    0x1  Data  Lc  rs485.o [1]
cmdStr                  0x20001130  0x10c  Data  Gb  rs485.o [1]
cmdStrPrefix            0x20000008  0x100  Data  Gb  rs485.o [1]
crcCalc                 0x08001209   0x7c  Code  Gb  crc.o [1]
crcInit                 0x080011c9   0x40  Code  Gb  crc.o [1]
data                    0x20000110  0x820  Data  Gb  rs485.o [1]
dataCrc                 0x200013ba    0x1  Data  Gb  rs485.o [1]
dataReady               0x20001398    0x4  Data  Gb  main.o [1]
data_element            0x200013bb    0x1  Data  Lc  rs485.o [1]
deg4                    0x20001350    0x4  Data  Gb  crc.o [1]
deg8                    0x20001354    0x4  Data  Gb  crc.o [1]
errCode                 0x20000d30  0x400  Data  Gb  main.o [1]
exit                    0x08004047    0x4  Code  Gb  exit.o [3]
g_ADCBuffer             0x20000930  0x400  Data  Gb  main.o [1]
g_ADCValueDMA           0x2000136c    0x4  Data  Gb  main.o [1]
g_AdcHandle             0x20001300   0x30  Data  Gb  main.o [1]
g_DmaHandle             0x2000123c   0x44  Data  Gb  main.o [1]
htim3                   0x200012c0   0x40  Data  Gb  main.o [1]
huart2                  0x20001280   0x40  Data  Gb  main.o [1]
idLen                   0x200013ac    0x4  Data  Lc  rs485.o [1]
lastByte                0x20001390    0x4  Data  Gb  main.o [1]
main                    0x0800016d  0x296  Code  Gb  main.o [1]
memcpy                  0x080035f7    0xc  Code  Gb  memcpy.o [5]
myAddr                  0x2000137c    0x4  Data  Gb  main.o [1]
polynom4                0x20001358    0x4  Data  Gb  crc.o [1]
polynom8                0x2000135c    0x4  Data  Gb  crc.o [1]
preCount                0x2000010c    0x1  Data  Gb  main.o [1]
pyroMeterData           0x20001374    0x4  Data  Gb  main.o [1]
readErrorCount          0x20001388    0x4  Data  Gb  main.o [1]
requestOkay             0x200013b0    0x4  Data  Gb  rs485.o [1]
ret                     0x20001360    0x4  Data  Lc  main.o [1]
rs485_Init              0x080016ed   0xa2  Code  Gb  rs485.o [1]
sendData                0x20001394    0x4  Data  Gb  main.o [1]
send_bit                0x080009f5   0x60  Code  Gb  main.o [1]
sent                    0x200013a0    0x4  Data  Gb  main.o [1]
sentBufferEmpty         0x20000004    0x4  Data  Gb  main.o [1]
shift                   0x20001368    0x4  Data  Lc  main.o [1]
strcat                  0x080035a1   0x20  Code  Gb  strcat.o [3]
strcpy                  0x08003555         Code  Gb  strcpy.o [5]
strlen                  0x080035c1         Code  Gb  strlen.o [5]
success                 0x200013b8    0x1  Data  Gb  main.o [1]
temp                    0x200013a8    0x4  Data  Gb  rs485.o [1]
tempCelcius             0x20001378    0x4  Data  Gb  main.o [1]
timer2Tick              0x20001364    0x4  Data  Lc  main.o [1]
transferCallback        0x2000138c    0x4  Data  Gb  main.o [1]
transferErrorCount      0x20001380    0x4  Data  Gb  main.o [1]
turn                    0x20001370    0x4  Data  Gb  main.o [1]
ucpRx1Buffer            0x20001330   0x10  Data  Gb  rs485.o [1]
uwTick                  0x200013b4    0x4  Data  Gb  stm32f1xx_hal.o [1]
val                     0x20000000    0x4  Data  Lc  main.o [1]
value                   0x2000139c    0x4  Data  Gb  main.o [1]
writeErrorCount         0x20001384    0x4  Data  Gb  main.o [1]


[1] = F:\KWSA\sensors\Pyrometer\_Firmware\EWARM\MainController_DIY\Obj
[2] = command line
[3] = dl7M_tlf.a
[4] = m7M_tl.a
[5] = rt7M_tl.a
[6] = shb_l.a

  16 568 bytes of readonly  code memory
     208 bytes of readonly  data memory
   6 075 bytes of readwrite data memory

Errors: none
Warnings: none
