###############################################################################
#
# IAR ELF Linker V8.22.1.15669/W32 for ARM                21/Aug/2018  14:54:33
# Copyright 2007-2018 IAR Systems AB.
#
#    Output file  =  
#        F:\KWSA\sensors\Pyrometer\_Firmware\EWARM\MainController_DIY\Exe\MainController_DIY.out
#    Map file     =  
#        F:\KWSA\sensors\Pyrometer\_Firmware\EWARM\MainController_DIY\List\MainController_DIY.map
#    Command line =  
#        -f C:\Users\MKHASA~1\AppData\Local\Temp\EWC80A.tmp
#        (F:\KWSA\sensors\Pyrometer\_Firmware\EWARM\MainController_DIY\Obj\main.o
#        F:\KWSA\sensors\Pyrometer\_Firmware\EWARM\MainController_DIY\Obj\startup_stm32f103xe.o
#        F:\KWSA\sensors\Pyrometer\_Firmware\EWARM\MainController_DIY\Obj\stm32f1xx_hal.o
#        F:\KWSA\sensors\Pyrometer\_Firmware\EWARM\MainController_DIY\Obj\stm32f1xx_hal_adc.o
#        F:\KWSA\sensors\Pyrometer\_Firmware\EWARM\MainController_DIY\Obj\stm32f1xx_hal_adc_ex.o
#        F:\KWSA\sensors\Pyrometer\_Firmware\EWARM\MainController_DIY\Obj\stm32f1xx_hal_cortex.o
#        F:\KWSA\sensors\Pyrometer\_Firmware\EWARM\MainController_DIY\Obj\stm32f1xx_hal_dma.o
#        F:\KWSA\sensors\Pyrometer\_Firmware\EWARM\MainController_DIY\Obj\stm32f1xx_hal_flash.o
#        F:\KWSA\sensors\Pyrometer\_Firmware\EWARM\MainController_DIY\Obj\stm32f1xx_hal_flash_ex.o
#        F:\KWSA\sensors\Pyrometer\_Firmware\EWARM\MainController_DIY\Obj\stm32f1xx_hal_gpio.o
#        F:\KWSA\sensors\Pyrometer\_Firmware\EWARM\MainController_DIY\Obj\stm32f1xx_hal_gpio_ex.o
#        F:\KWSA\sensors\Pyrometer\_Firmware\EWARM\MainController_DIY\Obj\stm32f1xx_hal_i2c.o
#        F:\KWSA\sensors\Pyrometer\_Firmware\EWARM\MainController_DIY\Obj\stm32f1xx_hal_msp.o
#        F:\KWSA\sensors\Pyrometer\_Firmware\EWARM\MainController_DIY\Obj\stm32f1xx_hal_pwr.o
#        F:\KWSA\sensors\Pyrometer\_Firmware\EWARM\MainController_DIY\Obj\stm32f1xx_hal_rcc.o
#        F:\KWSA\sensors\Pyrometer\_Firmware\EWARM\MainController_DIY\Obj\stm32f1xx_hal_rcc_ex.o
#        F:\KWSA\sensors\Pyrometer\_Firmware\EWARM\MainController_DIY\Obj\stm32f1xx_hal_tim.o
#        F:\KWSA\sensors\Pyrometer\_Firmware\EWARM\MainController_DIY\Obj\stm32f1xx_hal_tim_ex.o
#        F:\KWSA\sensors\Pyrometer\_Firmware\EWARM\MainController_DIY\Obj\stm32f1xx_hal_uart.o
#        F:\KWSA\sensors\Pyrometer\_Firmware\EWARM\MainController_DIY\Obj\stm32f1xx_it.o
#        F:\KWSA\sensors\Pyrometer\_Firmware\EWARM\MainController_DIY\Obj\system_stm32f1xx.o
#        --redirect _Printf=_PrintfFull --redirect _Scanf=_ScanfFull -o
#        F:\KWSA\sensors\Pyrometer\_Firmware\EWARM\MainController_DIY\Exe\MainController_DIY.out
#        --map
#        F:\KWSA\sensors\Pyrometer\_Firmware\EWARM\MainController_DIY\List\MainController_DIY.map
#        --config
#        F:\KWSA\sensors\Pyrometer\_Firmware\EWARM/stm32f103xe_flash.icf
#        --semihosting --entry __iar_program_start --vfe --text_out locale)
#
###############################################################################

*******************************************************************************
*** RUNTIME MODEL ATTRIBUTES
***

CppFlavor       = *
__SystemLibrary = DLib
__dlib_version  = 6


*******************************************************************************
*** HEAP SELECTION
***

The basic heap was selected because some modules are built with
size limitations (and not runtime checking), and --advanced_heap
was not specified.


*******************************************************************************
*** PLACEMENT SUMMARY
***

"A0":  place at 0x08000000 { ro section .intvec };
"P1":  place in [from 0x08000000 to 0x0807ffff] { ro };
define block CSTACK with size = 1K, alignment = 8 { };
define block HEAP with size = 512, alignment = 8 { };
"P2":  place in [from 0x20000000 to 0x2000ffff] {
          rw, block CSTACK, block HEAP };
initialize by copy { rw };

  Section            Kind        Address    Size  Object
  -------            ----        -------    ----  ------
"A0":                                      0x130
  .intvec            ro code  0x08000000   0x130  startup_stm32f103xe.o [1]
                            - 0x08000130   0x130

"P1":                                     0x2e90
  .text              ro code  0x08000130   0xad6  main.o [1]
  .rodata            const    0x08000c06     0x2  stm32f1xx_hal_rcc.o [1]
  .text              ro code  0x08000c08   0x2c4  stm32f1xx_hal_gpio.o [1]
  .text              ro code  0x08000ecc    0x28  stm32f1xx_hal.o [1]
  .text              ro code  0x08000ef4    0x1e  stm32f1xx_hal.o [1]
  .text              ro code  0x08000f14   0x41e  stm32f1xx_hal_tim.o [1]
  .text              ro code  0x08001334    0x48  FltToDbl.o [4]
  .text              ro code  0x0800137c   0x178  DblAdd.o [4]
  .text              ro code  0x080014f4   0x1a2  DblMul.o [4]
  .text              ro code  0x08001698   0x246  DblDiv.o [4]
  .text              ro code  0x080018e0    0x68  DblToFlt.o [4]
  .text              ro code  0x08001948    0x24  FltCmpLe.o [4]
  .text              ro code  0x0800196c   0x6bc  stm32f1xx_hal_rcc.o [1]
  .text              ro code  0x08002028   0x124  stm32f1xx_hal_rcc_ex.o [1]
  .text              ro code  0x0800214c   0x176  stm32f1xx_hal_cortex.o [1]
  .text              ro code  0x080022c4    0x5c  stm32f1xx_hal_tim_ex.o [1]
  .text              ro code  0x08002320    0x1a  U32ToDbl.o [4]
  .text              ro code  0x0800233c    0x1c  U32ToFlt.o [4]
  .text              ro code  0x08002358    0xd8  FltMul.o [4]
  .text              ro code  0x08002430    0x22  FltToU32.o [4]
  .text              ro code  0x08002454    0x28  stm32f1xx_hal.o [1]
  .text              ro code  0x0800247c   0x224  stm32f1xx_hal_msp.o [1]
  .text              ro code  0x080026a0     0xc  stm32f1xx_hal.o [1]
  .text              ro code  0x080026ac     0x2  stm32f1xx_hal_tim.o [1]
  .text              ro code  0x080026ae     0x2  stm32f1xx_hal_tim.o [1]
  .text              ro code  0x080026b0     0x2  stm32f1xx_hal_tim.o [1]
  .text              ro code  0x080026b2     0x2  stm32f1xx_hal_tim_ex.o [1]
  .text              ro code  0x080026b4     0x2  stm32f1xx_hal_tim.o [1]
  .text              ro code  0x080026b6     0x2  stm32f1xx_hal_tim_ex.o [1]
  .text              ro code  0x080026b8    0xd2  DblSub.o [4]
  .text              ro code  0x0800278c    0x86  ABImemcpy.o [5]
  .text              ro code  0x08002814   0x390  stm32f1xx_hal_dma.o [1]
  .text              ro code  0x08002ba4   0x106  stm32f1xx_hal_adc.o [1]
  .text              ro code  0x08002cac     0x2  stm32f1xx_hal_adc_ex.o [1]
  .text              ro code  0x08002cae     0x2  stm32f1xx_hal_adc.o [1]
  .text              ro code  0x08002cb0    0x68  system_stm32f1xx.o [1]
  .text              ro code  0x08002d18    0x56  stm32f1xx_it.o [1]
  .text              ro code  0x08002d70    0x10  stm32f1xx_hal.o [1]
  .text              ro code  0x08002d80    0x40  zero_init3.o [5]
  .rodata            const    0x08002dc0    0x30  main.o [1]
  .text              ro code  0x08002df0    0x2c  copy_init3.o [5]
  .text              ro code  0x08002e1c    0x28  data_init.o [5]
  .iar.init_table    const    0x08002e44    0x24  - Linker created -
  .text              ro code  0x08002e68    0x1e  cmain.o [5]
  .text              ro code  0x08002e86     0x4  low_level_init.o [3]
  .text              ro code  0x08002e8a     0x4  exit.o [3]
  .text              ro code  0x08002e90     0xa  cexit.o [5]
  .text              ro code  0x08002e9c    0x14  exit.o [6]
  .rodata            const    0x08002eb0    0x10  stm32f1xx_hal_rcc.o [1]
  .rodata            const    0x08002ec0    0x10  system_stm32f1xx.o [1]
  .text              ro code  0x08002ed0    0x10  startup_stm32f103xe.o [1]
  .text              ro code  0x08002ee0     0xc  cstartup_M.o [5]
  Initializer bytes  const    0x08002eec     0xc  <for P2-1>
  .text              ro code  0x08002ef8     0x4  startup_stm32f103xe.o [1]
  .text              ro code  0x08002efc     0x4  startup_stm32f103xe.o [1]
  .text              ro code  0x08002f00     0x4  startup_stm32f103xe.o [1]
  .text              ro code  0x08002f04     0x4  startup_stm32f103xe.o [1]
  .text              ro code  0x08002f08     0x4  startup_stm32f103xe.o [1]
  .text              ro code  0x08002f0c     0x4  startup_stm32f103xe.o [1]
  .text              ro code  0x08002f10     0x4  startup_stm32f103xe.o [1]
  .text              ro code  0x08002f14     0x4  startup_stm32f103xe.o [1]
  .text              ro code  0x08002f18     0x4  startup_stm32f103xe.o [1]
  .text              ro code  0x08002f1c     0x4  startup_stm32f103xe.o [1]
  .text              ro code  0x08002f20     0x4  startup_stm32f103xe.o [1]
  .text              ro code  0x08002f24     0x4  startup_stm32f103xe.o [1]
  .text              ro code  0x08002f28     0x4  startup_stm32f103xe.o [1]
  .text              ro code  0x08002f2c     0x4  startup_stm32f103xe.o [1]
  .text              ro code  0x08002f30     0x4  startup_stm32f103xe.o [1]
  .text              ro code  0x08002f34     0x4  startup_stm32f103xe.o [1]
  .text              ro code  0x08002f38     0x4  startup_stm32f103xe.o [1]
  .text              ro code  0x08002f3c     0x4  startup_stm32f103xe.o [1]
  .text              ro code  0x08002f40     0x4  startup_stm32f103xe.o [1]
  .text              ro code  0x08002f44     0x4  startup_stm32f103xe.o [1]
  .text              ro code  0x08002f48     0x4  startup_stm32f103xe.o [1]
  .text              ro code  0x08002f4c     0x4  startup_stm32f103xe.o [1]
  .text              ro code  0x08002f50     0x4  startup_stm32f103xe.o [1]
  .text              ro code  0x08002f54     0x4  startup_stm32f103xe.o [1]
  .text              ro code  0x08002f58     0x4  startup_stm32f103xe.o [1]
  .text              ro code  0x08002f5c     0x4  startup_stm32f103xe.o [1]
  .text              ro code  0x08002f60     0x4  startup_stm32f103xe.o [1]
  .text              ro code  0x08002f64     0x4  startup_stm32f103xe.o [1]
  .text              ro code  0x08002f68     0x4  startup_stm32f103xe.o [1]
  .text              ro code  0x08002f6c     0x4  startup_stm32f103xe.o [1]
  .text              ro code  0x08002f70     0x4  startup_stm32f103xe.o [1]
  .text              ro code  0x08002f74     0x4  startup_stm32f103xe.o [1]
  .text              ro code  0x08002f78     0x4  startup_stm32f103xe.o [1]
  .text              ro code  0x08002f7c     0x4  startup_stm32f103xe.o [1]
  .text              ro code  0x08002f80     0x4  startup_stm32f103xe.o [1]
  .text              ro code  0x08002f84     0x4  startup_stm32f103xe.o [1]
  .text              ro code  0x08002f88     0x4  startup_stm32f103xe.o [1]
  .text              ro code  0x08002f8c     0x4  startup_stm32f103xe.o [1]
  .text              ro code  0x08002f90     0x4  startup_stm32f103xe.o [1]
  .text              ro code  0x08002f94     0x4  startup_stm32f103xe.o [1]
  .text              ro code  0x08002f98     0x4  startup_stm32f103xe.o [1]
  .text              ro code  0x08002f9c     0x4  startup_stm32f103xe.o [1]
  .text              ro code  0x08002fa0     0x4  startup_stm32f103xe.o [1]
  .text              ro code  0x08002fa4     0x4  startup_stm32f103xe.o [1]
  .text              ro code  0x08002fa8     0x4  startup_stm32f103xe.o [1]
  .text              ro code  0x08002fac     0x4  startup_stm32f103xe.o [1]
  .text              ro code  0x08002fb0     0x4  startup_stm32f103xe.o [1]
  .text              ro code  0x08002fb4     0x4  startup_stm32f103xe.o [1]
  .text              ro code  0x08002fb8     0x4  startup_stm32f103xe.o [1]
  .text              ro code  0x08002fbc     0x4  startup_stm32f103xe.o [1]
  .rodata            const    0x08002fc0     0x0  zero_init3.o [5]
  .rodata            const    0x08002fc0     0x0  copy_init3.o [5]
                            - 0x08002fc0  0x2e90

"P2", part 1 of 3:                           0xc
  P2-1                        0x20000000     0x9  <Init block>
    .data            inited   0x20000000     0x4  main.o [1]
    .data            inited   0x20000004     0x4  system_stm32f1xx.o [1]
    .data            inited   0x20000008     0x1  main.o [1]
                            - 0x20000009     0x9

"P2", part 2 of 3:                         0x4dc
  .bss               zero     0x2000000c   0x400  main.o [1]
  .bss               zero     0x2000040c    0x44  main.o [1]
  .bss               zero     0x20000450    0x40  main.o [1]
  .bss               zero     0x20000490    0x30  main.o [1]
  .bss               zero     0x200004c0     0x4  main.o [1]
  .bss               zero     0x200004c4     0x4  main.o [1]
  .bss               zero     0x200004c8     0x4  main.o [1]
  .bss               zero     0x200004cc     0x4  main.o [1]
  .bss               zero     0x200004d0     0x4  main.o [1]
  .bss               zero     0x200004d4     0x4  main.o [1]
  .bss               zero     0x200004d8     0x4  main.o [1]
  .bss               zero     0x200004dc     0x4  main.o [1]
  .bss               zero     0x200004e0     0x4  stm32f1xx_hal.o [1]
  .bss               zero     0x200004e4     0x1  main.o [1]
                            - 0x200004e5   0x4d9

"P2", part 3 of 3:                         0x400
  CSTACK                      0x200004e8   0x400  <Block>
    CSTACK           uninit   0x200004e8   0x400  <Block tail>
                            - 0x200008e8   0x400


*******************************************************************************
*** INIT TABLE
***

          Address     Size
          -------     ----
Zero (__iar_zero_init3)
    1 destination range, total size 0x4d9:
          0x2000000c  0x4d9

Copy (__iar_copy_init3)
    1 source range, total size 0xc (133% of destination):
          0x08002eec    0xc
    1 destination range, total size 0x9:
          0x20000000    0x9



*******************************************************************************
*** MODULE SUMMARY
***

    Module                  ro code  ro data  rw data
    ------                  -------  -------  -------
F:\KWSA\sensors\Pyrometer\_Firmware\EWARM\MainController_DIY\Obj: [1]
    main.o                    2 774       53    1 242
    startup_stm32f103xe.o       520
    stm32f1xx_hal.o             138                 4
    stm32f1xx_hal_adc.o         264
    stm32f1xx_hal_adc_ex.o        2
    stm32f1xx_hal_cortex.o      374
    stm32f1xx_hal_dma.o         912
    stm32f1xx_hal_gpio.o        708
    stm32f1xx_hal_msp.o         548
    stm32f1xx_hal_rcc.o       1 724       18
    stm32f1xx_hal_rcc_ex.o      292
    stm32f1xx_hal_tim.o       1 062
    stm32f1xx_hal_tim_ex.o       96
    stm32f1xx_it.o               86
    system_stm32f1xx.o          104       20        4
    -------------------------------------------------
    Total:                    9 604       91    1 250

command line: [2]
    -------------------------------------------------
    Total:

dl7M_tlf.a: [3]
    exit.o                        4
    low_level_init.o              4
    -------------------------------------------------
    Total:                        8

m7M_tl.a: [4]
    DblAdd.o                    376
    DblDiv.o                    582
    DblMul.o                    418
    DblSub.o                    210
    DblToFlt.o                  104
    FltCmpLe.o                   36
    FltMul.o                    216
    FltToDbl.o                   72
    FltToU32.o                   34
    U32ToDbl.o                   26
    U32ToFlt.o                   28
    -------------------------------------------------
    Total:                    2 102

rt7M_tl.a: [5]
    ABImemcpy.o                 134
    cexit.o                      10
    cmain.o                      30
    copy_init3.o                 44
    cstartup_M.o                 12
    data_init.o                  40
    zero_init3.o                 64
    -------------------------------------------------
    Total:                      334

shb_l.a: [6]
    exit.o                       20
    -------------------------------------------------
    Total:                       20

    Gaps                         26
    Linker created                        39    1 024
-----------------------------------------------------
    Grand Total:             12 094      130    2 274


*******************************************************************************
*** ENTRY LIST
***

Entry                      Address   Size  Type      Object
-----                      -------   ----  ----      ------
.iar.init_table$$Base   0x08002e44          --   Gb  - Linker created -
.iar.init_table$$Limit  0x08002e68          --   Gb  - Linker created -
?main                   0x08002e69         Code  Gb  cmain.o [5]
ADC1_2_IRQHandler       0x08002d3f    0xa  Code  Gb  stm32f1xx_it.o [1]
AHBPrescTable           0x08002ec0   0x10  Data  Gb  system_stm32f1xx.o [1]
BusFault_Handler        0x08002d1f    0x2  Code  Gb  stm32f1xx_it.o [1]
CSTACK$$Base            0x200004e8          --   Gb  - Linker created -
CSTACK$$Limit           0x200008e8          --   Gb  - Linker created -
CalcTemp                0x080009dd   0x22  Code  Gb  main.o [1]
DMA1_Channel1_IRQHandler
                        0x08002d35    0xa  Code  Gb  stm32f1xx_it.o [1]
DebugMon_Handler        0x08002d25    0x2  Code  Gb  stm32f1xx_it.o [1]
Delay10TCYx             0x08000151   0x16  Code  Gb  main.o [1]
Display                 0x0800054b  0x1e0  Code  Gb  main.o [1]
GetDigits               0x08000b7d   0x8a  Code  Gb  main.o [1]
HAL_ADCEx_InjectedConvCpltCallback
                        0x08002cad    0x2  Code  Wk  stm32f1xx_hal_adc_ex.o [1]
HAL_ADC_ConvCpltCallback
                        0x0800072b   0x28  Code  Gb  main.o [1]
HAL_ADC_IRQHandler      0x08002ba5  0x106  Code  Gb  stm32f1xx_hal_adc.o [1]
HAL_DMA_IRQHandler      0x08002815  0x358  Code  Gb  stm32f1xx_hal_dma.o [1]
HAL_Delay               0x08000ef5   0x1e  Code  Wk  stm32f1xx_hal.o [1]
HAL_GPIO_Init           0x08000c09  0x24c  Code  Gb  stm32f1xx_hal_gpio.o [1]
HAL_GPIO_ReadPin        0x08000e55   0x16  Code  Gb  stm32f1xx_hal_gpio.o [1]
HAL_GPIO_WritePin       0x08000e6b   0x1a  Code  Gb  stm32f1xx_hal_gpio.o [1]
HAL_GetTick             0x080026a1    0xc  Code  Wk  stm32f1xx_hal.o [1]
HAL_IncTick             0x08002d71   0x10  Code  Wk  stm32f1xx_hal.o [1]
HAL_Init                0x08000ecd   0x22  Code  Gb  stm32f1xx_hal.o [1]
HAL_InitTick            0x08002455   0x28  Code  Wk  stm32f1xx_hal.o [1]
HAL_MspInit             0x0800247d   0x98  Code  Gb  stm32f1xx_hal_msp.o [1]
HAL_NVIC_EnableIRQ      0x0800225d    0xe  Code  Gb  stm32f1xx_hal_cortex.o [1]
HAL_NVIC_SetPriority    0x08002233   0x2a  Code  Gb  stm32f1xx_hal_cortex.o [1]
HAL_NVIC_SetPriorityGrouping
                        0x08002227    0xc  Code  Gb  stm32f1xx_hal_cortex.o [1]
HAL_RCCEx_PeriphCLKConfig
                        0x08002029  0x10e  Code  Gb  stm32f1xx_hal_rcc_ex.o [1]
HAL_RCC_ClockConfig     0x08001dc3  0x188  Code  Gb  stm32f1xx_hal_rcc.o [1]
HAL_RCC_GetHCLKFreq     0x08001fbb    0x6  Code  Gb  stm32f1xx_hal_rcc.o [1]
HAL_RCC_GetSysClockFreq
                        0x08001f4b   0x70  Code  Gb  stm32f1xx_hal_rcc.o [1]
HAL_RCC_OscConfig       0x0800196d  0x456  Code  Gb  stm32f1xx_hal_rcc.o [1]
HAL_SYSTICK_CLKSourceConfig
                        0x08002277   0x20  Code  Gb  stm32f1xx_hal_cortex.o [1]
HAL_SYSTICK_Config      0x0800226b    0xc  Code  Gb  stm32f1xx_hal_cortex.o [1]
HAL_SYSTICK_IRQHandler  0x080022b9    0x8  Code  Gb  stm32f1xx_hal_cortex.o [1]
HAL_TIMEx_BreakCallback
                        0x080026b3    0x2  Code  Wk  stm32f1xx_hal_tim_ex.o [1]
HAL_TIMEx_CommutationCallback
                        0x080026b7    0x2  Code  Wk  stm32f1xx_hal_tim_ex.o [1]
HAL_TIMEx_MasterConfigSynchronization
                        0x080022c5   0x5a  Code  Gb  stm32f1xx_hal_tim_ex.o [1]
HAL_TIM_Base_Init       0x08000f15   0x38  Code  Gb  stm32f1xx_hal_tim.o [1]
HAL_TIM_Base_MspInit    0x08002515  0x168  Code  Gb  stm32f1xx_hal_msp.o [1]
HAL_TIM_Base_Start_IT   0x08000f4d   0x1e  Code  Gb  stm32f1xx_hal_tim.o [1]
HAL_TIM_ConfigClockSource
                        0x080010e1  0x11c  Code  Gb  stm32f1xx_hal_tim.o [1]
HAL_TIM_IRQHandler      0x08000f6b  0x176  Code  Gb  stm32f1xx_hal_tim.o [1]
HAL_TIM_PeriodElapsedCallback
                        0x08000521   0x2a  Code  Gb  main.o [1]
HardFault_Handler       0x08002d1b    0x2  Code  Gb  stm32f1xx_it.o [1]
MCUinit                 0x08000131   0x20  Code  Gb  main.o [1]
MX_GPIO_Init            0x080003b3   0xd8  Code  Gb  main.o [1]
MX_TIM2_Init            0x0800048b   0x96  Code  Lc  main.o [1]
MemManage_Handler       0x08002d1d    0x2  Code  Gb  stm32f1xx_it.o [1]
MemRead                 0x08000923   0xba  Code  Gb  main.o [1]
NMI_Handler             0x08002d19    0x2  Code  Gb  stm32f1xx_it.o [1]
NVIC_EnableIRQ          0x08002173   0x16  Code  Lc  stm32f1xx_hal_cortex.o [1]
NVIC_EncodePriority     0x080021b5   0x42  Code  Lc  stm32f1xx_hal_cortex.o [1]
NVIC_GetPriorityGrouping
                        0x08002169    0xa  Code  Lc  stm32f1xx_hal_cortex.o [1]
NVIC_SetPriority        0x08002189   0x2c  Code  Lc  stm32f1xx_hal_cortex.o [1]
NVIC_SetPriorityGrouping
                        0x0800214d   0x1c  Code  Lc  stm32f1xx_hal_cortex.o [1]
Nop                     0x08000169    0x4  Code  Gb  main.o [1]
PEC_calculation         0x08000a0d  0x114  Code  Gb  main.o [1]
PendSV_Handler          0x08002d27    0x2  Code  Gb  stm32f1xx_it.o [1]
RCC_Delay               0x08001fc1   0x26  Code  Lc  stm32f1xx_hal_rcc.o [1]
RX_byte                 0x080008ed   0x36  Code  Gb  main.o [1]
ReadSDA                 0x08000753   0x1a  Code  Gb  main.o [1]
Receive_bit             0x080008a1   0x4c  Code  Gb  main.o [1]
Region$$Table$$Base     0x08002e44          --   Gb  - Linker created -
Region$$Table$$Limit    0x08002e68          --   Gb  - Linker created -
START_bit               0x0800076d   0x54  Code  Gb  main.o [1]
STOP_bit                0x080007c1   0x4e  Code  Gb  main.o [1]
SVC_Handler             0x08002d23    0x2  Code  Gb  stm32f1xx_it.o [1]
SysTick_Config          0x080021f7   0x30  Code  Lc  stm32f1xx_hal_cortex.o [1]
SysTick_Handler         0x08002d29    0xc  Code  Gb  stm32f1xx_it.o [1]
SystemClock_Config      0x080002f9   0xb8  Code  Gb  main.o [1]
SystemCoreClock         0x20000004    0x4  Data  Gb  system_stm32f1xx.o [1]
SystemInit              0x08002cb1   0x4e  Code  Gb  system_stm32f1xx.o [1]
TIM2_IRQHandler         0x08002d49    0xa  Code  Gb  stm32f1xx_it.o [1]
TIM3_IRQHandler         0x08002d61    0x2  Code  Gb  stm32f1xx_it.o [1]
TIM5_IRQHandler         0x08002d69    0x2  Code  Gb  stm32f1xx_it.o [1]
TIM6_IRQHandler         0x08002d6b    0x2  Code  Gb  stm32f1xx_it.o [1]
TIM7_IRQHandler         0x08002d6d    0x2  Code  Gb  stm32f1xx_it.o [1]
TIM8_UP_IRQHandler      0x08002d67    0x2  Code  Gb  stm32f1xx_it.o [1]
TIM_Base_SetConfig      0x080011fd   0x9a  Code  Gb  stm32f1xx_hal_tim.o [1]
TIM_ETR_SetConfig       0x08001319   0x1a  Code  Lc  stm32f1xx_hal_tim.o [1]
TIM_ITRx_SetConfig      0x080012ff   0x1a  Code  Lc  stm32f1xx_hal_tim.o [1]
TIM_TI1_ConfigInputStage
                        0x080012ad   0x28  Code  Lc  stm32f1xx_hal_tim.o [1]
TIM_TI2_ConfigInputStage
                        0x080012d5   0x2a  Code  Lc  stm32f1xx_hal_tim.o [1]
TX_byte                 0x0800080f   0x32  Code  Gb  main.o [1]
USART1_IRQHandler       0x08002d63    0x2  Code  Gb  stm32f1xx_it.o [1]
USART2_IRQHandler       0x08002d65    0x2  Code  Gb  stm32f1xx_it.o [1]
UsageFault_Handler      0x08002d21    0x2  Code  Gb  stm32f1xx_it.o [1]
_Error_Handler          0x080003b1    0x2  Code  Gb  main.o [1]
__aeabi_cfcmple         0x08001949         Code  Gb  FltCmpLe.o [4]
__aeabi_d2f             0x080018e1         Code  Gb  DblToFlt.o [4]
__aeabi_dadd            0x0800137d         Code  Gb  DblAdd.o [4]
__aeabi_ddiv            0x08001699         Code  Gb  DblDiv.o [4]
__aeabi_dmul            0x080014f5         Code  Gb  DblMul.o [4]
__aeabi_f2d             0x08001335         Code  Gb  FltToDbl.o [4]
__aeabi_f2uiz           0x08002431         Code  Gb  FltToU32.o [4]
__aeabi_fmul            0x08002359         Code  Gb  FltMul.o [4]
__aeabi_memcpy4         0x0800278d         Code  Gb  ABImemcpy.o [5]
__aeabi_memcpy8         0x0800278d         Code  Gb  ABImemcpy.o [5]
__aeabi_ui2d            0x08002321         Code  Gb  U32ToDbl.o [4]
__aeabi_ui2f            0x0800233d         Code  Gb  U32ToFlt.o [4]
__cmain                 0x08002e69         Code  Gb  cmain.o [5]
__exit                  0x08002e9d   0x14  Code  Gb  exit.o [6]
__iar_copy_init3        0x08002df1   0x2c  Code  Gb  copy_init3.o [5]
__iar_dadd              0x080026b9         Code  Gb  DblSub.o [4]
__iar_data_init3        0x08002e1d   0x28  Code  Gb  data_init.o [5]
__iar_dsub              0x0800138d         Code  Gb  DblAdd.o [4]
__iar_dsubStart         0x0800139f         Code  Gb  DblAdd.o [4]
__iar_program_start     0x08002ee1         Code  Gb  cstartup_M.o [5]
__iar_systems$$module {Abs}
                        0x00000001         Data  Gb  command line/config [2]
__iar_zero_init3        0x08002d81   0x40  Code  Gb  zero_init3.o [5]
__low_level_init        0x08002e87    0x4  Code  Gb  low_level_init.o [3]
__vector_table          0x08000000         Data  Gb  startup_stm32f103xe.o [1]
_call_main              0x08002e75         Code  Gb  cmain.o [5]
_exit                   0x08002e91         Code  Gb  cexit.o [5]
_main                   0x08002e83         Code  Gb  cmain.o [5]
bitPosition             0x20000008    0x1  Data  Gb  main.o [1]
data                    0x200004d4    0x4  Data  Gb  main.o [1]
exit                    0x08002e8b    0x4  Code  Gb  exit.o [3]
g_ADCBuffer             0x2000000c  0x400  Data  Gb  main.o [1]
g_ADCValueDMA           0x200004cc    0x4  Data  Gb  main.o [1]
g_AdcHandle             0x20000490   0x30  Data  Gb  main.o [1]
g_DmaHandle             0x2000040c   0x44  Data  Gb  main.o [1]
htim2                   0x20000450   0x40  Data  Gb  main.o [1]
main                    0x0800016d  0x18c  Code  Gb  main.o [1]
ret                     0x200004c0    0x4  Data  Lc  main.o [1]
send_bit                0x08000841   0x60  Code  Gb  main.o [1]
shift                   0x200004c8    0x4  Data  Lc  main.o [1]
success                 0x200004e4    0x1  Data  Gb  main.o [1]
tempCelcius             0x200004d8    0x4  Data  Gb  main.o [1]
timer2Tick              0x200004c4    0x4  Data  Lc  main.o [1]
turn                    0x200004d0    0x4  Data  Gb  main.o [1]
uwTick                  0x200004e0    0x4  Data  Gb  stm32f1xx_hal.o [1]
val                     0x20000000    0x4  Data  Gb  main.o [1]
value                   0x200004dc    0x4  Data  Gb  main.o [1]


[1] = F:\KWSA\sensors\Pyrometer\_Firmware\EWARM\MainController_DIY\Obj
[2] = command line
[3] = dl7M_tlf.a
[4] = m7M_tl.a
[5] = rt7M_tl.a
[6] = shb_l.a

  12 094 bytes of readonly  code memory
     130 bytes of readonly  data memory
   2 274 bytes of readwrite data memory

Errors: none
Warnings: none
