###############################################################################
#
# IAR ELF Linker V8.22.1.15669/W32 for ARM                27/Aug/2018  13:05:53
# Copyright 2007-2018 IAR Systems AB.
#
#    Output file  =  
#        F:\KWSA\sensors\Pyrometer\_Firmware\EWARM\MainController_DIY\Exe\MainController_DIY.out
#    Map file     =  
#        F:\KWSA\sensors\Pyrometer\_Firmware\EWARM\MainController_DIY\List\MainController_DIY.map
#    Command line =  
#        -f
#        F:\TensorFlow\TensorFlow-Examples-master\notebooks\AppData\Local\Temp\EWA7A6.tmp
#        (F:\KWSA\sensors\Pyrometer\_Firmware\EWARM\MainController_DIY\Obj\crc.o
#        F:\KWSA\sensors\Pyrometer\_Firmware\EWARM\MainController_DIY\Obj\main.o
#        F:\KWSA\sensors\Pyrometer\_Firmware\EWARM\MainController_DIY\Obj\rs485.o
#        F:\KWSA\sensors\Pyrometer\_Firmware\EWARM\MainController_DIY\Obj\startup_stm32f103xe.o
#        F:\KWSA\sensors\Pyrometer\_Firmware\EWARM\MainController_DIY\Obj\stm32f1xx_hal.o
#        F:\KWSA\sensors\Pyrometer\_Firmware\EWARM\MainController_DIY\Obj\stm32f1xx_hal_adc.o
#        F:\KWSA\sensors\Pyrometer\_Firmware\EWARM\MainController_DIY\Obj\stm32f1xx_hal_adc_ex.o
#        F:\KWSA\sensors\Pyrometer\_Firmware\EWARM\MainController_DIY\Obj\stm32f1xx_hal_cortex.o
#        F:\KWSA\sensors\Pyrometer\_Firmware\EWARM\MainController_DIY\Obj\stm32f1xx_hal_dma.o
#        F:\KWSA\sensors\Pyrometer\_Firmware\EWARM\MainController_DIY\Obj\stm32f1xx_hal_flash.o
#        F:\KWSA\sensors\Pyrometer\_Firmware\EWARM\MainController_DIY\Obj\stm32f1xx_hal_flash_ex.o
#        F:\KWSA\sensors\Pyrometer\_Firmware\EWARM\MainController_DIY\Obj\stm32f1xx_hal_gpio.o
#        F:\KWSA\sensors\Pyrometer\_Firmware\EWARM\MainController_DIY\Obj\stm32f1xx_hal_gpio_ex.o
#        F:\KWSA\sensors\Pyrometer\_Firmware\EWARM\MainController_DIY\Obj\stm32f1xx_hal_i2c.o
#        F:\KWSA\sensors\Pyrometer\_Firmware\EWARM\MainController_DIY\Obj\stm32f1xx_hal_msp.o
#        F:\KWSA\sensors\Pyrometer\_Firmware\EWARM\MainController_DIY\Obj\stm32f1xx_hal_pwr.o
#        F:\KWSA\sensors\Pyrometer\_Firmware\EWARM\MainController_DIY\Obj\stm32f1xx_hal_rcc.o
#        F:\KWSA\sensors\Pyrometer\_Firmware\EWARM\MainController_DIY\Obj\stm32f1xx_hal_rcc_ex.o
#        F:\KWSA\sensors\Pyrometer\_Firmware\EWARM\MainController_DIY\Obj\stm32f1xx_hal_tim.o
#        F:\KWSA\sensors\Pyrometer\_Firmware\EWARM\MainController_DIY\Obj\stm32f1xx_hal_tim_ex.o
#        F:\KWSA\sensors\Pyrometer\_Firmware\EWARM\MainController_DIY\Obj\stm32f1xx_hal_uart.o
#        F:\KWSA\sensors\Pyrometer\_Firmware\EWARM\MainController_DIY\Obj\stm32f1xx_it.o
#        F:\KWSA\sensors\Pyrometer\_Firmware\EWARM\MainController_DIY\Obj\system_stm32f1xx.o
#        --redirect _Printf=_PrintfFull --redirect _Scanf=_ScanfFull -o
#        F:\KWSA\sensors\Pyrometer\_Firmware\EWARM\MainController_DIY\Exe\MainController_DIY.out
#        --map
#        F:\KWSA\sensors\Pyrometer\_Firmware\EWARM\MainController_DIY\List\MainController_DIY.map
#        --config
#        F:\KWSA\sensors\Pyrometer\_Firmware\EWARM/stm32f103xe_flash.icf
#        --semihosting --entry __iar_program_start --vfe --text_out locale)
#
###############################################################################

*******************************************************************************
*** RUNTIME MODEL ATTRIBUTES
***

CppFlavor       = *
__SystemLibrary = DLib
__dlib_version  = 6


*******************************************************************************
*** HEAP SELECTION
***

The basic heap was selected because some modules are built with
size limitations (and not runtime checking), and --advanced_heap
was not specified.


*******************************************************************************
*** PLACEMENT SUMMARY
***

"A0":  place at 0x08000000 { ro section .intvec };
"P1":  place in [from 0x08000000 to 0x0807ffff] { ro };
define block CSTACK with size = 1K, alignment = 8 { };
define block HEAP with size = 512, alignment = 8 { };
"P2":  place in [from 0x20000000 to 0x2000ffff] {
          rw, block CSTACK, block HEAP };
initialize by copy { rw };

  Section            Kind        Address    Size  Object
  -------            ----        -------    ----  ------
"A0":                                      0x130
  .intvec            ro code  0x08000000   0x130  startup_stm32f103xe.o [1]
                            - 0x08000130   0x130

"P1":                                     0x3f70
  .text              ro code  0x08000130   0xd0c  main.o [1]
  .text              ro code  0x08000e3c   0x2c4  stm32f1xx_hal_gpio.o [1]
  .text              ro code  0x08001100    0x28  stm32f1xx_hal.o [1]
  .text              ro code  0x08001128    0xe6  crc.o [1]
  .text              ro code  0x0800120e    0x1e  stm32f1xx_hal.o [1]
  .text              ro code  0x0800122c   0x41e  stm32f1xx_hal_tim.o [1]
  .rodata            const    0x0800164a     0x2  stm32f1xx_hal_rcc.o [1]
  .text              ro code  0x0800164c   0x5c0  rs485.o [1]
  .text              ro code  0x08001c0c   0x6ec  stm32f1xx_hal_rcc.o [1]
  .text              ro code  0x080022f8   0x124  stm32f1xx_hal_rcc_ex.o [1]
  .text              ro code  0x0800241c   0x176  stm32f1xx_hal_cortex.o [1]
  .text              ro code  0x08002594    0x5c  stm32f1xx_hal_tim_ex.o [1]
  .text              ro code  0x080025f0    0x1a  U32ToDbl.o [4]
  .text              ro code  0x0800260c   0x1a2  DblMul.o [4]
  .text              ro code  0x080027b0   0x178  DblAdd.o [4]
  .text              ro code  0x08002928    0x68  DblToFlt.o [4]
  .text              ro code  0x08002990    0x24  FltCmpLe.o [4]
  .text              ro code  0x080029b4    0x1c  U32ToFlt.o [4]
  .text              ro code  0x080029d0    0xd8  FltMul.o [4]
  .text              ro code  0x08002aa8    0x22  FltToU32.o [4]
  .text              ro code  0x08002acc   0x680  stm32f1xx_hal_uart.o [1]
  .text              ro code  0x0800314c    0x28  stm32f1xx_hal.o [1]
  .text              ro code  0x08003174   0x2bc  stm32f1xx_hal_msp.o [1]
  .text              ro code  0x08003430    0x24  ABIassert.o [6]
  .text              ro code  0x08003454     0xc  stm32f1xx_hal.o [1]
  .text              ro code  0x08003460     0x2  stm32f1xx_hal_tim.o [1]
  .text              ro code  0x08003462     0x2  stm32f1xx_hal_tim.o [1]
  .text              ro code  0x08003464     0x2  stm32f1xx_hal_tim.o [1]
  .text              ro code  0x08003466     0x2  stm32f1xx_hal_tim_ex.o [1]
  .text              ro code  0x08003468     0x2  stm32f1xx_hal_tim.o [1]
  .text              ro code  0x0800346a     0x2  stm32f1xx_hal_tim_ex.o [1]
  .text              ro code  0x0800346c    0x4c  strcpy.o [5]
  .text              ro code  0x080034b8    0x20  strcat.o [3]
  .text              ro code  0x080034d8    0x36  strlen.o [5]
  .text              ro code  0x0800350e     0xc  memcpy.o [5]
  .text              ro code  0x0800351c    0xa6  ABImemcpy.o [5]
  .text              ro code  0x080035c4    0xd2  DblSub.o [4]
  .text              ro code  0x08003698   0x584  stm32f1xx_hal_dma.o [1]
  .text              ro code  0x08003c1c     0x2  stm32f1xx_hal_uart.o [1]
  .text              ro code  0x08003c1e     0x6  abort.o [3]
  .text              ro code  0x08003c24    0x14  exit.o [6]
  .text              ro code  0x08003c38   0x106  stm32f1xx_hal_adc.o [1]
  .text              ro code  0x08003d40     0x2  stm32f1xx_hal_adc_ex.o [1]
  .text              ro code  0x08003d42     0x2  stm32f1xx_hal_adc.o [1]
  .text              ro code  0x08003d44    0x68  system_stm32f1xx.o [1]
  .text              ro code  0x08003dac    0x60  stm32f1xx_it.o [1]
  .text              ro code  0x08003e0c    0x10  stm32f1xx_hal.o [1]
  .text              ro code  0x08003e1c    0x40  zero_init3.o [5]
  .text              ro code  0x08003e5c    0x38  packbits_init_single.o [5]
  .rodata            const    0x08003e94    0x30  crc.o [1]
  .rodata            const    0x08003ec4    0x30  main.o [1]
  .text              ro code  0x08003ef4    0x28  data_init.o [5]
  .iar.init_table    const    0x08003f1c    0x20  - Linker created -
  .text              ro code  0x08003f3c    0x1e  cmain.o [5]
  .text              ro code  0x08003f5a     0x4  low_level_init.o [3]
  .text              ro code  0x08003f5e     0x4  exit.o [3]
  .text              ro code  0x08003f64     0xa  cexit.o [5]
  .rodata            const    0x08003f70    0x10  stm32f1xx_hal_rcc.o [1]
  .rodata            const    0x08003f80    0x10  system_stm32f1xx.o [1]
  .text              ro code  0x08003f90    0x10  startup_stm32f103xe.o [1]
  .text              ro code  0x08003fa0     0xc  cstartup_M.o [5]
  .rodata            const    0x08003fac     0x8  crc.o [1]
  .rodata            const    0x08003fb4     0x8  system_stm32f1xx.o [1]
  .text              ro code  0x08003fbc     0x4  startup_stm32f103xe.o [1]
  .text              ro code  0x08003fc0     0x4  startup_stm32f103xe.o [1]
  .text              ro code  0x08003fc4     0x4  startup_stm32f103xe.o [1]
  .text              ro code  0x08003fc8     0x4  startup_stm32f103xe.o [1]
  .text              ro code  0x08003fcc     0x4  startup_stm32f103xe.o [1]
  .text              ro code  0x08003fd0     0x4  startup_stm32f103xe.o [1]
  .text              ro code  0x08003fd4     0x4  startup_stm32f103xe.o [1]
  .text              ro code  0x08003fd8     0x4  startup_stm32f103xe.o [1]
  .text              ro code  0x08003fdc     0x4  startup_stm32f103xe.o [1]
  .text              ro code  0x08003fe0     0x4  startup_stm32f103xe.o [1]
  .text              ro code  0x08003fe4     0x4  startup_stm32f103xe.o [1]
  .text              ro code  0x08003fe8     0x4  startup_stm32f103xe.o [1]
  .text              ro code  0x08003fec     0x4  startup_stm32f103xe.o [1]
  .text              ro code  0x08003ff0     0x4  startup_stm32f103xe.o [1]
  .text              ro code  0x08003ff4     0x4  startup_stm32f103xe.o [1]
  .text              ro code  0x08003ff8     0x4  startup_stm32f103xe.o [1]
  .text              ro code  0x08003ffc     0x4  startup_stm32f103xe.o [1]
  .text              ro code  0x08004000     0x4  startup_stm32f103xe.o [1]
  .text              ro code  0x08004004     0x4  startup_stm32f103xe.o [1]
  .text              ro code  0x08004008     0x4  startup_stm32f103xe.o [1]
  .text              ro code  0x0800400c     0x4  startup_stm32f103xe.o [1]
  .text              ro code  0x08004010     0x4  startup_stm32f103xe.o [1]
  .text              ro code  0x08004014     0x4  startup_stm32f103xe.o [1]
  .text              ro code  0x08004018     0x4  startup_stm32f103xe.o [1]
  .text              ro code  0x0800401c     0x4  startup_stm32f103xe.o [1]
  .text              ro code  0x08004020     0x4  startup_stm32f103xe.o [1]
  .text              ro code  0x08004024     0x4  startup_stm32f103xe.o [1]
  .text              ro code  0x08004028     0x4  startup_stm32f103xe.o [1]
  .text              ro code  0x0800402c     0x4  startup_stm32f103xe.o [1]
  .text              ro code  0x08004030     0x4  startup_stm32f103xe.o [1]
  .text              ro code  0x08004034     0x4  startup_stm32f103xe.o [1]
  .text              ro code  0x08004038     0x4  startup_stm32f103xe.o [1]
  .text              ro code  0x0800403c     0x4  startup_stm32f103xe.o [1]
  .text              ro code  0x08004040     0x4  startup_stm32f103xe.o [1]
  .text              ro code  0x08004044     0x4  startup_stm32f103xe.o [1]
  .text              ro code  0x08004048     0x4  startup_stm32f103xe.o [1]
  .text              ro code  0x0800404c     0x4  startup_stm32f103xe.o [1]
  .text              ro code  0x08004050     0x4  startup_stm32f103xe.o [1]
  .text              ro code  0x08004054     0x4  startup_stm32f103xe.o [1]
  .text              ro code  0x08004058     0x4  startup_stm32f103xe.o [1]
  .text              ro code  0x0800405c     0x4  startup_stm32f103xe.o [1]
  .text              ro code  0x08004060     0x4  startup_stm32f103xe.o [1]
  .text              ro code  0x08004064     0x4  startup_stm32f103xe.o [1]
  .text              ro code  0x08004068     0x4  startup_stm32f103xe.o [1]
  .text              ro code  0x0800406c     0x4  startup_stm32f103xe.o [1]
  .text              ro code  0x08004070     0x4  startup_stm32f103xe.o [1]
  .text              ro code  0x08004074     0x4  startup_stm32f103xe.o [1]
  .text              ro code  0x08004078     0x4  startup_stm32f103xe.o [1]
  .text              ro code  0x0800407c     0x4  startup_stm32f103xe.o [1]
  .text              ro code  0x08004080     0x4  startup_stm32f103xe.o [1]
  .rodata            const    0x08004084     0x0  zero_init3.o [5]
  .rodata            const    0x08004084     0x0  packbits_init_single.o [5]
  Initializer bytes  const    0x08004084    0x1c  <for P2-1>
                            - 0x080040a0  0x3f70

"P2", part 1 of 3:                         0x10f
  P2-1                        0x20000000   0x10f  <Init block>
    .data            inited   0x20000000     0x4  main.o [1]
    .data            inited   0x20000004     0x4  main.o [1]
    .data            inited   0x20000008   0x100  rs485.o [1]
    .data            inited   0x20000108     0x4  system_stm32f1xx.o [1]
    .data            inited   0x2000010c     0x1  main.o [1]
    .data            inited   0x2000010d     0x1  main.o [1]
    .data            inited   0x2000010e     0x1  rs485.o [1]
                            - 0x2000010f   0x10f

"P2", part 2 of 3:                        0x12ac
  .bss               zero     0x20000110   0x820  rs485.o [1]
  .bss               zero     0x20000930   0x400  main.o [1]
  .bss               zero     0x20000d30   0x400  main.o [1]
  .bss               zero     0x20001130   0x10c  rs485.o [1]
  .bss               zero     0x2000123c    0x44  main.o [1]
  .bss               zero     0x20001280    0x40  main.o [1]
  .bss               zero     0x200012c0    0x40  main.o [1]
  .bss               zero     0x20001300    0x30  main.o [1]
  .bss               zero     0x20001330    0x10  rs485.o [1]
  .bss               zero     0x20001340    0x10  rs485.o [1]
  .bss               zero     0x20001350     0x4  crc.o [1]
  .bss               zero     0x20001354     0x4  crc.o [1]
  .bss               zero     0x20001358     0x4  crc.o [1]
  .bss               zero     0x2000135c     0x4  crc.o [1]
  .bss               zero     0x20001360     0x4  main.o [1]
  .bss               zero     0x20001364     0x4  main.o [1]
  .bss               zero     0x20001368     0x4  main.o [1]
  .bss               zero     0x2000136c     0x4  main.o [1]
  .bss               zero     0x20001370     0x4  main.o [1]
  .bss               zero     0x20001374     0x4  main.o [1]
  .bss               zero     0x20001378     0x4  main.o [1]
  .bss               zero     0x2000137c     0x4  main.o [1]
  .bss               zero     0x20001380     0x4  main.o [1]
  .bss               zero     0x20001384     0x4  main.o [1]
  .bss               zero     0x20001388     0x4  main.o [1]
  .bss               zero     0x2000138c     0x4  main.o [1]
  .bss               zero     0x20001390     0x4  main.o [1]
  .bss               zero     0x20001394     0x4  main.o [1]
  .bss               zero     0x20001398     0x4  main.o [1]
  .bss               zero     0x2000139c     0x4  main.o [1]
  .bss               zero     0x200013a0     0x4  main.o [1]
  .bss               zero     0x200013a4     0x4  rs485.o [1]
  .bss               zero     0x200013a8     0x4  rs485.o [1]
  .bss               zero     0x200013ac     0x4  rs485.o [1]
  .bss               zero     0x200013b0     0x4  rs485.o [1]
  .bss               zero     0x200013b4     0x4  stm32f1xx_hal.o [1]
  .bss               zero     0x200013b8     0x1  main.o [1]
  .bss               zero     0x200013b9     0x1  rs485.o [1]
  .bss               zero     0x200013ba     0x1  rs485.o [1]
  .bss               zero     0x200013bb     0x1  rs485.o [1]
                            - 0x200013bc  0x12ac

"P2", part 3 of 3:                         0x400
  CSTACK                      0x200013c0   0x400  <Block>
    CSTACK           uninit   0x200013c0   0x400  <Block tail>
                            - 0x200017c0   0x400


*******************************************************************************
*** INIT TABLE
***

          Address     Size
          -------     ----
Zero (__iar_zero_init3)
    1 destination range, total size 0x12ac:
          0x20000110  0x12ac

Copy/packbits (__iar_packbits_init_single3)
    1 source range, total size 0x1c (10% of destination):
          0x08004084    0x1c
    1 destination range, total size 0x10f:
          0x20000000   0x10f



*******************************************************************************
*** MODULE SUMMARY
***

    Module                  ro code  ro data  rw data
    ------                  -------  -------  -------
F:\KWSA\sensors\Pyrometer\_Firmware\EWARM\MainController_DIY\Obj: [1]
    crc.o                       230       56       16
    main.o                    3 340       48    2 371
    rs485.o                   1 472       28    2 656
    startup_stm32f103xe.o       520
    stm32f1xx_hal.o             138                 4
    stm32f1xx_hal_adc.o         264
    stm32f1xx_hal_adc_ex.o        2
    stm32f1xx_hal_cortex.o      374
    stm32f1xx_hal_dma.o       1 412
    stm32f1xx_hal_gpio.o        708
    stm32f1xx_hal_msp.o         700
    stm32f1xx_hal_rcc.o       1 772       18
    stm32f1xx_hal_rcc_ex.o      292
    stm32f1xx_hal_tim.o       1 062
    stm32f1xx_hal_tim_ex.o       96
    stm32f1xx_hal_uart.o      1 666
    stm32f1xx_it.o               96
    system_stm32f1xx.o          104       24        4
    -------------------------------------------------
    Total:                   14 248      174    5 051

command line: [2]
    -------------------------------------------------
    Total:

dl7M_tlf.a: [3]
    abort.o                       6
    exit.o                        4
    low_level_init.o              4
    strcat.o                     32
    -------------------------------------------------
    Total:                       46

m7M_tl.a: [4]
    DblAdd.o                    376
    DblMul.o                    418
    DblSub.o                    210
    DblToFlt.o                  104
    FltCmpLe.o                   36
    FltMul.o                    216
    FltToU32.o                   34
    U32ToDbl.o                   26
    U32ToFlt.o                   28
    -------------------------------------------------
    Total:                    1 448

rt7M_tl.a: [5]
    ABImemcpy.o                 166
    cexit.o                      10
    cmain.o                      30
    cstartup_M.o                 12
    data_init.o                  40
    memcpy.o                     12
    packbits_init_single.o       56
    strcpy.o                     76
    strlen.o                     54
    zero_init3.o                 64
    -------------------------------------------------
    Total:                      520

shb_l.a: [6]
    ABIassert.o                  36
    exit.o                       20
    -------------------------------------------------
    Total:                       56

    Gaps                         18        2
    Linker created                        32    1 024
-----------------------------------------------------
    Grand Total:             16 336      208    6 075


*******************************************************************************
*** ENTRY LIST
***

Entry                      Address   Size  Type      Object
-----                      -------   ----  ----      ------
.iar.init_table$$Base   0x08003f1c          --   Gb  - Linker created -
.iar.init_table$$Limit  0x08003f3c          --   Gb  - Linker created -
?main                   0x08003f3d         Code  Gb  cmain.o [5]
ADC1_2_IRQHandler       0x08003dd3    0xa  Code  Gb  stm32f1xx_it.o [1]
AHBPrescTable           0x08003f80   0x10  Data  Gb  system_stm32f1xx.o [1]
APBPrescTable           0x08003fb4    0x8  Data  Gb  system_stm32f1xx.o [1]
BusFault_Handler        0x08003db3    0x2  Code  Gb  stm32f1xx_it.o [1]
CSTACK$$Base            0x200013c0          --   Gb  - Linker created -
CSTACK$$Limit           0x200017c0          --   Gb  - Linker created -
CalcTemp                0x08000b19   0x28  Code  Gb  main.o [1]
CheckCmd                0x080019a5   0x38  Code  Lc  rs485.o [1]
CheckID                 0x080018ed   0x48  Code  Lc  rs485.o [1]
DMA1_Channel1_IRQHandler
                        0x08003dc9    0xa  Code  Gb  stm32f1xx_it.o [1]
DebugMon_Handler        0x08003db9    0x2  Code  Gb  stm32f1xx_it.o [1]
Delay10TCYx             0x08000151   0x16  Code  Gb  main.o [1]
Display                 0x0800067b  0x1e0  Code  Gb  main.o [1]
GetAddr                 0x08001b1d   0x7c  Code  Gb  rs485.o [1]
GetDegree               0x080011fd   0x12  Code  Lc  crc.o [1]
GetDigits               0x08000c8d   0x8a  Code  Gb  main.o [1]
HAL_ADCEx_InjectedConvCpltCallback
                        0x08003d41    0x2  Code  Wk  stm32f1xx_hal_adc_ex.o [1]
HAL_ADC_ConvCpltCallback
                        0x0800085b   0x28  Code  Gb  main.o [1]
HAL_ADC_IRQHandler      0x08003c39  0x106  Code  Gb  stm32f1xx_hal_adc.o [1]
HAL_DMA_Abort_IT        0x08003699  0x1be  Code  Gb  stm32f1xx_hal_dma.o [1]
HAL_DMA_IRQHandler      0x0800388d  0x358  Code  Gb  stm32f1xx_hal_dma.o [1]
HAL_Delay               0x0800120f   0x1e  Code  Wk  stm32f1xx_hal.o [1]
HAL_GPIO_Init           0x08000e3d  0x24c  Code  Gb  stm32f1xx_hal_gpio.o [1]
HAL_GPIO_ReadPin        0x08001089   0x16  Code  Gb  stm32f1xx_hal_gpio.o [1]
HAL_GPIO_WritePin       0x0800109f   0x1a  Code  Gb  stm32f1xx_hal_gpio.o [1]
HAL_GetTick             0x08003455    0xc  Code  Wk  stm32f1xx_hal.o [1]
HAL_IncTick             0x08003e0d   0x10  Code  Wk  stm32f1xx_hal.o [1]
HAL_Init                0x08001101   0x22  Code  Gb  stm32f1xx_hal.o [1]
HAL_InitTick            0x0800314d   0x28  Code  Wk  stm32f1xx_hal.o [1]
HAL_MspInit             0x08003175   0x98  Code  Gb  stm32f1xx_hal_msp.o [1]
HAL_NVIC_EnableIRQ      0x0800252d    0xe  Code  Gb  stm32f1xx_hal_cortex.o [1]
HAL_NVIC_SetPriority    0x08002503   0x2a  Code  Gb  stm32f1xx_hal_cortex.o [1]
HAL_NVIC_SetPriorityGrouping
                        0x080024f7    0xc  Code  Gb  stm32f1xx_hal_cortex.o [1]
HAL_RCCEx_PeriphCLKConfig
                        0x080022f9  0x10e  Code  Gb  stm32f1xx_hal_rcc_ex.o [1]
HAL_RCC_ClockConfig     0x08002063  0x188  Code  Gb  stm32f1xx_hal_rcc.o [1]
HAL_RCC_GetHCLKFreq     0x0800225b    0x6  Code  Gb  stm32f1xx_hal_rcc.o [1]
HAL_RCC_GetPCLK1Freq    0x08002261   0x16  Code  Gb  stm32f1xx_hal_rcc.o [1]
HAL_RCC_GetPCLK2Freq    0x08002277   0x16  Code  Gb  stm32f1xx_hal_rcc.o [1]
HAL_RCC_GetSysClockFreq
                        0x080021eb   0x70  Code  Gb  stm32f1xx_hal_rcc.o [1]
HAL_RCC_OscConfig       0x08001c0d  0x456  Code  Gb  stm32f1xx_hal_rcc.o [1]
HAL_SYSTICK_CLKSourceConfig
                        0x08002547   0x20  Code  Gb  stm32f1xx_hal_cortex.o [1]
HAL_SYSTICK_Config      0x0800253b    0xc  Code  Gb  stm32f1xx_hal_cortex.o [1]
HAL_SYSTICK_IRQHandler  0x08002589    0x8  Code  Gb  stm32f1xx_hal_cortex.o [1]
HAL_TIMEx_BreakCallback
                        0x08003467    0x2  Code  Wk  stm32f1xx_hal_tim_ex.o [1]
HAL_TIMEx_CommutationCallback
                        0x0800346b    0x2  Code  Wk  stm32f1xx_hal_tim_ex.o [1]
HAL_TIMEx_MasterConfigSynchronization
                        0x08002595   0x5a  Code  Gb  stm32f1xx_hal_tim_ex.o [1]
HAL_TIM_Base_Init       0x0800122d   0x38  Code  Gb  stm32f1xx_hal_tim.o [1]
HAL_TIM_Base_MspInit    0x0800320d  0x170  Code  Gb  stm32f1xx_hal_msp.o [1]
HAL_TIM_Base_Start_IT   0x08001265   0x1e  Code  Gb  stm32f1xx_hal_tim.o [1]
HAL_TIM_ConfigClockSource
                        0x080013f9  0x11c  Code  Gb  stm32f1xx_hal_tim.o [1]
HAL_TIM_IRQHandler      0x08001283  0x176  Code  Gb  stm32f1xx_hal_tim.o [1]
HAL_TIM_PeriodElapsedCallback
                        0x0800060b   0x70  Code  Gb  main.o [1]
HAL_UART_ErrorCallback  0x08000d85   0x4c  Code  Gb  main.o [1]
HAL_UART_IRQHandler     0x08002c87  0x14a  Code  Gb  stm32f1xx_hal_uart.o [1]
HAL_UART_Init           0x08002acd   0x76  Code  Gb  stm32f1xx_hal_uart.o [1]
HAL_UART_MspInit        0x0800337d   0x84  Code  Gb  stm32f1xx_hal_msp.o [1]
HAL_UART_Receive        0x08002b43   0xea  Code  Gb  stm32f1xx_hal_uart.o [1]
HAL_UART_Transmit_IT    0x08002c2d   0x5a  Code  Gb  stm32f1xx_hal_uart.o [1]
HAL_UART_TxCpltCallback
                        0x08000d69   0x18  Code  Gb  main.o [1]
HardFault_Handler       0x08003daf    0x2  Code  Gb  stm32f1xx_it.o [1]
IsValid                 0x08001939   0x6c  Code  Lc  rs485.o [1]
MCUinit                 0x08000131   0x20  Code  Gb  main.o [1]
MX_GPIO_Init            0x08000439  0x13c  Code  Gb  main.o [1]
MX_TIM3_Init            0x08000575   0x96  Code  Lc  main.o [1]
MX_USART2_UART_Init     0x08000d17   0x52  Code  Gb  main.o [1]
MemManage_Handler       0x08003db1    0x2  Code  Gb  stm32f1xx_it.o [1]
MemRead                 0x08000a53   0xba  Code  Gb  main.o [1]
NMI_Handler             0x08003dad    0x2  Code  Gb  stm32f1xx_it.o [1]
NVIC_EnableIRQ          0x08002443   0x16  Code  Lc  stm32f1xx_hal_cortex.o [1]
NVIC_EncodePriority     0x08002485   0x42  Code  Lc  stm32f1xx_hal_cortex.o [1]
NVIC_GetPriorityGrouping
                        0x08002439    0xa  Code  Lc  stm32f1xx_hal_cortex.o [1]
NVIC_SetPriority        0x08002459   0x2c  Code  Lc  stm32f1xx_hal_cortex.o [1]
NVIC_SetPriorityGrouping
                        0x0800241d   0x1c  Code  Lc  stm32f1xx_hal_cortex.o [1]
Nop                     0x08000169    0x4  Code  Gb  main.o [1]
PEC_calculation         0x08000b69  0x114  Code  Gb  main.o [1]
PendSV_Handler          0x08003dbb    0x2  Code  Gb  stm32f1xx_it.o [1]
ProcessInput            0x08001793  0x15a  Code  Gb  rs485.o [1]
RCC_Delay               0x0800228d   0x26  Code  Lc  stm32f1xx_hal_rcc.o [1]
RX_byte                 0x08000a1d   0x36  Code  Gb  main.o [1]
ReadSDA                 0x08000883   0x1a  Code  Gb  main.o [1]
Receive_bit             0x080009d1   0x4c  Code  Gb  main.o [1]
Region$$Table$$Base     0x08003f1c          --   Gb  - Linker created -
Region$$Table$$Limit    0x08003f3c          --   Gb  - Linker created -
RequestRecv             0x080016ef   0xa4  Code  Gb  rs485.o [1]
START_bit               0x0800089d   0x54  Code  Gb  main.o [1]
STOP_bit                0x080008f1   0x4e  Code  Gb  main.o [1]
SVC_Handler             0x08003db7    0x2  Code  Gb  stm32f1xx_it.o [1]
SendData                0x080019dd  0x140  Code  Gb  rs485.o [1]
SysTick_Config          0x080024c7   0x30  Code  Lc  stm32f1xx_hal_cortex.o [1]
SysTick_Handler         0x08003dbd    0xc  Code  Gb  stm32f1xx_it.o [1]
SystemClock_Config      0x0800037f   0xb8  Code  Gb  main.o [1]
SystemCoreClock         0x20000108    0x4  Data  Gb  system_stm32f1xx.o [1]
SystemInit              0x08003d45   0x4e  Code  Gb  system_stm32f1xx.o [1]
TIM2_IRQHandler         0x08003ddd    0x2  Code  Gb  stm32f1xx_it.o [1]
TIM3_IRQHandler         0x08003ddf    0xa  Code  Gb  stm32f1xx_it.o [1]
TIM5_IRQHandler         0x08003e07    0x2  Code  Gb  stm32f1xx_it.o [1]
TIM6_IRQHandler         0x08003e09    0x2  Code  Gb  stm32f1xx_it.o [1]
TIM7_IRQHandler         0x08003e0b    0x2  Code  Gb  stm32f1xx_it.o [1]
TIM8_UP_IRQHandler      0x08003e05    0x2  Code  Gb  stm32f1xx_it.o [1]
TIM_Base_SetConfig      0x08001515   0x9a  Code  Gb  stm32f1xx_hal_tim.o [1]
TIM_ETR_SetConfig       0x08001631   0x1a  Code  Lc  stm32f1xx_hal_tim.o [1]
TIM_ITRx_SetConfig      0x08001617   0x1a  Code  Lc  stm32f1xx_hal_tim.o [1]
TIM_TI1_ConfigInputStage
                        0x080015c5   0x28  Code  Lc  stm32f1xx_hal_tim.o [1]
TIM_TI2_ConfigInputStage
                        0x080015ed   0x2a  Code  Lc  stm32f1xx_hal_tim.o [1]
TX_byte                 0x0800093f   0x32  Code  Gb  main.o [1]
UART_DMAAbortOnError    0x08002e61   0x16  Code  Lc  stm32f1xx_hal_uart.o [1]
UART_EndRxTransfer      0x08002e3f   0x20  Code  Lc  stm32f1xx_hal_uart.o [1]
UART_EndTransmit_IT     0x08002ee7   0x20  Code  Lc  stm32f1xx_hal_uart.o [1]
UART_Receive_IT         0x08002f07   0xae  Code  Lc  stm32f1xx_hal_uart.o [1]
UART_SetConfig          0x08002fb5  0x190  Code  Lc  stm32f1xx_hal_uart.o [1]
UART_Transmit_IT        0x08002e79   0x6e  Code  Lc  stm32f1xx_hal_uart.o [1]
UART_WaitOnFlagUntilTimeout
                        0x08002dd1   0x6e  Code  Lc  stm32f1xx_hal_uart.o [1]
USART1_IRQHandler       0x08003de9    0x2  Code  Gb  stm32f1xx_it.o [1]
USART2_IRQHandler       0x08003deb    0xa  Code  Gb  stm32f1xx_it.o [1]
USART_ClearITPendingBit
                        0x08000e21   0x1c  Code  Lc  main.o [1]
UsageFault_Handler      0x08003db5    0x2  Code  Gb  stm32f1xx_it.o [1]
_Error_Handler          0x08000437    0x2  Code  Gb  main.o [1]
__aeabi_assert          0x08003431   0x24  Code  Gb  ABIassert.o [6]
__aeabi_cfcmple         0x08002991         Code  Gb  FltCmpLe.o [4]
__aeabi_d2f             0x08002929         Code  Gb  DblToFlt.o [4]
__aeabi_dadd            0x080027b1         Code  Gb  DblAdd.o [4]
__aeabi_dmul            0x0800260d         Code  Gb  DblMul.o [4]
__aeabi_f2uiz           0x08002aa9         Code  Gb  FltToU32.o [4]
__aeabi_fmul            0x080029d1         Code  Gb  FltMul.o [4]
__aeabi_memcpy          0x0800351d         Code  Gb  ABImemcpy.o [5]
__aeabi_memcpy4         0x0800353d         Code  Gb  ABImemcpy.o [5]
__aeabi_memcpy8         0x0800353d         Code  Gb  ABImemcpy.o [5]
__aeabi_ui2d            0x080025f1         Code  Gb  U32ToDbl.o [4]
__aeabi_ui2f            0x080029b5         Code  Gb  U32ToFlt.o [4]
__cmain                 0x08003f3d         Code  Gb  cmain.o [5]
__exit                  0x08003c25   0x14  Code  Gb  exit.o [6]
__iar_dadd              0x080035c5         Code  Gb  DblSub.o [4]
__iar_data_init3        0x08003ef5   0x28  Code  Gb  data_init.o [5]
__iar_dsub              0x080027c1         Code  Gb  DblAdd.o [4]
__iar_dsubStart         0x080027d3         Code  Gb  DblAdd.o [4]
__iar_packbits_init_single3
                        0x08003e5d   0x38  Code  Gb  packbits_init_single.o [5]
__iar_program_start     0x08003fa1         Code  Gb  cstartup_M.o [5]
__iar_systems$$module {Abs}
                        0x00000001         Data  Gb  command line/config [2]
__iar_zero_init3        0x08003e1d   0x40  Code  Gb  zero_init3.o [5]
__low_level_init        0x08003f5b    0x4  Code  Gb  low_level_init.o [3]
__vector_table          0x08000000         Data  Gb  startup_stm32f103xe.o [1]
_call_main              0x08003f49         Code  Gb  cmain.o [5]
_exit                   0x08003f65         Code  Gb  cexit.o [5]
_main                   0x08003f57         Code  Gb  cmain.o [5]
abort                   0x08003c1f    0x6  Code  Gb  abort.o [3]
addr                    0x20001340   0x10  Data  Gb  rs485.o [1]
addrCrc                 0x200013b9    0x1  Data  Gb  rs485.o [1]
addrData                0x200013a4    0x4  Data  Gb  rs485.o [1]
bitPosition             0x2000010d    0x1  Data  Gb  main.o [1]
cmdLen                  0x2000010e    0x1  Data  Lc  rs485.o [1]
cmdStr                  0x20001130  0x10c  Data  Gb  rs485.o [1]
cmdStrPrefix            0x20000008  0x100  Data  Gb  rs485.o [1]
crcCalc                 0x08001169   0x7c  Code  Gb  crc.o [1]
crcInit                 0x08001129   0x40  Code  Gb  crc.o [1]
data                    0x20000110  0x820  Data  Gb  rs485.o [1]
dataCrc                 0x200013ba    0x1  Data  Gb  rs485.o [1]
dataReady               0x20001398    0x4  Data  Gb  main.o [1]
data_element            0x200013bb    0x1  Data  Lc  rs485.o [1]
deg4                    0x20001350    0x4  Data  Gb  crc.o [1]
deg8                    0x20001354    0x4  Data  Gb  crc.o [1]
errCode                 0x20000d30  0x400  Data  Gb  main.o [1]
exit                    0x08003f5f    0x4  Code  Gb  exit.o [3]
g_ADCBuffer             0x20000930  0x400  Data  Gb  main.o [1]
g_ADCValueDMA           0x2000136c    0x4  Data  Gb  main.o [1]
g_AdcHandle             0x20001300   0x30  Data  Gb  main.o [1]
g_DmaHandle             0x2000123c   0x44  Data  Gb  main.o [1]
htim3                   0x200012c0   0x40  Data  Gb  main.o [1]
huart2                  0x20001280   0x40  Data  Gb  main.o [1]
idLen                   0x200013ac    0x4  Data  Lc  rs485.o [1]
lastByte                0x20001390    0x4  Data  Gb  main.o [1]
main                    0x0800016d  0x212  Code  Gb  main.o [1]
memcpy                  0x0800350f    0xc  Code  Gb  memcpy.o [5]
myAddr                  0x2000137c    0x4  Data  Gb  main.o [1]
polynom4                0x20001358    0x4  Data  Gb  crc.o [1]
polynom8                0x2000135c    0x4  Data  Gb  crc.o [1]
preCount                0x2000010c    0x1  Data  Gb  main.o [1]
pyroMeterData           0x20001374    0x4  Data  Gb  main.o [1]
readErrorCount          0x20001388    0x4  Data  Gb  main.o [1]
requestOkay             0x200013b0    0x4  Data  Gb  rs485.o [1]
ret                     0x20001360    0x4  Data  Lc  main.o [1]
rs485_Init              0x0800164d   0xa2  Code  Gb  rs485.o [1]
sendData                0x20001394    0x4  Data  Gb  main.o [1]
send_bit                0x08000971   0x60  Code  Gb  main.o [1]
sent                    0x200013a0    0x4  Data  Gb  main.o [1]
sentBufferEmpty         0x20000004    0x4  Data  Gb  main.o [1]
shift                   0x20001368    0x4  Data  Lc  main.o [1]
strcat                  0x080034b9   0x20  Code  Gb  strcat.o [3]
strcpy                  0x0800346d         Code  Gb  strcpy.o [5]
strlen                  0x080034d9         Code  Gb  strlen.o [5]
success                 0x200013b8    0x1  Data  Gb  main.o [1]
temp                    0x200013a8    0x4  Data  Gb  rs485.o [1]
tempCelcius             0x20001378    0x4  Data  Gb  main.o [1]
timer2Tick              0x20001364    0x4  Data  Lc  main.o [1]
transferCallback        0x2000138c    0x4  Data  Gb  main.o [1]
transferErrorCount      0x20001380    0x4  Data  Gb  main.o [1]
turn                    0x20001370    0x4  Data  Gb  main.o [1]
ucpRx1Buffer            0x20001330   0x10  Data  Gb  rs485.o [1]
uwTick                  0x200013b4    0x4  Data  Gb  stm32f1xx_hal.o [1]
val                     0x20000000    0x4  Data  Lc  main.o [1]
value                   0x2000139c    0x4  Data  Gb  main.o [1]
writeErrorCount         0x20001384    0x4  Data  Gb  main.o [1]


[1] = F:\KWSA\sensors\Pyrometer\_Firmware\EWARM\MainController_DIY\Obj
[2] = command line
[3] = dl7M_tlf.a
[4] = m7M_tl.a
[5] = rt7M_tl.a
[6] = shb_l.a

  16 336 bytes of readonly  code memory
     208 bytes of readonly  data memory
   6 075 bytes of readwrite data memory

Errors: none
Warnings: none
